--------------------
./configure --prefix=/home/dev/Desktop/ClaraColour/python/crosstoolsng/zlib-armhf-install
dom 23 ago 2026 20:57:07 CEST
=== ztest1024601.c ===
extern int getchar();
int hello() {return getchar();}
===
arm-unknown-linux-gnueabihf-gcc -c ztest1024601.c
... using gcc

Checking for obsessive-compulsive compiler options...
=== ztest1024601.c ===
int foo() { return 0; }
===
arm-unknown-linux-gnueabihf-gcc -c -O3 ztest1024601.c

Checking for shared library support...
=== ztest1024601.c ===
extern int getchar();
int hello() {return getchar();}
===
arm-unknown-linux-gnueabihf-gcc -c -O3 -fPIC ztest1024601.c
arm-unknown-linux-gnueabihf-gcc -shared -Wl,-soname,libz.so.1,--version-script,zlib.map -O3 -fPIC -o ztest1024601.so ztest1024601.o
Building shared library libz.so.1.3.1 with arm-unknown-linux-gnueabihf-gcc.

=== ztest1024601.c ===
#include <stdio.h>
#include <stdlib.h>
size_t dummy = 0;
===
arm-unknown-linux-gnueabihf-gcc -c -O3 ztest1024601.c
Checking for size_t... Yes.

=== ztest1024601.c ===
#include <sys/types.h>
off64_t dummy = 0;
===
arm-unknown-linux-gnueabihf-gcc -c -O3 -D_LARGEFILE64_SOURCE=1 ztest1024601.c
Checking for off64_t... Yes.
Checking for fseeko... Yes.

=== ztest1024601.c ===
#include <string.h>
#include <errno.h>
int main() { return strlen(strerror(errno)); }
===
arm-unknown-linux-gnueabihf-gcc -O3 -D_LARGEFILE64_SOURCE=1 -o ztest1024601 ztest1024601.c
Checking for strerror... Yes.

=== ztest1024601.c ===
#include <unistd.h>
int main() { return 0; }
===
arm-unknown-linux-gnueabihf-gcc -c -O3 -D_LARGEFILE64_SOURCE=1 ztest1024601.c
Checking for unistd.h... Yes.

=== ztest1024601.c ===
#include <stdarg.h>
int main() { return 0; }
===
arm-unknown-linux-gnueabihf-gcc -c -O3 -D_LARGEFILE64_SOURCE=1 ztest1024601.c
Checking for stdarg.h... Yes.

=== ztest1024601.c ===
#include <stdio.h>
#include <stdarg.h>
#include "zconf.h"
int main()
{
#ifndef STDC
  choke me
#endif
  return 0;
}
===
arm-unknown-linux-gnueabihf-gcc -c -O3 -D_LARGEFILE64_SOURCE=1 ztest1024601.c
Checking whether to use vs[n]printf() or s[n]printf()... using vs[n]printf().

=== ztest1024601.c ===
#include <stdio.h>
#include <stdarg.h>
int mytest(const char *fmt, ...)
{
  char buf[20];
  va_list ap;
  va_start(ap, fmt);
  vsnprintf(buf, sizeof(buf), fmt, ap);
  va_end(ap);
  return 0;
}
int main()
{
  return (mytest("Hello%d\n", 1));
}
===
arm-unknown-linux-gnueabihf-gcc -O3 -D_LARGEFILE64_SOURCE=1 -o ztest1024601 ztest1024601.c
Checking for vsnprintf() in stdio.h... Yes.

=== ztest1024601.c ===
#include <stdio.h>
#include <stdarg.h>
int mytest(const char *fmt, ...)
{
  int n;
  char buf[20];
  va_list ap;
  va_start(ap, fmt);
  n = vsnprintf(buf, sizeof(buf), fmt, ap);
  va_end(ap);
  return n;
}
int main()
{
  return (mytest("Hello%d\n", 1));
}
===
arm-unknown-linux-gnueabihf-gcc -c -O3 -D_LARGEFILE64_SOURCE=1 ztest1024601.c
Checking for return value of vsnprintf()... Yes.

=== ztest1024601.c ===
#define ZLIB_INTERNAL __attribute__((visibility ("hidden")))
int ZLIB_INTERNAL foo;
int main()
{
  return 0;
}
===
arm-unknown-linux-gnueabihf-gcc -c -O3 -D_LARGEFILE64_SOURCE=1 ztest1024601.c
Checking for attribute(visibility) support... Yes.

ALL = static shared all64
AR = arm-unknown-linux-gnueabihf-ar
ARFLAGS = rc
CC = arm-unknown-linux-gnueabihf-gcc
CFLAGS = -O3 -D_LARGEFILE64_SOURCE=1 -DHAVE_HIDDEN
CPP =
EXE =
LDCONFIG = ldconfig
LDFLAGS =
LDSHARED = arm-unknown-linux-gnueabihf-gcc -shared -Wl,-soname,libz.so.1,--version-script,zlib.map
LDSHAREDLIBC = -lc
OBJC = $(OBJZ) $(OBJG)
PIC_OBJC = $(PIC_OBJZ) $(PIC_OBJG)
RANLIB = arm-unknown-linux-gnueabihf-ranlib
SFLAGS = -O3 -fPIC -D_LARGEFILE64_SOURCE=1 -DHAVE_HIDDEN
SHAREDLIB = libz.so
SHAREDLIBM = libz.so.1
SHAREDLIBV = libz.so.1.3.1
STATICLIB = libz.a
TEST = all teststatic testshared test64
VER = 1.3.1
SRCDIR =
exec_prefix = ${prefix}
includedir = ${prefix}/include
libdir = ${exec_prefix}/lib
mandir = ${prefix}/share/man
prefix = /home/dev/Desktop/ClaraColour/python/crosstoolsng/zlib-armhf-install
sharedlibdir = ${libdir}
uname = Linux
--------------------


