This file contains any messages produced by compilers while
running configure, to aid debugging if configure makes a mistake.

It was created by libxcb configure 1.16, which was
generated by GNU Autoconf 2.71.  Invocation command line was

  $ ./configure --host=arm-unknown-linux-gnueabihf --prefix=/home/dev/Desktop/ClaraColour/python/crosstoolsng/xcb-install --enable-shared --disable-static CC=arm-unknown-linux-gnueabihf-gcc CXX=arm-unknown-linux-gnueabihf-g++

## --------- ##
## Platform. ##
## --------- ##

hostname = host
uname -m = x86_64
uname -r = 6.12.101+deb13-amd64
uname -s = Linux
uname -v = #1 SMP PREEMPT_DYNAMIC Debian 6.12.101-1 (2026-08-05)

/usr/bin/uname -p = unknown
/bin/uname -X     = unknown

/bin/arch              = x86_64
/usr/bin/arch -k       = unknown
/usr/convex/getsysinfo = unknown
/usr/bin/hostinfo      = unknown
/bin/machine           = unknown
/usr/bin/oslevel       = unknown
/bin/universe          = unknown

PATH: /home/dev/x-tools/arm-unknown-linux-gnueabihf/bin/
PATH: /usr/local/bin/
PATH: /usr/bin/
PATH: /bin/
PATH: /usr/local/games/
PATH: /usr/games/
PATH: /snap/bin/
PATH: /home/dev/go/bin/


## ----------- ##
## Core tests. ##
## ----------- ##

configure:2708: looking for aux files: config.guess config.sub ltmain.sh compile missing install-sh
configure:2721:  trying ./build-aux/
configure:2750:   ./build-aux/config.guess found
configure:2750:   ./build-aux/config.sub found
configure:2750:   ./build-aux/ltmain.sh found
configure:2750:   ./build-aux/compile found
configure:2750:   ./build-aux/missing found
configure:2732:   ./build-aux/install-sh found
configure:2886: checking for a BSD-compatible install
configure:2959: result: /usr/bin/install -c
configure:2970: checking whether build environment is sane
configure:3025: result: yes
configure:3081: checking for arm-unknown-linux-gnueabihf-strip
configure:3102: found /home/dev/x-tools/arm-unknown-linux-gnueabihf/bin/arm-unknown-linux-gnueabihf-strip
configure:3113: result: arm-unknown-linux-gnueabihf-strip
configure:3184: checking for a race-free mkdir -p
configure:3228: result: /usr/bin/mkdir -p
configure:3235: checking for gawk
configure:3256: found /usr/bin/gawk
configure:3267: result: gawk
configure:3278: checking whether make sets $(MAKE)
configure:3301: result: yes
configure:3331: checking whether make supports nested variables
configure:3349: result: yes
configure:3521: checking for a Python interpreter with version >= 3.0
configure:3539: python -c import sys # split strings by '.' and convert to numeric. Append some zeros # because we need at least 4 digits for the hex conversion. # map returns an iterator in Python 3.0 and a list in 2.x minver = list(map(int, '3.0'.split('.'))) + [0, 0, 0] minverhex = 0 # xrange is not present in Python 3.0 and range returns an iterator for i in list(range(0, 4)): minverhex = (minverhex << 8) + minver[i] sys.exit(sys.hexversion < minverhex)
./configure: line 3540: python: command not found
configure:3542: $? = 127
configure:3539: python2 -c import sys # split strings by '.' and convert to numeric. Append some zeros # because we need at least 4 digits for the hex conversion. # map returns an iterator in Python 3.0 and a list in 2.x minver = list(map(int, '3.0'.split('.'))) + [0, 0, 0] minverhex = 0 # xrange is not present in Python 3.0 and range returns an iterator for i in list(range(0, 4)): minverhex = (minverhex << 8) + minver[i] sys.exit(sys.hexversion < minverhex)
./configure: line 3540: python2: command not found
configure:3542: $? = 127
configure:3539: python3 -c import sys # split strings by '.' and convert to numeric. Append some zeros # because we need at least 4 digits for the hex conversion. # map returns an iterator in Python 3.0 and a list in 2.x minver = list(map(int, '3.0'.split('.'))) + [0, 0, 0] minverhex = 0 # xrange is not present in Python 3.0 and range returns an iterator for i in list(range(0, 4)): minverhex = (minverhex << 8) + minver[i] sys.exit(sys.hexversion < minverhex)
configure:3542: $? = 0
configure:3549: result: python3
configure:3557: checking for python3
configure:3580: found /usr/bin/python3
configure:3592: result: /usr/bin/python3
configure:3609: checking for python3 version
configure:3617: result: 3.13
configure:3622: checking for python3 platform
configure:3630: result: linux
configure:3691: checking for GNU default python3 prefix
configure:3693: result: ${prefix}
configure:3759: checking for GNU default python3 exec_prefix
configure:3761: result: ${exec_prefix}
configure:3792: checking for python3 script directory (pythondir)
configure:3827: result: ${PYTHON_PREFIX}/local/lib/python3.13/dist-packages
configure:3835: checking for python3 extension module directory (pyexecdir)
configure:3870: result: ${PYTHON_EXEC_PREFIX}/local/lib/python3.13/dist-packages
configure:3898: checking whether make supports the include directive
configure:3913: make -f confmf.GNU && cat confinc.out
this is the am__doit target
configure:3916: $? = 0
configure:3935: result: yes (GNU style)
configure:3966: checking for arm-unknown-linux-gnueabihf-gcc
configure:3998: result: arm-unknown-linux-gnueabihf-gcc
configure:4396: checking for C compiler version
configure:4405: arm-unknown-linux-gnueabihf-gcc --version >&5
arm-unknown-linux-gnueabihf-gcc (crosstool-NG 1.29.0.3_2e5d0b8) 9.5.0
Copyright (C) 2019 Free Software Foundation, Inc.
This is free software; see the source for copying conditions.  There is NO
warranty; not even for MERCHANTABILITY or FITNESS FOR A PARTICULAR PURPOSE.

configure:4416: $? = 0
configure:4405: arm-unknown-linux-gnueabihf-gcc -v >&5
Using built-in specs.
COLLECT_GCC=arm-unknown-linux-gnueabihf-gcc
COLLECT_LTO_WRAPPER=/home/dev/x-tools/arm-unknown-linux-gnueabihf/libexec/gcc/arm-unknown-linux-gnueabihf/9.5.0/lto-wrapper
Target: arm-unknown-linux-gnueabihf
Configured with: /home/dev/Desktop/ClaraColour/python/crosstoolsng/crosstool-ng/.build/arm-unknown-linux-gnueabihf/src/gcc/configure --build=x86_64-build_pc-linux-gnu --host=x86_64-build_pc-linux-gnu --target=arm-unknown-linux-gnueabihf --prefix=/home/dev/x-tools/arm-unknown-linux-gnueabihf --exec_prefix=/home/dev/x-tools/arm-unknown-linux-gnueabihf --with-sysroot=/home/dev/x-tools/arm-unknown-linux-gnueabihf/arm-unknown-linux-gnueabihf/sysroot --enable-languages=c,c++ --with-arch=armv7-a --with-tune=cortex-a53 --with-fpu=neon-vfpv4 --with-float=hard --with-pkgversion='crosstool-NG 1.29.0.3_2e5d0b8' --enable-__cxa_atexit --disable-tm-clone-registry --disable-libmudflap --disable-libgomp --disable-libssp --disable-libquadmath --disable-libquadmath-support --disable-libsanitizer --disable-libmpx --with-gmp=/home/dev/Desktop/ClaraColour/python/crosstoolsng/crosstool-ng/.build/arm-unknown-linux-gnueabihf/buildtools --with-mpfr=/home/dev/Desktop/ClaraColour/python/crosstoolsng/crosstool-ng/.build/arm-unknown-linux-gnueabihf/buildtools --with-mpc=/home/dev/Desktop/ClaraColour/python/crosstoolsng/crosstool-ng/.build/arm-unknown-linux-gnueabihf/buildtools --with-isl=/home/dev/Desktop/ClaraColour/python/crosstoolsng/crosstool-ng/.build/arm-unknown-linux-gnueabihf/buildtools --enable-lto --without-zstd --enable-threads=posix --enable-target-optspace --disable-plugin --disable-nls --disable-multilib --with-local-prefix=/home/dev/x-tools/arm-unknown-linux-gnueabihf/arm-unknown-linux-gnueabihf/sysroot --enable-long-long
Thread model: posix
gcc version 9.5.0 (crosstool-NG 1.29.0.3_2e5d0b8) 
configure:4416: $? = 0
configure:4405: arm-unknown-linux-gnueabihf-gcc -V >&5
arm-unknown-linux-gnueabihf-gcc: error: unrecognized command line option '-V'
arm-unknown-linux-gnueabihf-gcc: fatal error: no input files
compilation terminated.
configure:4416: $? = 1
configure:4405: arm-unknown-linux-gnueabihf-gcc -qversion >&5
arm-unknown-linux-gnueabihf-gcc: error: unrecognized command line option '-qversion'; did you mean '--version'?
arm-unknown-linux-gnueabihf-gcc: fatal error: no input files
compilation terminated.
configure:4416: $? = 1
configure:4405: arm-unknown-linux-gnueabihf-gcc -version >&5
arm-unknown-linux-gnueabihf-gcc: error: unrecognized command line option '-version'
arm-unknown-linux-gnueabihf-gcc: fatal error: no input files
compilation terminated.
configure:4416: $? = 1
configure:4436: checking whether the C compiler works
configure:4458: arm-unknown-linux-gnueabihf-gcc    conftest.c  >&5
configure:4462: $? = 0
configure:4512: result: yes
configure:4515: checking for C compiler default output file name
configure:4517: result: a.out
configure:4523: checking for suffix of executables
configure:4530: arm-unknown-linux-gnueabihf-gcc -o conftest    conftest.c  >&5
configure:4534: $? = 0
configure:4557: result: 
configure:4579: checking whether we are cross compiling
configure:4587: arm-unknown-linux-gnueabihf-gcc -o conftest    conftest.c  >&5
configure:4591: $? = 0
configure:4598: ./conftest
./configure: line 4600: ./conftest: cannot execute binary file: Exec format error
configure:4602: $? = 126
configure:4617: result: yes
configure:4622: checking for suffix of object files
configure:4645: arm-unknown-linux-gnueabihf-gcc -c   conftest.c >&5
configure:4649: $? = 0
configure:4671: result: o
configure:4675: checking whether the compiler supports GNU C
configure:4695: arm-unknown-linux-gnueabihf-gcc -c   conftest.c >&5
configure:4695: $? = 0
configure:4705: result: yes
configure:4716: checking whether arm-unknown-linux-gnueabihf-gcc accepts -g
configure:4737: arm-unknown-linux-gnueabihf-gcc -c -g  conftest.c >&5
configure:4737: $? = 0
configure:4781: result: yes
configure:4801: checking for arm-unknown-linux-gnueabihf-gcc option to enable C11 features
configure:4816: arm-unknown-linux-gnueabihf-gcc  -c -g -O2  conftest.c >&5
configure:4816: $? = 0
configure:4834: result: none needed
configure:4950: checking whether arm-unknown-linux-gnueabihf-gcc understands -c and -o together
configure:4973: arm-unknown-linux-gnueabihf-gcc -c conftest.c -o conftest2.o
configure:4976: $? = 0
configure:4973: arm-unknown-linux-gnueabihf-gcc -c conftest.c -o conftest2.o
configure:4976: $? = 0
configure:4988: result: yes
configure:5007: checking dependency style of arm-unknown-linux-gnueabihf-gcc
configure:5119: result: gcc3
configure:5139: checking for stdio.h
configure:5139: arm-unknown-linux-gnueabihf-gcc -c -g -O2  conftest.c >&5
configure:5139: $? = 0
configure:5139: result: yes
configure:5139: checking for stdlib.h
configure:5139: arm-unknown-linux-gnueabihf-gcc -c -g -O2  conftest.c >&5
configure:5139: $? = 0
configure:5139: result: yes
configure:5139: checking for string.h
configure:5139: arm-unknown-linux-gnueabihf-gcc -c -g -O2  conftest.c >&5
configure:5139: $? = 0
configure:5139: result: yes
configure:5139: checking for inttypes.h
configure:5139: arm-unknown-linux-gnueabihf-gcc -c -g -O2  conftest.c >&5
configure:5139: $? = 0
configure:5139: result: yes
configure:5139: checking for stdint.h
configure:5139: arm-unknown-linux-gnueabihf-gcc -c -g -O2  conftest.c >&5
configure:5139: $? = 0
configure:5139: result: yes
configure:5139: checking for strings.h
configure:5139: arm-unknown-linux-gnueabihf-gcc -c -g -O2  conftest.c >&5
configure:5139: $? = 0
configure:5139: result: yes
configure:5139: checking for sys/stat.h
configure:5139: arm-unknown-linux-gnueabihf-gcc -c -g -O2  conftest.c >&5
configure:5139: $? = 0
configure:5139: result: yes
configure:5139: checking for sys/types.h
configure:5139: arm-unknown-linux-gnueabihf-gcc -c -g -O2  conftest.c >&5
configure:5139: $? = 0
configure:5139: result: yes
configure:5139: checking for unistd.h
configure:5139: arm-unknown-linux-gnueabihf-gcc -c -g -O2  conftest.c >&5
configure:5139: $? = 0
configure:5139: result: yes
configure:5139: checking for wchar.h
configure:5139: arm-unknown-linux-gnueabihf-gcc -c -g -O2  conftest.c >&5
configure:5139: $? = 0
configure:5139: result: yes
configure:5139: checking for minix/config.h
configure:5139: arm-unknown-linux-gnueabihf-gcc -c -g -O2  conftest.c >&5
conftest.c:49:10: fatal error: minix/config.h: No such file or directory
   49 | #include <minix/config.h>
      |          ^~~~~~~~~~~~~~~~
compilation terminated.
configure:5139: $? = 1
configure: failed program was:
| /* confdefs.h */
| #define PACKAGE_NAME "libxcb"
| #define PACKAGE_TARNAME "libxcb"
| #define PACKAGE_VERSION "1.16"
| #define PACKAGE_STRING "libxcb 1.16"
| #define PACKAGE_BUGREPORT "https://gitlab.freedesktop.org/xorg/lib/libxcb/issues"
| #define PACKAGE_URL ""
| #define PACKAGE "libxcb"
| #define VERSION "1.16"
| #define HAVE_STDIO_H 1
| #define HAVE_STDLIB_H 1
| #define HAVE_STRING_H 1
| #define HAVE_INTTYPES_H 1
| #define HAVE_STDINT_H 1
| #define HAVE_STRINGS_H 1
| #define HAVE_SYS_STAT_H 1
| #define HAVE_SYS_TYPES_H 1
| #define HAVE_UNISTD_H 1
| #define HAVE_WCHAR_H 1
| /* end confdefs.h.  */
| #include <stddef.h>
| #ifdef HAVE_STDIO_H
| # include <stdio.h>
| #endif
| #ifdef HAVE_STDLIB_H
| # include <stdlib.h>
| #endif
| #ifdef HAVE_STRING_H
| # include <string.h>
| #endif
| #ifdef HAVE_INTTYPES_H
| # include <inttypes.h>
| #endif
| #ifdef HAVE_STDINT_H
| # include <stdint.h>
| #endif
| #ifdef HAVE_STRINGS_H
| # include <strings.h>
| #endif
| #ifdef HAVE_SYS_TYPES_H
| # include <sys/types.h>
| #endif
| #ifdef HAVE_SYS_STAT_H
| # include <sys/stat.h>
| #endif
| #ifdef HAVE_UNISTD_H
| # include <unistd.h>
| #endif
| #include <minix/config.h>
configure:5139: result: no
configure:5170: checking whether it is safe to define __EXTENSIONS__
configure:5189: arm-unknown-linux-gnueabihf-gcc -c -g -O2  conftest.c >&5
configure:5189: $? = 0
configure:5197: result: yes
configure:5200: checking whether _XOPEN_SOURCE should be defined
configure:5222: arm-unknown-linux-gnueabihf-gcc -c -g -O2  conftest.c >&5
configure:5222: $? = 0
configure:5249: result: no
configure:5340: checking build system type
configure:5355: result: x86_64-pc-linux-gnu
configure:5375: checking host system type
configure:5389: result: arm-unknown-linux-gnueabihf
configure:5430: checking how to print strings
configure:5457: result: printf
configure:5478: checking for a sed that does not truncate output
configure:5548: result: /usr/bin/sed
configure:5566: checking for grep that handles long lines and -e
configure:5630: result: /usr/bin/grep
configure:5635: checking for egrep
configure:5703: result: /usr/bin/grep -E
configure:5708: checking for fgrep
configure:5776: result: /usr/bin/grep -F
configure:5812: checking for ld used by arm-unknown-linux-gnueabihf-gcc
configure:5880: result: /home/dev/x-tools/arm-unknown-linux-gnueabihf/arm-unknown-linux-gnueabihf/bin/ld
configure:5887: checking if the linker (/home/dev/x-tools/arm-unknown-linux-gnueabihf/arm-unknown-linux-gnueabihf/bin/ld) is GNU ld
configure:5903: result: yes
configure:5915: checking for BSD- or MS-compatible name lister (nm)
configure:5970: result: /home/dev/x-tools/arm-unknown-linux-gnueabihf/bin/arm-unknown-linux-gnueabihf-nm -B
configure:6110: checking the name lister (/home/dev/x-tools/arm-unknown-linux-gnueabihf/bin/arm-unknown-linux-gnueabihf-nm -B) interface
configure:6118: arm-unknown-linux-gnueabihf-gcc -c -g -O2  conftest.c >&5
configure:6121: /home/dev/x-tools/arm-unknown-linux-gnueabihf/bin/arm-unknown-linux-gnueabihf-nm -B "conftest.o"
configure:6124: output
00000000 B some_variable
configure:6131: result: BSD nm
configure:6134: checking whether ln -s works
configure:6138: result: yes
configure:6146: checking the maximum length of command line arguments
configure:6283: result: 1572864
configure:6331: checking how to convert x86_64-pc-linux-gnu file names to arm-unknown-linux-gnueabihf format
configure:6372: result: func_convert_file_noop
configure:6379: checking how to convert x86_64-pc-linux-gnu file names to toolchain format
configure:6400: result: func_convert_file_noop
configure:6407: checking for /home/dev/x-tools/arm-unknown-linux-gnueabihf/arm-unknown-linux-gnueabihf/bin/ld option to reload object files
configure:6415: result: -r
configure:6449: checking for arm-unknown-linux-gnueabihf-file
configure:6484: result: no
configure:6494: checking for file
configure:6515: found /usr/bin/file
configure:6526: result: file
configure:6538: WARNING: using cross tools not prefixed with host triplet
configure:6557: checking for arm-unknown-linux-gnueabihf-objdump
configure:6578: found /home/dev/x-tools/arm-unknown-linux-gnueabihf/bin/arm-unknown-linux-gnueabihf-objdump
configure:6589: result: arm-unknown-linux-gnueabihf-objdump
configure:6663: checking how to recognize dependent libraries
configure:6864: result: pass_all
configure:6909: checking for arm-unknown-linux-gnueabihf-dlltool
configure:6944: result: no
configure:6954: checking for dlltool
configure:6989: result: no
configure:7016: checking how to associate runtime and link libraries
configure:7044: result: printf %s\n
configure:7060: checking for arm-unknown-linux-gnueabihf-ar
configure:7092: result: arm-unknown-linux-gnueabihf-ar
configure:7194: checking for archiver @FILE support
configure:7212: arm-unknown-linux-gnueabihf-gcc -c -g -O2  conftest.c >&5
configure:7212: $? = 0
configure:7216: arm-unknown-linux-gnueabihf-ar cr libconftest.a @conftest.lst >&5
configure:7219: $? = 0
configure:7224: arm-unknown-linux-gnueabihf-ar cr libconftest.a @conftest.lst >&5
arm-unknown-linux-gnueabihf-ar: conftest.o: No such file or directory
configure:7227: $? = 1
configure:7239: result: @
configure:7257: checking for arm-unknown-linux-gnueabihf-strip
configure:7289: result: arm-unknown-linux-gnueabihf-strip
configure:7366: checking for arm-unknown-linux-gnueabihf-ranlib
configure:7398: result: arm-unknown-linux-gnueabihf-ranlib
configure:7545: checking command to parse /home/dev/x-tools/arm-unknown-linux-gnueabihf/bin/arm-unknown-linux-gnueabihf-nm -B output from arm-unknown-linux-gnueabihf-gcc object
configure:7699: arm-unknown-linux-gnueabihf-gcc -c -g -O2  conftest.c >&5
configure:7702: $? = 0
configure:7706: /home/dev/x-tools/arm-unknown-linux-gnueabihf/bin/arm-unknown-linux-gnueabihf-nm -B conftest.o \| /usr/bin/sed -n -e 's/^.*[ ]\([ABCDGIRSTW][ABCDGIRSTW]*\)[ ][ ]*\([_A-Za-z][_A-Za-z0-9]*\)$/\1 \2 \2/p' | /usr/bin/sed '/ __gnu_lto/d' \> conftest.nm
configure:7709: $? = 0
configure:7775: arm-unknown-linux-gnueabihf-gcc -o conftest -g -O2   conftest.c conftstm.o >&5
configure:7778: $? = 0
configure:7816: result: ok
configure:7863: checking for sysroot
configure:7894: result: no
configure:7901: checking for a working dd
configure:7945: result: /usr/bin/dd
configure:7949: checking how to truncate binary pipes
configure:7965: result: /usr/bin/dd bs=4096 count=1
configure:8257: checking for arm-unknown-linux-gnueabihf-mt
configure:8292: result: no
configure:8302: checking for mt
configure:8323: found /usr/bin/mt
configure:8334: result: mt
configure:8357: checking if mt is a manifest tool
configure:8364: mt '-?'
configure:8372: result: no
configure:9093: checking for dlfcn.h
configure:9093: arm-unknown-linux-gnueabihf-gcc -c -g -O2  conftest.c >&5
configure:9093: $? = 0
configure:9093: result: yes
configure:9680: checking for objdir
configure:9696: result: .libs
configure:9960: checking if arm-unknown-linux-gnueabihf-gcc supports -fno-rtti -fno-exceptions
configure:9979: arm-unknown-linux-gnueabihf-gcc -c -g -O2  -fno-rtti -fno-exceptions conftest.c >&5
cc1: warning: command line option '-fno-rtti' is valid for C++/D/ObjC++ but not for C
configure:9983: $? = 0
configure:9996: result: no
configure:10354: checking for arm-unknown-linux-gnueabihf-gcc option to produce PIC
configure:10362: result: -fPIC -DPIC
configure:10370: checking if arm-unknown-linux-gnueabihf-gcc PIC flag -fPIC -DPIC works
configure:10389: arm-unknown-linux-gnueabihf-gcc -c -g -O2  -fPIC -DPIC -DPIC conftest.c >&5
configure:10393: $? = 0
configure:10406: result: yes
configure:10435: checking if arm-unknown-linux-gnueabihf-gcc static flag -static works
configure:10464: result: yes
configure:10479: checking if arm-unknown-linux-gnueabihf-gcc supports -c -o file.o
configure:10501: arm-unknown-linux-gnueabihf-gcc -c -g -O2  -o out/conftest2.o conftest.c >&5
configure:10505: $? = 0
configure:10527: result: yes
configure:10535: checking if arm-unknown-linux-gnueabihf-gcc supports -c -o file.o
configure:10583: result: yes
configure:10616: checking whether the arm-unknown-linux-gnueabihf-gcc linker (/home/dev/x-tools/arm-unknown-linux-gnueabihf/arm-unknown-linux-gnueabihf/bin/ld) supports shared libraries
configure:11884: result: yes
configure:11921: checking whether -lc should be explicitly linked in
configure:11930: arm-unknown-linux-gnueabihf-gcc -c -g -O2  conftest.c >&5
configure:11933: $? = 0
configure:11948: arm-unknown-linux-gnueabihf-gcc -shared  -fPIC -DPIC conftest.o  -v -Wl,-soname -Wl,conftest -o conftest 2\>\&1 \| /usr/bin/grep  -lc  \>/dev/null 2\>\&1
configure:11951: $? = 0
configure:11965: result: no
configure:12125: checking dynamic linker characteristics
configure:12720: arm-unknown-linux-gnueabihf-gcc -o conftest -g -O2   -Wl,-rpath -Wl,/foo conftest.c  >&5
configure:12720: $? = 0
configure:12959: result: GNU/Linux ld.so
configure:13081: checking how to hardcode library paths into programs
configure:13106: result: immediate
configure:13688: checking whether stripping libraries is possible
configure:13697: result: yes
configure:13739: checking if libtool supports shared libraries
configure:13741: result: yes
configure:13744: checking whether to build shared libraries
configure:13769: result: yes
configure:13772: checking whether to build static libraries
configure:13776: result: no
configure:13826: checking for arm-unknown-linux-gnueabihf-gcc options needed to detect all undeclared functions
configure:13848: arm-unknown-linux-gnueabihf-gcc -c -g -O2   conftest.c >&5
conftest.c: In function 'main':
conftest.c:44:8: error: 'strchr' undeclared (first use in this function)
   44 | (void) strchr;
      |        ^~~~~~
conftest.c:1:1: note: 'strchr' is defined in header '<string.h>'; did you forget to '#include <string.h>'?
    1 | /* confdefs.h */
conftest.c:44:8: note: each undeclared identifier is reported only once for each function it appears in
   44 | (void) strchr;
      |        ^~~~~~
configure:13848: $? = 1
configure: failed program was:
| /* confdefs.h */
| #define PACKAGE_NAME "libxcb"
| #define PACKAGE_TARNAME "libxcb"
| #define PACKAGE_VERSION "1.16"
| #define PACKAGE_STRING "libxcb 1.16"
| #define PACKAGE_BUGREPORT "https://gitlab.freedesktop.org/xorg/lib/libxcb/issues"
| #define PACKAGE_URL ""
| #define PACKAGE "libxcb"
| #define VERSION "1.16"
| #define HAVE_STDIO_H 1
| #define HAVE_STDLIB_H 1
| #define HAVE_STRING_H 1
| #define HAVE_INTTYPES_H 1
| #define HAVE_STDINT_H 1
| #define HAVE_STRINGS_H 1
| #define HAVE_SYS_STAT_H 1
| #define HAVE_SYS_TYPES_H 1
| #define HAVE_UNISTD_H 1
| #define HAVE_WCHAR_H 1
| #define STDC_HEADERS 1
| #define _ALL_SOURCE 1
| #define _DARWIN_C_SOURCE 1
| #define _GNU_SOURCE 1
| #define _HPUX_ALT_XOPEN_SOCKET_API 1
| #define _NETBSD_SOURCE 1
| #define _OPENBSD_SOURCE 1
| #define _POSIX_PTHREAD_SEMANTICS 1
| #define __STDC_WANT_IEC_60559_ATTRIBS_EXT__ 1
| #define __STDC_WANT_IEC_60559_BFP_EXT__ 1
| #define __STDC_WANT_IEC_60559_DFP_EXT__ 1
| #define __STDC_WANT_IEC_60559_FUNCS_EXT__ 1
| #define __STDC_WANT_IEC_60559_TYPES_EXT__ 1
| #define __STDC_WANT_LIB_EXT2__ 1
| #define __STDC_WANT_MATH_SPEC_FUNCS__ 1
| #define _TANDEM_SOURCE 1
| #define __EXTENSIONS__ 1
| #define HAVE_DLFCN_H 1
| #define LT_OBJDIR ".libs/"
| /* end confdefs.h.  */
| 
| int
| main (void)
| {
| (void) strchr;
|   ;
|   return 0;
| }
configure:13875: arm-unknown-linux-gnueabihf-gcc -c -g -O2   conftest.c >&5
configure:13875: $? = 0
configure:13892: result: none needed
configure:13910: checking whether __clang__ is declared
configure:13910: arm-unknown-linux-gnueabihf-gcc -c -g -O2   conftest.c >&5
conftest.c: In function 'main':
conftest.c:75:10: error: '__clang__' undeclared (first use in this function)
   75 |   (void) __clang__;
      |          ^~~~~~~~~
conftest.c:75:10: note: each undeclared identifier is reported only once for each function it appears in
configure:13910: $? = 1
configure: failed program was:
| /* confdefs.h */
| #define PACKAGE_NAME "libxcb"
| #define PACKAGE_TARNAME "libxcb"
| #define PACKAGE_VERSION "1.16"
| #define PACKAGE_STRING "libxcb 1.16"
| #define PACKAGE_BUGREPORT "https://gitlab.freedesktop.org/xorg/lib/libxcb/issues"
| #define PACKAGE_URL ""
| #define PACKAGE "libxcb"
| #define VERSION "1.16"
| #define HAVE_STDIO_H 1
| #define HAVE_STDLIB_H 1
| #define HAVE_STRING_H 1
| #define HAVE_INTTYPES_H 1
| #define HAVE_STDINT_H 1
| #define HAVE_STRINGS_H 1
| #define HAVE_SYS_STAT_H 1
| #define HAVE_SYS_TYPES_H 1
| #define HAVE_UNISTD_H 1
| #define HAVE_WCHAR_H 1
| #define STDC_HEADERS 1
| #define _ALL_SOURCE 1
| #define _DARWIN_C_SOURCE 1
| #define _GNU_SOURCE 1
| #define _HPUX_ALT_XOPEN_SOCKET_API 1
| #define _NETBSD_SOURCE 1
| #define _OPENBSD_SOURCE 1
| #define _POSIX_PTHREAD_SEMANTICS 1
| #define __STDC_WANT_IEC_60559_ATTRIBS_EXT__ 1
| #define __STDC_WANT_IEC_60559_BFP_EXT__ 1
| #define __STDC_WANT_IEC_60559_DFP_EXT__ 1
| #define __STDC_WANT_IEC_60559_FUNCS_EXT__ 1
| #define __STDC_WANT_IEC_60559_TYPES_EXT__ 1
| #define __STDC_WANT_LIB_EXT2__ 1
| #define __STDC_WANT_MATH_SPEC_FUNCS__ 1
| #define _TANDEM_SOURCE 1
| #define __EXTENSIONS__ 1
| #define HAVE_DLFCN_H 1
| #define LT_OBJDIR ".libs/"
| /* end confdefs.h.  */
| #include <stddef.h>
| #ifdef HAVE_STDIO_H
| # include <stdio.h>
| #endif
| #ifdef HAVE_STDLIB_H
| # include <stdlib.h>
| #endif
| #ifdef HAVE_STRING_H
| # include <string.h>
| #endif
| #ifdef HAVE_INTTYPES_H
| # include <inttypes.h>
| #endif
| #ifdef HAVE_STDINT_H
| # include <stdint.h>
| #endif
| #ifdef HAVE_STRINGS_H
| # include <strings.h>
| #endif
| #ifdef HAVE_SYS_TYPES_H
| # include <sys/types.h>
| #endif
| #ifdef HAVE_SYS_STAT_H
| # include <sys/stat.h>
| #endif
| #ifdef HAVE_UNISTD_H
| # include <unistd.h>
| #endif
| int
| main (void)
| {
| #ifndef __clang__
| #ifdef __cplusplus
|   (void) __clang__;
| #else
|   (void) __clang__;
| #endif
| #endif
| 
|   ;
|   return 0;
| }
configure:13910: result: no
configure:13917: checking whether __INTEL_COMPILER is declared
configure:13917: arm-unknown-linux-gnueabihf-gcc -c -g -O2   conftest.c >&5
conftest.c: In function 'main':
conftest.c:75:10: error: '__INTEL_COMPILER' undeclared (first use in this function)
   75 |   (void) __INTEL_COMPILER;
      |          ^~~~~~~~~~~~~~~~
conftest.c:75:10: note: each undeclared identifier is reported only once for each function it appears in
configure:13917: $? = 1
configure: failed program was:
| /* confdefs.h */
| #define PACKAGE_NAME "libxcb"
| #define PACKAGE_TARNAME "libxcb"
| #define PACKAGE_VERSION "1.16"
| #define PACKAGE_STRING "libxcb 1.16"
| #define PACKAGE_BUGREPORT "https://gitlab.freedesktop.org/xorg/lib/libxcb/issues"
| #define PACKAGE_URL ""
| #define PACKAGE "libxcb"
| #define VERSION "1.16"
| #define HAVE_STDIO_H 1
| #define HAVE_STDLIB_H 1
| #define HAVE_STRING_H 1
| #define HAVE_INTTYPES_H 1
| #define HAVE_STDINT_H 1
| #define HAVE_STRINGS_H 1
| #define HAVE_SYS_STAT_H 1
| #define HAVE_SYS_TYPES_H 1
| #define HAVE_UNISTD_H 1
| #define HAVE_WCHAR_H 1
| #define STDC_HEADERS 1
| #define _ALL_SOURCE 1
| #define _DARWIN_C_SOURCE 1
| #define _GNU_SOURCE 1
| #define _HPUX_ALT_XOPEN_SOCKET_API 1
| #define _NETBSD_SOURCE 1
| #define _OPENBSD_SOURCE 1
| #define _POSIX_PTHREAD_SEMANTICS 1
| #define __STDC_WANT_IEC_60559_ATTRIBS_EXT__ 1
| #define __STDC_WANT_IEC_60559_BFP_EXT__ 1
| #define __STDC_WANT_IEC_60559_DFP_EXT__ 1
| #define __STDC_WANT_IEC_60559_FUNCS_EXT__ 1
| #define __STDC_WANT_IEC_60559_TYPES_EXT__ 1
| #define __STDC_WANT_LIB_EXT2__ 1
| #define __STDC_WANT_MATH_SPEC_FUNCS__ 1
| #define _TANDEM_SOURCE 1
| #define __EXTENSIONS__ 1
| #define HAVE_DLFCN_H 1
| #define LT_OBJDIR ".libs/"
| /* end confdefs.h.  */
| #include <stddef.h>
| #ifdef HAVE_STDIO_H
| # include <stdio.h>
| #endif
| #ifdef HAVE_STDLIB_H
| # include <stdlib.h>
| #endif
| #ifdef HAVE_STRING_H
| # include <string.h>
| #endif
| #ifdef HAVE_INTTYPES_H
| # include <inttypes.h>
| #endif
| #ifdef HAVE_STDINT_H
| # include <stdint.h>
| #endif
| #ifdef HAVE_STRINGS_H
| # include <strings.h>
| #endif
| #ifdef HAVE_SYS_TYPES_H
| # include <sys/types.h>
| #endif
| #ifdef HAVE_SYS_STAT_H
| # include <sys/stat.h>
| #endif
| #ifdef HAVE_UNISTD_H
| # include <unistd.h>
| #endif
| int
| main (void)
| {
| #ifndef __INTEL_COMPILER
| #ifdef __cplusplus
|   (void) __INTEL_COMPILER;
| #else
|   (void) __INTEL_COMPILER;
| #endif
| #endif
| 
|   ;
|   return 0;
| }
configure:13917: result: no
configure:13924: checking whether __SUNPRO_C is declared
configure:13924: arm-unknown-linux-gnueabihf-gcc -c -g -O2   conftest.c >&5
conftest.c: In function 'main':
conftest.c:75:10: error: '__SUNPRO_C' undeclared (first use in this function)
   75 |   (void) __SUNPRO_C;
      |          ^~~~~~~~~~
conftest.c:75:10: note: each undeclared identifier is reported only once for each function it appears in
configure:13924: $? = 1
configure: failed program was:
| /* confdefs.h */
| #define PACKAGE_NAME "libxcb"
| #define PACKAGE_TARNAME "libxcb"
| #define PACKAGE_VERSION "1.16"
| #define PACKAGE_STRING "libxcb 1.16"
| #define PACKAGE_BUGREPORT "https://gitlab.freedesktop.org/xorg/lib/libxcb/issues"
| #define PACKAGE_URL ""
| #define PACKAGE "libxcb"
| #define VERSION "1.16"
| #define HAVE_STDIO_H 1
| #define HAVE_STDLIB_H 1
| #define HAVE_STRING_H 1
| #define HAVE_INTTYPES_H 1
| #define HAVE_STDINT_H 1
| #define HAVE_STRINGS_H 1
| #define HAVE_SYS_STAT_H 1
| #define HAVE_SYS_TYPES_H 1
| #define HAVE_UNISTD_H 1
| #define HAVE_WCHAR_H 1
| #define STDC_HEADERS 1
| #define _ALL_SOURCE 1
| #define _DARWIN_C_SOURCE 1
| #define _GNU_SOURCE 1
| #define _HPUX_ALT_XOPEN_SOCKET_API 1
| #define _NETBSD_SOURCE 1
| #define _OPENBSD_SOURCE 1
| #define _POSIX_PTHREAD_SEMANTICS 1
| #define __STDC_WANT_IEC_60559_ATTRIBS_EXT__ 1
| #define __STDC_WANT_IEC_60559_BFP_EXT__ 1
| #define __STDC_WANT_IEC_60559_DFP_EXT__ 1
| #define __STDC_WANT_IEC_60559_FUNCS_EXT__ 1
| #define __STDC_WANT_IEC_60559_TYPES_EXT__ 1
| #define __STDC_WANT_LIB_EXT2__ 1
| #define __STDC_WANT_MATH_SPEC_FUNCS__ 1
| #define _TANDEM_SOURCE 1
| #define __EXTENSIONS__ 1
| #define HAVE_DLFCN_H 1
| #define LT_OBJDIR ".libs/"
| /* end confdefs.h.  */
| #include <stddef.h>
| #ifdef HAVE_STDIO_H
| # include <stdio.h>
| #endif
| #ifdef HAVE_STDLIB_H
| # include <stdlib.h>
| #endif
| #ifdef HAVE_STRING_H
| # include <string.h>
| #endif
| #ifdef HAVE_INTTYPES_H
| # include <inttypes.h>
| #endif
| #ifdef HAVE_STDINT_H
| # include <stdint.h>
| #endif
| #ifdef HAVE_STRINGS_H
| # include <strings.h>
| #endif
| #ifdef HAVE_SYS_TYPES_H
| # include <sys/types.h>
| #endif
| #ifdef HAVE_SYS_STAT_H
| # include <sys/stat.h>
| #endif
| #ifdef HAVE_UNISTD_H
| # include <unistd.h>
| #endif
| int
| main (void)
| {
| #ifndef __SUNPRO_C
| #ifdef __cplusplus
|   (void) __SUNPRO_C;
| #else
|   (void) __SUNPRO_C;
| #endif
| #endif
| 
|   ;
|   return 0;
| }
configure:13924: result: no
configure:13943: checking for arm-unknown-linux-gnueabihf-pkg-config
configure:13981: result: no
configure:13991: checking for pkg-config
configure:14014: found /usr/bin/pkg-config
configure:14026: result: /usr/bin/pkg-config
configure:14051: checking pkg-config is at least version 0.9.0
configure:14054: result: yes
configure:14104: checking if arm-unknown-linux-gnueabihf-gcc supports -Werror=unknown-warning-option
configure:14114: arm-unknown-linux-gnueabihf-gcc -c -g -O2 -Werror=unknown-warning-option  conftest.c >&5
cc1: error: '-Werror=unknown-warning-option': no option -Wunknown-warning-option
configure:14114: $? = 1
configure: failed program was:
| /* confdefs.h */
| #define PACKAGE_NAME "libxcb"
| #define PACKAGE_TARNAME "libxcb"
| #define PACKAGE_VERSION "1.16"
| #define PACKAGE_STRING "libxcb 1.16"
| #define PACKAGE_BUGREPORT "https://gitlab.freedesktop.org/xorg/lib/libxcb/issues"
| #define PACKAGE_URL ""
| #define PACKAGE "libxcb"
| #define VERSION "1.16"
| #define HAVE_STDIO_H 1
| #define HAVE_STDLIB_H 1
| #define HAVE_STRING_H 1
| #define HAVE_INTTYPES_H 1
| #define HAVE_STDINT_H 1
| #define HAVE_STRINGS_H 1
| #define HAVE_SYS_STAT_H 1
| #define HAVE_SYS_TYPES_H 1
| #define HAVE_UNISTD_H 1
| #define HAVE_WCHAR_H 1
| #define STDC_HEADERS 1
| #define _ALL_SOURCE 1
| #define _DARWIN_C_SOURCE 1
| #define _GNU_SOURCE 1
| #define _HPUX_ALT_XOPEN_SOCKET_API 1
| #define _NETBSD_SOURCE 1
| #define _OPENBSD_SOURCE 1
| #define _POSIX_PTHREAD_SEMANTICS 1
| #define __STDC_WANT_IEC_60559_ATTRIBS_EXT__ 1
| #define __STDC_WANT_IEC_60559_BFP_EXT__ 1
| #define __STDC_WANT_IEC_60559_DFP_EXT__ 1
| #define __STDC_WANT_IEC_60559_FUNCS_EXT__ 1
| #define __STDC_WANT_IEC_60559_TYPES_EXT__ 1
| #define __STDC_WANT_LIB_EXT2__ 1
| #define __STDC_WANT_MATH_SPEC_FUNCS__ 1
| #define _TANDEM_SOURCE 1
| #define __EXTENSIONS__ 1
| #define HAVE_DLFCN_H 1
| #define LT_OBJDIR ".libs/"
| /* end confdefs.h.  */
| int i;
configure:14122: result: no
configure:14133: checking if arm-unknown-linux-gnueabihf-gcc supports -Werror=unused-command-line-argument
configure:14143: arm-unknown-linux-gnueabihf-gcc -c -g -O2 -Werror=unused-command-line-argument  conftest.c >&5
cc1: error: '-Werror=unused-command-line-argument': no option -Wunused-command-line-argument
configure:14143: $? = 1
configure: failed program was:
| /* confdefs.h */
| #define PACKAGE_NAME "libxcb"
| #define PACKAGE_TARNAME "libxcb"
| #define PACKAGE_VERSION "1.16"
| #define PACKAGE_STRING "libxcb 1.16"
| #define PACKAGE_BUGREPORT "https://gitlab.freedesktop.org/xorg/lib/libxcb/issues"
| #define PACKAGE_URL ""
| #define PACKAGE "libxcb"
| #define VERSION "1.16"
| #define HAVE_STDIO_H 1
| #define HAVE_STDLIB_H 1
| #define HAVE_STRING_H 1
| #define HAVE_INTTYPES_H 1
| #define HAVE_STDINT_H 1
| #define HAVE_STRINGS_H 1
| #define HAVE_SYS_STAT_H 1
| #define HAVE_SYS_TYPES_H 1
| #define HAVE_UNISTD_H 1
| #define HAVE_WCHAR_H 1
| #define STDC_HEADERS 1
| #define _ALL_SOURCE 1
| #define _DARWIN_C_SOURCE 1
| #define _GNU_SOURCE 1
| #define _HPUX_ALT_XOPEN_SOCKET_API 1
| #define _NETBSD_SOURCE 1
| #define _OPENBSD_SOURCE 1
| #define _POSIX_PTHREAD_SEMANTICS 1
| #define __STDC_WANT_IEC_60559_ATTRIBS_EXT__ 1
| #define __STDC_WANT_IEC_60559_BFP_EXT__ 1
| #define __STDC_WANT_IEC_60559_DFP_EXT__ 1
| #define __STDC_WANT_IEC_60559_FUNCS_EXT__ 1
| #define __STDC_WANT_IEC_60559_TYPES_EXT__ 1
| #define __STDC_WANT_LIB_EXT2__ 1
| #define __STDC_WANT_MATH_SPEC_FUNCS__ 1
| #define _TANDEM_SOURCE 1
| #define __EXTENSIONS__ 1
| #define HAVE_DLFCN_H 1
| #define LT_OBJDIR ".libs/"
| /* end confdefs.h.  */
| int i;
configure:14151: result: no
configure:14170: checking if arm-unknown-linux-gnueabihf-gcc supports -Wall
configure:14188: arm-unknown-linux-gnueabihf-gcc -o conftest -g -O2 -Wall   conftest.c  >&5
configure:14188: $? = 0
configure:14202: result: yes
configure:14294: checking if arm-unknown-linux-gnueabihf-gcc supports -Wpointer-arith
configure:14312: arm-unknown-linux-gnueabihf-gcc -o conftest -g -O2 -Wpointer-arith   conftest.c  >&5
configure:14312: $? = 0
configure:14326: result: yes
configure:14418: checking if arm-unknown-linux-gnueabihf-gcc supports -Wmissing-declarations
configure:14436: arm-unknown-linux-gnueabihf-gcc -o conftest -g -O2 -Wmissing-declarations   conftest.c  >&5
configure:14436: $? = 0
configure:14450: result: yes
configure:14542: checking if arm-unknown-linux-gnueabihf-gcc supports -Wformat=2
configure:14560: arm-unknown-linux-gnueabihf-gcc -o conftest -g -O2 -Wformat=2   conftest.c  >&5
configure:14560: $? = 0
configure:14574: result: yes
configure:14719: checking if arm-unknown-linux-gnueabihf-gcc supports -Wstrict-prototypes
configure:14737: arm-unknown-linux-gnueabihf-gcc -o conftest -g -O2 -Wstrict-prototypes   conftest.c  >&5
configure:14737: $? = 0
configure:14751: result: yes
configure:14843: checking if arm-unknown-linux-gnueabihf-gcc supports -Wmissing-prototypes
configure:14861: arm-unknown-linux-gnueabihf-gcc -o conftest -g -O2 -Wmissing-prototypes   conftest.c  >&5
configure:14861: $? = 0
configure:14875: result: yes
configure:14967: checking if arm-unknown-linux-gnueabihf-gcc supports -Wnested-externs
configure:14985: arm-unknown-linux-gnueabihf-gcc -o conftest -g -O2 -Wnested-externs   conftest.c  >&5
configure:14985: $? = 0
configure:14999: result: yes
configure:15091: checking if arm-unknown-linux-gnueabihf-gcc supports -Wbad-function-cast
configure:15109: arm-unknown-linux-gnueabihf-gcc -o conftest -g -O2 -Wbad-function-cast   conftest.c  >&5
configure:15109: $? = 0
configure:15123: result: yes
configure:15215: checking if arm-unknown-linux-gnueabihf-gcc supports -Wold-style-definition
configure:15233: arm-unknown-linux-gnueabihf-gcc -o conftest -g -O2 -Wold-style-definition   conftest.c  >&5
configure:15233: $? = 0
configure:15247: result: yes
configure:15390: checking if arm-unknown-linux-gnueabihf-gcc supports -Wdeclaration-after-statement
configure:15408: arm-unknown-linux-gnueabihf-gcc -o conftest -g -O2 -Wdeclaration-after-statement   conftest.c  >&5
configure:15408: $? = 0
configure:15422: result: yes
configure:15518: checking if arm-unknown-linux-gnueabihf-gcc supports -Wunused
configure:15536: arm-unknown-linux-gnueabihf-gcc -o conftest -g -O2 -Wunused   conftest.c  >&5
configure:15536: $? = 0
configure:15550: result: yes
configure:15642: checking if arm-unknown-linux-gnueabihf-gcc supports -Wuninitialized
configure:15660: arm-unknown-linux-gnueabihf-gcc -o conftest -g -O2 -Wuninitialized   conftest.c  >&5
configure:15660: $? = 0
configure:15674: result: yes
configure:15766: checking if arm-unknown-linux-gnueabihf-gcc supports -Wshadow
configure:15784: arm-unknown-linux-gnueabihf-gcc -o conftest -g -O2 -Wshadow   conftest.c  >&5
configure:15784: $? = 0
configure:15798: result: yes
configure:15890: checking if arm-unknown-linux-gnueabihf-gcc supports -Wmissing-noreturn
configure:15908: arm-unknown-linux-gnueabihf-gcc -o conftest -g -O2 -Wmissing-noreturn   conftest.c  >&5
configure:15908: $? = 0
configure:15922: result: yes
configure:16014: checking if arm-unknown-linux-gnueabihf-gcc supports -Wmissing-format-attribute
configure:16032: arm-unknown-linux-gnueabihf-gcc -o conftest -g -O2 -Wmissing-format-attribute   conftest.c  >&5
configure:16032: $? = 0
configure:16046: result: yes
configure:16138: checking if arm-unknown-linux-gnueabihf-gcc supports -Wredundant-decls
configure:16156: arm-unknown-linux-gnueabihf-gcc -o conftest -g -O2 -Wredundant-decls   conftest.c  >&5
configure:16156: $? = 0
configure:16170: result: yes
configure:16262: checking if arm-unknown-linux-gnueabihf-gcc supports -Wlogical-op
configure:16280: arm-unknown-linux-gnueabihf-gcc -o conftest -g -O2 -Wlogical-op   conftest.c  >&5
configure:16280: $? = 0
configure:16294: result: yes
configure:16398: checking if arm-unknown-linux-gnueabihf-gcc supports -Werror=implicit
configure:16416: arm-unknown-linux-gnueabihf-gcc -o conftest -g -O2 -Werror=implicit   conftest.c  >&5
configure:16416: $? = 0
configure:16430: result: yes
configure:16573: checking if arm-unknown-linux-gnueabihf-gcc supports -Werror=nonnull
configure:16591: arm-unknown-linux-gnueabihf-gcc -o conftest -g -O2 -Werror=nonnull   conftest.c  >&5
configure:16591: $? = 0
configure:16605: result: yes
configure:16697: checking if arm-unknown-linux-gnueabihf-gcc supports -Werror=init-self
configure:16715: arm-unknown-linux-gnueabihf-gcc -o conftest -g -O2 -Werror=init-self   conftest.c  >&5
configure:16715: $? = 0
configure:16729: result: yes
configure:16821: checking if arm-unknown-linux-gnueabihf-gcc supports -Werror=main
configure:16839: arm-unknown-linux-gnueabihf-gcc -o conftest -g -O2 -Werror=main   conftest.c  >&5
configure:16839: $? = 0
configure:16853: result: yes
configure:16945: checking if arm-unknown-linux-gnueabihf-gcc supports -Werror=missing-braces
configure:16963: arm-unknown-linux-gnueabihf-gcc -o conftest -g -O2 -Werror=missing-braces   conftest.c  >&5
configure:16963: $? = 0
configure:16977: result: yes
configure:17069: checking if arm-unknown-linux-gnueabihf-gcc supports -Werror=sequence-point
configure:17087: arm-unknown-linux-gnueabihf-gcc -o conftest -g -O2 -Werror=sequence-point   conftest.c  >&5
configure:17087: $? = 0
configure:17101: result: yes
configure:17193: checking if arm-unknown-linux-gnueabihf-gcc supports -Werror=return-type
configure:17211: arm-unknown-linux-gnueabihf-gcc -o conftest -g -O2 -Werror=return-type   conftest.c  >&5
configure:17211: $? = 0
configure:17225: result: yes
configure:17368: checking if arm-unknown-linux-gnueabihf-gcc supports -Werror=trigraphs
configure:17386: arm-unknown-linux-gnueabihf-gcc -o conftest -g -O2 -Werror=trigraphs   conftest.c  >&5
configure:17386: $? = 0
configure:17400: result: yes
configure:17492: checking if arm-unknown-linux-gnueabihf-gcc supports -Werror=array-bounds
configure:17510: arm-unknown-linux-gnueabihf-gcc -o conftest -g -O2 -Werror=array-bounds   conftest.c  >&5
configure:17510: $? = 0
configure:17524: result: yes
configure:17616: checking if arm-unknown-linux-gnueabihf-gcc supports -Werror=write-strings
configure:17634: arm-unknown-linux-gnueabihf-gcc -o conftest -g -O2 -Werror=write-strings   conftest.c  >&5
configure:17634: $? = 0
configure:17648: result: yes
configure:17740: checking if arm-unknown-linux-gnueabihf-gcc supports -Werror=address
configure:17758: arm-unknown-linux-gnueabihf-gcc -o conftest -g -O2 -Werror=address   conftest.c  >&5
configure:17758: $? = 0
configure:17772: result: yes
configure:17864: checking if arm-unknown-linux-gnueabihf-gcc supports -Werror=int-to-pointer-cast
configure:17882: arm-unknown-linux-gnueabihf-gcc -o conftest -g -O2 -Werror=int-to-pointer-cast   conftest.c  >&5
configure:17882: $? = 0
configure:17896: result: yes
configure:18039: checking if arm-unknown-linux-gnueabihf-gcc supports -Werror=pointer-to-int-cast
configure:18057: arm-unknown-linux-gnueabihf-gcc -o conftest -g -O2 -Werror=pointer-to-int-cast   conftest.c  >&5
configure:18057: $? = 0
configure:18071: result: yes
configure:19812: checking if arm-unknown-linux-gnueabihf-gcc supports -pedantic
configure:19830: arm-unknown-linux-gnueabihf-gcc -o conftest -g -O2 -pedantic   conftest.c  >&5
configure:19830: $? = 0
configure:19844: result: yes
configure:19936: checking if arm-unknown-linux-gnueabihf-gcc supports -Werror
configure:19954: arm-unknown-linux-gnueabihf-gcc -o conftest -g -O2 -Werror   conftest.c  >&5
configure:19954: $? = 0
configure:19968: result: yes
configure:20114: checking if arm-unknown-linux-gnueabihf-gcc supports -Werror=attributes
configure:20132: arm-unknown-linux-gnueabihf-gcc -o conftest -g -O2 -Werror=attributes   conftest.c  >&5
configure:20132: $? = 0
configure:20146: result: yes
configure:20339: checking whether make supports nested variables
configure:20357: result: yes
configure:20389: checking whether to build developer documentation
configure:20391: result: yes
configure:20412: checking for doxygen
configure:20450: result: no
configure:20456: WARNING: doxygen not found - documentation targets will be skipped
configure:20596: WARNING: dot not found - doxygen targets will be skipped
configure:20602: checking for CHECK
configure:20609: $PKG_CONFIG --exists --print-errors "check >= 0.9.6"
Package check was not found in the pkg-config search path.
Perhaps you should add the directory containing `check.pc'
to the PKG_CONFIG_PATH environment variable
Package 'check', required by 'virtual:world', not found
configure:20612: $? = 1
configure:20626: $PKG_CONFIG --exists --print-errors "check >= 0.9.6"
Package check was not found in the pkg-config search path.
Perhaps you should add the directory containing `check.pc'
to the PKG_CONFIG_PATH environment variable
Package 'check', required by 'virtual:world', not found
configure:20629: $? = 1
configure:20643: result: no
Package 'check', required by 'virtual:world', not found
configure:20738: checking for XCBPROTO
configure:20745: $PKG_CONFIG --exists --print-errors "xcb-proto >= 1.16.0"
Package xcb-proto was not found in the pkg-config search path.
Perhaps you should add the directory containing `xcb-proto.pc'
to the PKG_CONFIG_PATH environment variable
Package 'xcb-proto', required by 'virtual:world', not found
configure:20748: $? = 1
configure:20762: $PKG_CONFIG --exists --print-errors "xcb-proto >= 1.16.0"
Package xcb-proto was not found in the pkg-config search path.
Perhaps you should add the directory containing `xcb-proto.pc'
to the PKG_CONFIG_PATH environment variable
Package 'xcb-proto', required by 'virtual:world', not found
configure:20765: $? = 1
configure:20779: result: no
Package 'xcb-proto', required by 'virtual:world', not found
configure:20795: error: Package requirements (xcb-proto >= 1.16.0) were not met:

Package 'xcb-proto', required by 'virtual:world', not found

Consider adjusting the PKG_CONFIG_PATH environment variable if you
installed software in a non-standard prefix.

Alternatively, you may set the environment variables XCBPROTO_CFLAGS
and XCBPROTO_LIBS to avoid the need to call pkg-config.
See the pkg-config man page for more details.

## ---------------- ##
## Cache variables. ##
## ---------------- ##

ac_cv_build=x86_64-pc-linux-gnu
ac_cv_c_compiler_gnu=yes
ac_cv_c_undeclared_builtin_options='none needed'
ac_cv_env_CC_set=set
ac_cv_env_CC_value=arm-unknown-linux-gnueabihf-gcc
ac_cv_env_CFLAGS_set=
ac_cv_env_CFLAGS_value=
ac_cv_env_CHECK_CFLAGS_set=
ac_cv_env_CHECK_CFLAGS_value=
ac_cv_env_CHECK_LIBS_set=
ac_cv_env_CHECK_LIBS_value=
ac_cv_env_CPPFLAGS_set=
ac_cv_env_CPPFLAGS_value=
ac_cv_env_DOT_set=
ac_cv_env_DOT_value=
ac_cv_env_DOXYGEN_set=
ac_cv_env_DOXYGEN_value=
ac_cv_env_LDFLAGS_set=
ac_cv_env_LDFLAGS_value=
ac_cv_env_LIBS_set=
ac_cv_env_LIBS_value=
ac_cv_env_LT_SYS_LIBRARY_PATH_set=
ac_cv_env_LT_SYS_LIBRARY_PATH_value=
ac_cv_env_NEEDED_CFLAGS_set=
ac_cv_env_NEEDED_CFLAGS_value=
ac_cv_env_NEEDED_LIBS_set=
ac_cv_env_NEEDED_LIBS_value=
ac_cv_env_PKG_CONFIG_LIBDIR_set=
ac_cv_env_PKG_CONFIG_LIBDIR_value=
ac_cv_env_PKG_CONFIG_PATH_set=
ac_cv_env_PKG_CONFIG_PATH_value=
ac_cv_env_PKG_CONFIG_set=
ac_cv_env_PKG_CONFIG_value=
ac_cv_env_PYTHON_set=
ac_cv_env_PYTHON_value=
ac_cv_env_XCBPROTO_CFLAGS_set=
ac_cv_env_XCBPROTO_CFLAGS_value=
ac_cv_env_XCBPROTO_LIBS_set=
ac_cv_env_XCBPROTO_LIBS_value=
ac_cv_env_XDMCP_CFLAGS_set=
ac_cv_env_XDMCP_CFLAGS_value=
ac_cv_env_XDMCP_LIBS_set=
ac_cv_env_XDMCP_LIBS_value=
ac_cv_env_build_alias_set=
ac_cv_env_build_alias_value=
ac_cv_env_host_alias_set=set
ac_cv_env_host_alias_value=arm-unknown-linux-gnueabihf
ac_cv_env_target_alias_set=
ac_cv_env_target_alias_value=
ac_cv_have_decl___INTEL_COMPILER=no
ac_cv_have_decl___SUNPRO_C=no
ac_cv_have_decl___clang__=no
ac_cv_header_dlfcn_h=yes
ac_cv_header_inttypes_h=yes
ac_cv_header_minix_config_h=no
ac_cv_header_stdint_h=yes
ac_cv_header_stdio_h=yes
ac_cv_header_stdlib_h=yes
ac_cv_header_string_h=yes
ac_cv_header_strings_h=yes
ac_cv_header_sys_stat_h=yes
ac_cv_header_sys_types_h=yes
ac_cv_header_unistd_h=yes
ac_cv_header_wchar_h=yes
ac_cv_host=arm-unknown-linux-gnueabihf
ac_cv_objext=o
ac_cv_path_EGREP='/usr/bin/grep -E'
ac_cv_path_FGREP='/usr/bin/grep -F'
ac_cv_path_GREP=/usr/bin/grep
ac_cv_path_PYTHON=/usr/bin/python3
ac_cv_path_SED=/usr/bin/sed
ac_cv_path_ac_pt_PKG_CONFIG=/usr/bin/pkg-config
ac_cv_path_install='/usr/bin/install -c'
ac_cv_path_lt_DD=/usr/bin/dd
ac_cv_path_mkdir=/usr/bin/mkdir
ac_cv_prog_AR=arm-unknown-linux-gnueabihf-ar
ac_cv_prog_AWK=gawk
ac_cv_prog_CC=arm-unknown-linux-gnueabihf-gcc
ac_cv_prog_OBJDUMP=arm-unknown-linux-gnueabihf-objdump
ac_cv_prog_RANLIB=arm-unknown-linux-gnueabihf-ranlib
ac_cv_prog_STRIP=arm-unknown-linux-gnueabihf-strip
ac_cv_prog_ac_ct_FILECMD=file
ac_cv_prog_ac_ct_MANIFEST_TOOL=mt
ac_cv_prog_cc_c11=
ac_cv_prog_cc_g=yes
ac_cv_prog_cc_stdc=
ac_cv_prog_make_make_set=yes
ac_cv_safe_to_define___extensions__=yes
ac_cv_should_define__xopen_source=no
am_cv_CC_dependencies_compiler_type=gcc3
am_cv_make_support_nested_variables=yes
am_cv_pathless_PYTHON=python3
am_cv_prog_cc_c_o=yes
am_cv_python_platform=linux
am_cv_python_pyexecdir='${PYTHON_EXEC_PREFIX}/local/lib/python3.13/dist-packages'
am_cv_python_pythondir='${PYTHON_PREFIX}/local/lib/python3.13/dist-packages'
am_cv_python_version=3.13
lt_cv_ar_at_file=@
lt_cv_archive_cmds_need_lc=no
lt_cv_deplibs_check_method=pass_all
lt_cv_file_magic_cmd='$MAGIC_CMD'
lt_cv_file_magic_test_file=
lt_cv_ld_reload_flag=-r
lt_cv_nm_interface='BSD nm'
lt_cv_objdir=.libs
lt_cv_path_LD=/home/dev/x-tools/arm-unknown-linux-gnueabihf/arm-unknown-linux-gnueabihf/bin/ld
lt_cv_path_NM='/home/dev/x-tools/arm-unknown-linux-gnueabihf/bin/arm-unknown-linux-gnueabihf-nm -B'
lt_cv_path_mainfest_tool=no
lt_cv_prog_compiler_c_o=yes
lt_cv_prog_compiler_pic='-fPIC -DPIC'
lt_cv_prog_compiler_pic_works=yes
lt_cv_prog_compiler_rtti_exceptions=no
lt_cv_prog_compiler_static_works=yes
lt_cv_prog_gnu_ld=yes
lt_cv_sharedlib_from_linklib_cmd='printf %s\n'
lt_cv_shlibpath_overrides_runpath=no
lt_cv_sys_global_symbol_pipe='/usr/bin/sed -n -e '\''s/^.*[	 ]\([ABCDGIRSTW][ABCDGIRSTW]*\)[	 ][	 ]*\([_A-Za-z][_A-Za-z0-9]*\)$/\1 \2 \2/p'\'' | /usr/bin/sed '\''/ __gnu_lto/d'\'''
lt_cv_sys_global_symbol_to_c_name_address='/usr/bin/sed -n -e '\''s/^: \(.*\) .*$/  {"\1", (void *) 0},/p'\'' -e '\''s/^[ABCDGIRSTW][ABCDGIRSTW]* .* \(.*\)$/  {"\1", (void *) \&\1},/p'\'''
lt_cv_sys_global_symbol_to_c_name_address_lib_prefix='/usr/bin/sed -n -e '\''s/^: \(.*\) .*$/  {"\1", (void *) 0},/p'\'' -e '\''s/^[ABCDGIRSTW][ABCDGIRSTW]* .* \(lib.*\)$/  {"\1", (void *) \&\1},/p'\'' -e '\''s/^[ABCDGIRSTW][ABCDGIRSTW]* .* \(.*\)$/  {"lib\1", (void *) \&\1},/p'\'''
lt_cv_sys_global_symbol_to_cdecl='/usr/bin/sed -n -e '\''s/^T .* \(.*\)$/extern int \1();/p'\'' -e '\''s/^[ABCDGIRSTW][ABCDGIRSTW]* .* \(.*\)$/extern char \1;/p'\'''
lt_cv_sys_global_symbol_to_import=
lt_cv_sys_max_cmd_len=1572864
lt_cv_to_host_file_cmd=func_convert_file_noop
lt_cv_to_tool_file_cmd=func_convert_file_noop
lt_cv_truncate_bin='/usr/bin/dd bs=4096 count=1'
xorg_cv_cc_flag__Wall=yes
xorg_cv_cc_flag__Wbad_function_cast=yes
xorg_cv_cc_flag__Wdeclaration_after_statement=yes
xorg_cv_cc_flag__Werror=yes
xorg_cv_cc_flag__Werror_address=yes
xorg_cv_cc_flag__Werror_array_bounds=yes
xorg_cv_cc_flag__Werror_attributes=yes
xorg_cv_cc_flag__Werror_implicit=yes
xorg_cv_cc_flag__Werror_init_self=yes
xorg_cv_cc_flag__Werror_int_to_pointer_cast=yes
xorg_cv_cc_flag__Werror_main=yes
xorg_cv_cc_flag__Werror_missing_braces=yes
xorg_cv_cc_flag__Werror_nonnull=yes
xorg_cv_cc_flag__Werror_pointer_to_int_cast=yes
xorg_cv_cc_flag__Werror_return_type=yes
xorg_cv_cc_flag__Werror_sequence_point=yes
xorg_cv_cc_flag__Werror_trigraphs=yes
xorg_cv_cc_flag__Werror_write_strings=yes
xorg_cv_cc_flag__Wformat_2=yes
xorg_cv_cc_flag__Wlogical_op=yes
xorg_cv_cc_flag__Wmissing_declarations=yes
xorg_cv_cc_flag__Wmissing_format_attribute=yes
xorg_cv_cc_flag__Wmissing_noreturn=yes
xorg_cv_cc_flag__Wmissing_prototypes=yes
xorg_cv_cc_flag__Wnested_externs=yes
xorg_cv_cc_flag__Wold_style_definition=yes
xorg_cv_cc_flag__Wpointer_arith=yes
xorg_cv_cc_flag__Wredundant_decls=yes
xorg_cv_cc_flag__Wshadow=yes
xorg_cv_cc_flag__Wstrict_prototypes=yes
xorg_cv_cc_flag__Wuninitialized=yes
xorg_cv_cc_flag__Wunused=yes
xorg_cv_cc_flag__pedantic=yes
xorg_cv_cc_flag_unknown_warning_option=no
xorg_cv_cc_flag_unused_command_line_argument=no

## ----------------- ##
## Output variables. ##
## ----------------- ##

ACLOCAL='${SHELL} '\''/home/dev/Desktop/ClaraColour/python/crosstoolsng/libxcb-1.16/build-aux/missing'\'' aclocal-1.16'
ADMIN_MAN_DIR='$(mandir)/man$(ADMIN_MAN_SUFFIX)'
ADMIN_MAN_SUFFIX='8'
AMDEPBACKSLASH='\'
AMDEP_FALSE='#'
AMDEP_TRUE=''
AMTAR='$${TAR-tar}'
AM_BACKSLASH='\'
AM_DEFAULT_V='$(AM_DEFAULT_VERBOSITY)'
AM_DEFAULT_VERBOSITY='0'
AM_V='$(V)'
APP_MAN_DIR='$(mandir)/man$(APP_MAN_SUFFIX)'
APP_MAN_SUFFIX='1'
AR='arm-unknown-linux-gnueabihf-ar'
AS='as'
AUTOCONF='${SHELL} '\''/home/dev/Desktop/ClaraColour/python/crosstoolsng/libxcb-1.16/build-aux/missing'\'' autoconf'
AUTOHEADER='${SHELL} '\''/home/dev/Desktop/ClaraColour/python/crosstoolsng/libxcb-1.16/build-aux/missing'\'' autoheader'
AUTOMAKE='${SHELL} '\''/home/dev/Desktop/ClaraColour/python/crosstoolsng/libxcb-1.16/build-aux/missing'\'' automake-1.16'
AWK='gawk'
BASE_CFLAGS=' -Wall -Wpointer-arith -Wmissing-declarations -Wformat=2 -Wstrict-prototypes -Wmissing-prototypes -Wnested-externs -Wbad-function-cast -Wold-style-definition -Wdeclaration-after-statement -Wunused -Wuninitialized -Wshadow -Wmissing-noreturn -Wmissing-format-attribute -Wredundant-decls -Wlogical-op -Werror=implicit -Werror=nonnull -Werror=init-self -Werror=main -Werror=missing-braces -Werror=sequence-point -Werror=return-type -Werror=trigraphs -Werror=array-bounds -Werror=write-strings -Werror=address -Werror=int-to-pointer-cast -Werror=pointer-to-int-cast'
BUILD_COMPOSITE_FALSE=''
BUILD_COMPOSITE_TRUE=''
BUILD_DAMAGE_FALSE=''
BUILD_DAMAGE_TRUE=''
BUILD_DBE_FALSE=''
BUILD_DBE_TRUE=''
BUILD_DPMS_FALSE=''
BUILD_DPMS_TRUE=''
BUILD_DRI2_FALSE=''
BUILD_DRI2_TRUE=''
BUILD_DRI3_FALSE=''
BUILD_DRI3_TRUE=''
BUILD_GE_FALSE=''
BUILD_GE_TRUE=''
BUILD_GLX_FALSE=''
BUILD_GLX_TRUE=''
BUILD_PRESENT_FALSE=''
BUILD_PRESENT_TRUE=''
BUILD_RANDR_FALSE=''
BUILD_RANDR_TRUE=''
BUILD_RECORD_FALSE=''
BUILD_RECORD_TRUE=''
BUILD_RENDER_FALSE=''
BUILD_RENDER_TRUE=''
BUILD_RESOURCE_FALSE=''
BUILD_RESOURCE_TRUE=''
BUILD_SCREENSAVER_FALSE=''
BUILD_SCREENSAVER_TRUE=''
BUILD_SELINUX_FALSE=''
BUILD_SELINUX_TRUE=''
BUILD_SHAPE_FALSE=''
BUILD_SHAPE_TRUE=''
BUILD_SHM_FALSE=''
BUILD_SHM_TRUE=''
BUILD_SYNC_FALSE=''
BUILD_SYNC_TRUE=''
BUILD_XEVIE_FALSE=''
BUILD_XEVIE_TRUE=''
BUILD_XFIXES_FALSE=''
BUILD_XFIXES_TRUE=''
BUILD_XFREE86_DRI_FALSE=''
BUILD_XFREE86_DRI_TRUE=''
BUILD_XINERAMA_FALSE=''
BUILD_XINERAMA_TRUE=''
BUILD_XINPUT_FALSE=''
BUILD_XINPUT_TRUE=''
BUILD_XKB_FALSE=''
BUILD_XKB_TRUE=''
BUILD_XPRINT_FALSE=''
BUILD_XPRINT_TRUE=''
BUILD_XTEST_FALSE=''
BUILD_XTEST_TRUE=''
BUILD_XVMC_FALSE=''
BUILD_XVMC_TRUE=''
BUILD_XV_FALSE=''
BUILD_XV_TRUE=''
CC='arm-unknown-linux-gnueabihf-gcc'
CCDEPMODE='depmode=gcc3'
CFLAGS='-g -O2'
CHANGELOG_CMD='((GIT_DIR=$(top_srcdir)/.git git log > $(top_srcdir)/.changelog.tmp) 2>/dev/null && mv $(top_srcdir)/.changelog.tmp $(top_srcdir)/ChangeLog) || (rm -f $(top_srcdir)/.changelog.tmp; test -e $(top_srcdir)/ChangeLog || ( touch $(top_srcdir)/ChangeLog; echo '\''git failed to create ChangeLog: installing empty ChangeLog.'\'' >&2))'
CHECK_CFLAGS=''
CHECK_LIBS=''
CPPFLAGS=''
CSCOPE='cscope'
CTAGS='ctags'
CWARNFLAGS=' -Wall -Wpointer-arith -Wmissing-declarations -Wformat=2 -Wstrict-prototypes -Wmissing-prototypes -Wnested-externs -Wbad-function-cast -Wold-style-definition -Wdeclaration-after-statement -Wunused -Wuninitialized -Wshadow -Wmissing-noreturn -Wmissing-format-attribute -Wredundant-decls -Wlogical-op -Werror=implicit -Werror=nonnull -Werror=init-self -Werror=main -Werror=missing-braces -Werror=sequence-point -Werror=return-type -Werror=trigraphs -Werror=array-bounds -Werror=write-strings -Werror=address -Werror=int-to-pointer-cast -Werror=pointer-to-int-cast -fno-strict-aliasing'
CYGPATH_W='echo'
DEFS=''
DEPDIR='.deps'
DLLTOOL='false'
DOT=''
DOXYGEN=''
DRIVER_MAN_DIR='$(mandir)/man$(DRIVER_MAN_SUFFIX)'
DRIVER_MAN_SUFFIX='4'
DSYMUTIL=''
DUMPBIN=''
ECHO_C=''
ECHO_N='-n'
ECHO_T=''
EGREP='/usr/bin/grep -E'
ENABLE_DEVEL_DOCS_FALSE='#'
ENABLE_DEVEL_DOCS_TRUE=''
ETAGS='etags'
EXEEXT=''
FGREP='/usr/bin/grep -F'
FILECMD='file'
FILE_MAN_DIR='$(mandir)/man$(FILE_MAN_SUFFIX)'
FILE_MAN_SUFFIX='5'
GREP='/usr/bin/grep'
HAVE_CHECK_FALSE=''
HAVE_CHECK_TRUE='#'
HAVE_DOT='no'
HAVE_DOT_FALSE=''
HAVE_DOT_TRUE='#'
HAVE_DOXYGEN_FALSE=''
HAVE_DOXYGEN_TRUE='#'
HTML_CHECK_RESULT='no'
INSTALL_CMD='(cp -f /INSTALL $(top_srcdir)/.INSTALL.tmp && mv $(top_srcdir)/.INSTALL.tmp $(top_srcdir)/INSTALL) || (rm -f $(top_srcdir)/.INSTALL.tmp; test -e $(top_srcdir)/INSTALL || ( touch $(top_srcdir)/INSTALL; echo '\''failed to copy INSTALL from util-macros: installing empty INSTALL.'\'' >&2))'
INSTALL_DATA='${INSTALL} -m 644'
INSTALL_PROGRAM='${INSTALL}'
INSTALL_SCRIPT='${INSTALL}'
INSTALL_STRIP_PROGRAM='$(install_sh) -c -s'
LD='/home/dev/x-tools/arm-unknown-linux-gnueabihf/arm-unknown-linux-gnueabihf/bin/ld'
LDFLAGS=''
LIBOBJS=''
LIBS=''
LIBTOOL='$(SHELL) $(top_builddir)/libtool'
LIB_MAN_DIR='$(mandir)/man$(LIB_MAN_SUFFIX)'
LIB_MAN_SUFFIX='3'
LIPO=''
LN_S='ln -s'
LTLIBOBJS=''
LT_SYS_LIBRARY_PATH=''
MAKEINFO='${SHELL} '\''/home/dev/Desktop/ClaraColour/python/crosstoolsng/libxcb-1.16/build-aux/missing'\'' makeinfo'
MANIFEST_TOOL=':'
MAN_SUBSTS='	-e '\''s|__vendorversion__|"$(PACKAGE_STRING)" "$(XORG_MAN_PAGE)"|'\'' 	-e '\''s|__xorgversion__|"$(PACKAGE_STRING)" "$(XORG_MAN_PAGE)"|'\'' 	-e '\''s|__xservername__|Xorg|g'\'' 	-e '\''s|__xconfigfile__|xorg.conf|g'\'' 	-e '\''s|__projectroot__|$(prefix)|g'\'' 	-e '\''s|__apploaddir__|$(appdefaultdir)|g'\'' 	-e '\''s|__appmansuffix__|$(APP_MAN_SUFFIX)|g'\'' 	-e '\''s|__drivermansuffix__|$(DRIVER_MAN_SUFFIX)|g'\'' 	-e '\''s|__adminmansuffix__|$(ADMIN_MAN_SUFFIX)|g'\'' 	-e '\''s|__libmansuffix__|$(LIB_MAN_SUFFIX)|g'\'' 	-e '\''s|__miscmansuffix__|$(MISC_MAN_SUFFIX)|g'\'' 	-e '\''s|__filemansuffix__|$(FILE_MAN_SUFFIX)|g'\'''
MISC_MAN_DIR='$(mandir)/man$(MISC_MAN_SUFFIX)'
MISC_MAN_SUFFIX='7'
MKDIR_P='/usr/bin/mkdir -p'
NEEDED=''
NEEDED_CFLAGS=''
NEEDED_LIBS=''
NM='/home/dev/x-tools/arm-unknown-linux-gnueabihf/bin/arm-unknown-linux-gnueabihf-nm -B'
NMEDIT=''
OBJDUMP='arm-unknown-linux-gnueabihf-objdump'
OBJEXT='o'
OTOOL64=''
OTOOL=''
PACKAGE='libxcb'
PACKAGE_BUGREPORT='https://gitlab.freedesktop.org/xorg/lib/libxcb/issues'
PACKAGE_NAME='libxcb'
PACKAGE_STRING='libxcb 1.16'
PACKAGE_TARNAME='libxcb'
PACKAGE_URL=''
PACKAGE_VERSION='1.16'
PATH_SEPARATOR=':'
PKG_CONFIG='/usr/bin/pkg-config'
PKG_CONFIG_LIBDIR=''
PKG_CONFIG_PATH=''
PYTHON='/usr/bin/python3'
PYTHON_EXEC_PREFIX='${exec_prefix}'
PYTHON_PLATFORM='linux'
PYTHON_PREFIX='${prefix}'
PYTHON_VERSION='3.13'
RANLIB='arm-unknown-linux-gnueabihf-ranlib'
SED='/usr/bin/sed'
SET_MAKE=''
SHELL='/bin/bash'
STRICT_CFLAGS=' -pedantic -Werror -Werror=attributes'
STRIP='arm-unknown-linux-gnueabihf-strip'
VERSION='1.16'
XCBPROTO_CFLAGS=''
XCBPROTO_LIBS=''
XCBPROTO_VERSION=''
XCBPROTO_XCBINCLUDEDIR=''
XCBPROTO_XCBPYTHONDIR=''
XCB_HAVE_WIN32_FALSE=''
XCB_HAVE_WIN32_TRUE=''
XCB_SERVERSIDE_SUPPORT_FALSE=''
XCB_SERVERSIDE_SUPPORT_TRUE=''
XDMCP_CFLAGS=''
XDMCP_LIBS=''
XORG_MAN_PAGE='X Version 11'
XSLTPROC='no'
ac_ct_AR=''
ac_ct_CC=''
ac_ct_DUMPBIN=''
am__EXEEXT_FALSE=''
am__EXEEXT_TRUE=''
am__fastdepCC_FALSE='#'
am__fastdepCC_TRUE=''
am__include='include'
am__isrc=''
am__leading_dot='.'
am__nodep='_no'
am__quote=''
am__tar='$${TAR-tar} chof - "$$tardir"'
am__untar='$${TAR-tar} xf -'
bindir='${exec_prefix}/bin'
build='x86_64-pc-linux-gnu'
build_alias=''
build_cpu='x86_64'
build_os='linux-gnu'
build_vendor='pc'
datadir='${datarootdir}'
datarootdir='${prefix}/share'
docdir='${datarootdir}/doc/${PACKAGE_TARNAME}'
dvidir='${docdir}'
exec_prefix='NONE'
host='arm-unknown-linux-gnueabihf'
host_alias='arm-unknown-linux-gnueabihf'
host_cpu='arm'
host_os='linux-gnueabihf'
host_vendor='unknown'
htmldir='${docdir}'
includedir='${prefix}/include'
infodir='${datarootdir}/info'
install_sh='${SHELL} /home/dev/Desktop/ClaraColour/python/crosstoolsng/libxcb-1.16/build-aux/install-sh'
libdir='${exec_prefix}/lib'
libexecdir='${exec_prefix}/libexec'
localedir='${datarootdir}/locale'
localstatedir='${prefix}/var'
lt_enable_auto_import=''
mandir='${datarootdir}/man'
mkdir_p='$(MKDIR_P)'
oldincludedir='/usr/include'
pdfdir='${docdir}'
pkgpyexecdir='${pyexecdir}/libxcb'
pkgpythondir='${pythondir}/libxcb'
prefix='/home/dev/Desktop/ClaraColour/python/crosstoolsng/xcb-install'
program_transform_name='s,x,x,'
psdir='${docdir}'
pyexecdir='${PYTHON_EXEC_PREFIX}/local/lib/python3.13/dist-packages'
pythondir='${PYTHON_PREFIX}/local/lib/python3.13/dist-packages'
runstatedir='${localstatedir}/run'
sbindir='${exec_prefix}/sbin'
sharedstatedir='${prefix}/com'
sysconfdir='${prefix}/etc'
target_alias=''
xcbincludedir=''

## ----------- ##
## confdefs.h. ##
## ----------- ##

/* confdefs.h */
#define PACKAGE_NAME "libxcb"
#define PACKAGE_TARNAME "libxcb"
#define PACKAGE_VERSION "1.16"
#define PACKAGE_STRING "libxcb 1.16"
#define PACKAGE_BUGREPORT "https://gitlab.freedesktop.org/xorg/lib/libxcb/issues"
#define PACKAGE_URL ""
#define PACKAGE "libxcb"
#define VERSION "1.16"
#define HAVE_STDIO_H 1
#define HAVE_STDLIB_H 1
#define HAVE_STRING_H 1
#define HAVE_INTTYPES_H 1
#define HAVE_STDINT_H 1
#define HAVE_STRINGS_H 1
#define HAVE_SYS_STAT_H 1
#define HAVE_SYS_TYPES_H 1
#define HAVE_UNISTD_H 1
#define HAVE_WCHAR_H 1
#define STDC_HEADERS 1
#define _ALL_SOURCE 1
#define _DARWIN_C_SOURCE 1
#define _GNU_SOURCE 1
#define _HPUX_ALT_XOPEN_SOCKET_API 1
#define _NETBSD_SOURCE 1
#define _OPENBSD_SOURCE 1
#define _POSIX_PTHREAD_SEMANTICS 1
#define __STDC_WANT_IEC_60559_ATTRIBS_EXT__ 1
#define __STDC_WANT_IEC_60559_BFP_EXT__ 1
#define __STDC_WANT_IEC_60559_DFP_EXT__ 1
#define __STDC_WANT_IEC_60559_FUNCS_EXT__ 1
#define __STDC_WANT_IEC_60559_TYPES_EXT__ 1
#define __STDC_WANT_LIB_EXT2__ 1
#define __STDC_WANT_MATH_SPEC_FUNCS__ 1
#define _TANDEM_SOURCE 1
#define __EXTENSIONS__ 1
#define HAVE_DLFCN_H 1
#define LT_OBJDIR ".libs/"
#define PACKAGE_VERSION_MAJOR 1
#define PACKAGE_VERSION_MINOR 16
#define PACKAGE_VERSION_PATCHLEVEL 0

configure: exit 1
