This file contains any messages produced by compilers while
running configure, to aid debugging if configure makes a mistake.

It was created by libsframe configure BFD_VERSION, which was
generated by GNU Autoconf 2.69.  Invocation command line was

  $ /home/dev/Desktop/ClaraColour/python/crosstoolsng/binutils-2.42/libsframe/configure --srcdir=.././libsframe --cache-file=./config.cache --with-gnu-as --with-gnu-ld --prefix=/home/dev/x-tools/arm-unknown-linux-gnueabihf --enable-static --disable-shared --disable-multilib --program-transform-name=s,y,y, --disable-option-checking --build=x86_64-pc-linux-gnu --host=arm-unknown-linux-gnueabihf --target=arm-unknown-linux-gnueabihf

## --------- ##
## Platform. ##
## --------- ##

hostname = host
uname -m = x86_64
uname -r = 6.12.105+deb13-amd64
uname -s = Linux
uname -v = #1 SMP PREEMPT_DYNAMIC Debian 6.12.105-1 (2026-08-24)

/usr/bin/uname -p = unknown
/bin/uname -X     = unknown

/bin/arch              = x86_64
/usr/bin/arch -k       = unknown
/usr/convex/getsysinfo = unknown
/usr/bin/hostinfo      = unknown
/bin/machine           = unknown
/usr/bin/oslevel       = unknown
/bin/universe          = unknown

PATH: /home/dev/x-tools/arm-unknown-linux-gnueabihf/bin
PATH: /home/dev/x-tools/arm-unknown-linux-gnueabihf/bin
PATH: /usr/local/bin
PATH: /usr/bin
PATH: /bin
PATH: /usr/local/games
PATH: /usr/games
PATH: /snap/bin
PATH: /home/dev/go/bin


## ----------- ##
## Core tests. ##
## ----------- ##

configure:2194: creating cache ./config.cache
configure:2314: checking for arm-unknown-linux-gnueabihf-gcc
configure:2341: result: arm-unknown-linux-gnueabihf-gcc
configure:2610: checking for C compiler version
configure:2619: arm-unknown-linux-gnueabihf-gcc --version >&5
arm-unknown-linux-gnueabihf-gcc (crosstool-NG 1.29.0.3_2e5d0b8) 9.5.0
Copyright (C) 2019 Free Software Foundation, Inc.
This is free software; see the source for copying conditions.  There is NO
warranty; not even for MERCHANTABILITY or FITNESS FOR A PARTICULAR PURPOSE.

configure:2630: $? = 0
configure:2619: arm-unknown-linux-gnueabihf-gcc -v >&5
Using built-in specs.
COLLECT_GCC=arm-unknown-linux-gnueabihf-gcc
COLLECT_LTO_WRAPPER=/home/dev/x-tools/arm-unknown-linux-gnueabihf/libexec/gcc/arm-unknown-linux-gnueabihf/9.5.0/lto-wrapper
Target: arm-unknown-linux-gnueabihf
Configured with: /home/dev/Desktop/ClaraColour/python/crosstoolsng/crosstool-ng/.build/arm-unknown-linux-gnueabihf/src/gcc/configure --build=x86_64-build_pc-linux-gnu --host=x86_64-build_pc-linux-gnu --target=arm-unknown-linux-gnueabihf --prefix=/home/dev/x-tools/arm-unknown-linux-gnueabihf --exec_prefix=/home/dev/x-tools/arm-unknown-linux-gnueabihf --with-sysroot=/home/dev/x-tools/arm-unknown-linux-gnueabihf/arm-unknown-linux-gnueabihf/sysroot --enable-languages=c,c++ --with-arch=armv7-a --with-tune=cortex-a53 --with-fpu=neon-vfpv4 --with-float=hard --with-pkgversion='crosstool-NG 1.29.0.3_2e5d0b8' --enable-__cxa_atexit --disable-tm-clone-registry --disable-libmudflap --disable-libgomp --disable-libssp --disable-libquadmath --disable-libquadmath-support --disable-libsanitizer --disable-libmpx --with-gmp=/home/dev/Desktop/ClaraColour/python/crosstoolsng/crosstool-ng/.build/arm-unknown-linux-gnueabihf/buildtools --with-mpfr=/home/dev/Desktop/ClaraColour/python/crosstoolsng/crosstool-ng/.build/arm-unknown-linux-gnueabihf/buildtools --with-mpc=/home/dev/Desktop/ClaraColour/python/crosstoolsng/crosstool-ng/.build/arm-unknown-linux-gnueabihf/buildtools --with-isl=/home/dev/Desktop/ClaraColour/python/crosstoolsng/crosstool-ng/.build/arm-unknown-linux-gnueabihf/buildtools --enable-lto --without-zstd --enable-threads=posix --enable-target-optspace --disable-plugin --disable-nls --disable-multilib --with-local-prefix=/home/dev/x-tools/arm-unknown-linux-gnueabihf/arm-unknown-linux-gnueabihf/sysroot --enable-long-long
Thread model: posix
gcc version 9.5.0 (crosstool-NG 1.29.0.3_2e5d0b8) 
configure:2630: $? = 0
configure:2619: arm-unknown-linux-gnueabihf-gcc -V >&5
arm-unknown-linux-gnueabihf-gcc: error: unrecognized command line option '-V'
arm-unknown-linux-gnueabihf-gcc: fatal error: no input files
compilation terminated.
configure:2630: $? = 1
configure:2619: arm-unknown-linux-gnueabihf-gcc -qversion >&5
arm-unknown-linux-gnueabihf-gcc: error: unrecognized command line option '-qversion'; did you mean '--version'?
arm-unknown-linux-gnueabihf-gcc: fatal error: no input files
compilation terminated.
configure:2630: $? = 1
configure:2650: checking whether the C compiler works
configure:2672: arm-unknown-linux-gnueabihf-gcc -g -O2        conftest.c  >&5
configure:2676: $? = 0
configure:2724: result: yes
configure:2727: checking for C compiler default output file name
configure:2729: result: a.out
configure:2735: checking for suffix of executables
configure:2742: arm-unknown-linux-gnueabihf-gcc -o conftest -g -O2        conftest.c  >&5
configure:2746: $? = 0
configure:2768: result: 
configure:2790: checking whether we are cross compiling
configure:2828: result: yes
configure:2833: checking for suffix of object files
configure:2855: arm-unknown-linux-gnueabihf-gcc -c -g -O2      conftest.c >&5
configure:2859: $? = 0
configure:2880: result: o
configure:2884: checking whether we are using the GNU C compiler
configure:2903: arm-unknown-linux-gnueabihf-gcc -c -g -O2      conftest.c >&5
configure:2903: $? = 0
configure:2912: result: yes
configure:2921: checking whether arm-unknown-linux-gnueabihf-gcc accepts -g
configure:2941: arm-unknown-linux-gnueabihf-gcc -c -g  conftest.c >&5
configure:2941: $? = 0
configure:2982: result: yes
configure:2999: checking for arm-unknown-linux-gnueabihf-gcc option to accept ISO C89
configure:3062: arm-unknown-linux-gnueabihf-gcc  -c -g -O2      conftest.c >&5
configure:3062: $? = 0
configure:3075: result: none needed
configure:3100: checking whether arm-unknown-linux-gnueabihf-gcc understands -c and -o together
configure:3122: arm-unknown-linux-gnueabihf-gcc -c conftest.c -o conftest2.o
configure:3125: $? = 0
configure:3122: arm-unknown-linux-gnueabihf-gcc -c conftest.c -o conftest2.o
configure:3125: $? = 0
configure:3137: result: yes
configure:3160: checking how to run the C preprocessor
configure:3191: arm-unknown-linux-gnueabihf-gcc -E  conftest.c
configure:3191: $? = 0
configure:3205: arm-unknown-linux-gnueabihf-gcc -E  conftest.c
conftest.c:9:10: fatal error: ac_nonexistent.h: No such file or directory
    9 | #include <ac_nonexistent.h>
      |          ^~~~~~~~~~~~~~~~~~
compilation terminated.
configure:3205: $? = 1
configure: failed program was:
| /* confdefs.h */
| #define PACKAGE_NAME "libsframe"
| #define PACKAGE_TARNAME "libsframe"
| #define PACKAGE_VERSION "BFD_VERSION"
| #define PACKAGE_STRING "libsframe BFD_VERSION"
| #define PACKAGE_BUGREPORT ""
| #define PACKAGE_URL ""
| /* end confdefs.h.  */
| #include <ac_nonexistent.h>
configure:3230: result: arm-unknown-linux-gnueabihf-gcc -E
configure:3250: arm-unknown-linux-gnueabihf-gcc -E  conftest.c
configure:3250: $? = 0
configure:3264: arm-unknown-linux-gnueabihf-gcc -E  conftest.c
conftest.c:9:10: fatal error: ac_nonexistent.h: No such file or directory
    9 | #include <ac_nonexistent.h>
      |          ^~~~~~~~~~~~~~~~~~
compilation terminated.
configure:3264: $? = 1
configure: failed program was:
| /* confdefs.h */
| #define PACKAGE_NAME "libsframe"
| #define PACKAGE_TARNAME "libsframe"
| #define PACKAGE_VERSION "BFD_VERSION"
| #define PACKAGE_STRING "libsframe BFD_VERSION"
| #define PACKAGE_BUGREPORT ""
| #define PACKAGE_URL ""
| /* end confdefs.h.  */
| #include <ac_nonexistent.h>
configure:3293: checking for grep that handles long lines and -e
configure:3351: result: /usr/bin/grep
configure:3356: checking for egrep
configure:3418: result: /usr/bin/grep -E
configure:3423: checking for ANSI C header files
configure:3443: arm-unknown-linux-gnueabihf-gcc -c -g -O2      conftest.c >&5
configure:3443: $? = 0
configure:3527: result: yes
configure:3540: checking for sys/types.h
configure:3540: arm-unknown-linux-gnueabihf-gcc -c -g -O2      conftest.c >&5
configure:3540: $? = 0
configure:3540: result: yes
configure:3540: checking for sys/stat.h
configure:3540: arm-unknown-linux-gnueabihf-gcc -c -g -O2      conftest.c >&5
configure:3540: $? = 0
configure:3540: result: yes
configure:3540: checking for stdlib.h
configure:3540: arm-unknown-linux-gnueabihf-gcc -c -g -O2      conftest.c >&5
configure:3540: $? = 0
configure:3540: result: yes
configure:3540: checking for string.h
configure:3540: arm-unknown-linux-gnueabihf-gcc -c -g -O2      conftest.c >&5
configure:3540: $? = 0
configure:3540: result: yes
configure:3540: checking for memory.h
configure:3540: arm-unknown-linux-gnueabihf-gcc -c -g -O2      conftest.c >&5
configure:3540: $? = 0
configure:3540: result: yes
configure:3540: checking for strings.h
configure:3540: arm-unknown-linux-gnueabihf-gcc -c -g -O2      conftest.c >&5
configure:3540: $? = 0
configure:3540: result: yes
configure:3540: checking for inttypes.h
configure:3540: arm-unknown-linux-gnueabihf-gcc -c -g -O2      conftest.c >&5
configure:3540: $? = 0
configure:3540: result: yes
configure:3540: checking for stdint.h
configure:3540: arm-unknown-linux-gnueabihf-gcc -c -g -O2      conftest.c >&5
configure:3540: $? = 0
configure:3540: result: yes
configure:3540: checking for unistd.h
configure:3540: arm-unknown-linux-gnueabihf-gcc -c -g -O2      conftest.c >&5
configure:3540: $? = 0
configure:3540: result: yes
configure:3553: checking minix/config.h usability
configure:3553: arm-unknown-linux-gnueabihf-gcc -c -g -O2      conftest.c >&5
conftest.c:52:10: fatal error: minix/config.h: No such file or directory
   52 | #include <minix/config.h>
      |          ^~~~~~~~~~~~~~~~
compilation terminated.
configure:3553: $? = 1
configure: failed program was:
| /* confdefs.h */
| #define PACKAGE_NAME "libsframe"
| #define PACKAGE_TARNAME "libsframe"
| #define PACKAGE_VERSION "BFD_VERSION"
| #define PACKAGE_STRING "libsframe BFD_VERSION"
| #define PACKAGE_BUGREPORT ""
| #define PACKAGE_URL ""
| #define STDC_HEADERS 1
| #define HAVE_SYS_TYPES_H 1
| #define HAVE_SYS_STAT_H 1
| #define HAVE_STDLIB_H 1
| #define HAVE_STRING_H 1
| #define HAVE_MEMORY_H 1
| #define HAVE_STRINGS_H 1
| #define HAVE_INTTYPES_H 1
| #define HAVE_STDINT_H 1
| #define HAVE_UNISTD_H 1
| /* end confdefs.h.  */
| #include <stdio.h>
| #ifdef HAVE_SYS_TYPES_H
| # include <sys/types.h>
| #endif
| #ifdef HAVE_SYS_STAT_H
| # include <sys/stat.h>
| #endif
| #ifdef STDC_HEADERS
| # include <stdlib.h>
| # include <stddef.h>
| #else
| # ifdef HAVE_STDLIB_H
| #  include <stdlib.h>
| # endif
| #endif
| #ifdef HAVE_STRING_H
| # if !defined STDC_HEADERS && defined HAVE_MEMORY_H
| #  include <memory.h>
| # endif
| # include <string.h>
| #endif
| #ifdef HAVE_STRINGS_H
| # include <strings.h>
| #endif
| #ifdef HAVE_INTTYPES_H
| # include <inttypes.h>
| #endif
| #ifdef HAVE_STDINT_H
| # include <stdint.h>
| #endif
| #ifdef HAVE_UNISTD_H
| # include <unistd.h>
| #endif
| #include <minix/config.h>
configure:3553: result: no
configure:3553: checking minix/config.h presence
configure:3553: arm-unknown-linux-gnueabihf-gcc -E  conftest.c
conftest.c:19:10: fatal error: minix/config.h: No such file or directory
   19 | #include <minix/config.h>
      |          ^~~~~~~~~~~~~~~~
compilation terminated.
configure:3553: $? = 1
configure: failed program was:
| /* confdefs.h */
| #define PACKAGE_NAME "libsframe"
| #define PACKAGE_TARNAME "libsframe"
| #define PACKAGE_VERSION "BFD_VERSION"
| #define PACKAGE_STRING "libsframe BFD_VERSION"
| #define PACKAGE_BUGREPORT ""
| #define PACKAGE_URL ""
| #define STDC_HEADERS 1
| #define HAVE_SYS_TYPES_H 1
| #define HAVE_SYS_STAT_H 1
| #define HAVE_STDLIB_H 1
| #define HAVE_STRING_H 1
| #define HAVE_MEMORY_H 1
| #define HAVE_STRINGS_H 1
| #define HAVE_INTTYPES_H 1
| #define HAVE_STDINT_H 1
| #define HAVE_UNISTD_H 1
| /* end confdefs.h.  */
| #include <minix/config.h>
configure:3553: result: no
configure:3553: checking for minix/config.h
configure:3553: result: no
configure:3574: checking whether it is safe to define __EXTENSIONS__
configure:3592: arm-unknown-linux-gnueabihf-gcc -c -g -O2      conftest.c >&5
configure:3592: $? = 0
configure:3599: result: yes
configure:3629: checking for a BSD-compatible install
configure:3697: result: /usr/bin/install -c
configure:3708: checking whether build environment is sane
configure:3763: result: yes
configure:3819: checking for arm-unknown-linux-gnueabihf-strip
configure:3835: found /home/dev/x-tools/arm-unknown-linux-gnueabihf/bin/arm-unknown-linux-gnueabihf-strip
configure:3846: result: arm-unknown-linux-gnueabihf-strip
configure:3911: checking for a thread-safe mkdir -p
configure:3950: result: /usr/bin/mkdir -p
configure:3957: checking for gawk
configure:3984: result: gawk
configure:3995: checking whether make sets $(MAKE)
configure:4017: result: yes
configure:4047: checking for style of include used by make
configure:4075: result: GNU
configure:4109: checking whether make supports nested variables
configure:4126: result: yes
configure:4211: checking dependency style of arm-unknown-linux-gnueabihf-gcc
configure:4322: result: gcc3
configure:4391: checking whether make supports nested variables
configure:4408: result: yes
configure:4421: checking whether make sets $(MAKE)
configure:4443: result: yes
configure:4460: checking for arm-unknown-linux-gnueabihf-gcc
configure:4487: result: arm-unknown-linux-gnueabihf-gcc
configure:4756: checking for C compiler version
configure:4765: arm-unknown-linux-gnueabihf-gcc --version >&5
arm-unknown-linux-gnueabihf-gcc (crosstool-NG 1.29.0.3_2e5d0b8) 9.5.0
Copyright (C) 2019 Free Software Foundation, Inc.
This is free software; see the source for copying conditions.  There is NO
warranty; not even for MERCHANTABILITY or FITNESS FOR A PARTICULAR PURPOSE.

configure:4776: $? = 0
configure:4765: arm-unknown-linux-gnueabihf-gcc -v >&5
Using built-in specs.
COLLECT_GCC=arm-unknown-linux-gnueabihf-gcc
COLLECT_LTO_WRAPPER=/home/dev/x-tools/arm-unknown-linux-gnueabihf/libexec/gcc/arm-unknown-linux-gnueabihf/9.5.0/lto-wrapper
Target: arm-unknown-linux-gnueabihf
Configured with: /home/dev/Desktop/ClaraColour/python/crosstoolsng/crosstool-ng/.build/arm-unknown-linux-gnueabihf/src/gcc/configure --build=x86_64-build_pc-linux-gnu --host=x86_64-build_pc-linux-gnu --target=arm-unknown-linux-gnueabihf --prefix=/home/dev/x-tools/arm-unknown-linux-gnueabihf --exec_prefix=/home/dev/x-tools/arm-unknown-linux-gnueabihf --with-sysroot=/home/dev/x-tools/arm-unknown-linux-gnueabihf/arm-unknown-linux-gnueabihf/sysroot --enable-languages=c,c++ --with-arch=armv7-a --with-tune=cortex-a53 --with-fpu=neon-vfpv4 --with-float=hard --with-pkgversion='crosstool-NG 1.29.0.3_2e5d0b8' --enable-__cxa_atexit --disable-tm-clone-registry --disable-libmudflap --disable-libgomp --disable-libssp --disable-libquadmath --disable-libquadmath-support --disable-libsanitizer --disable-libmpx --with-gmp=/home/dev/Desktop/ClaraColour/python/crosstoolsng/crosstool-ng/.build/arm-unknown-linux-gnueabihf/buildtools --with-mpfr=/home/dev/Desktop/ClaraColour/python/crosstoolsng/crosstool-ng/.build/arm-unknown-linux-gnueabihf/buildtools --with-mpc=/home/dev/Desktop/ClaraColour/python/crosstoolsng/crosstool-ng/.build/arm-unknown-linux-gnueabihf/buildtools --with-isl=/home/dev/Desktop/ClaraColour/python/crosstoolsng/crosstool-ng/.build/arm-unknown-linux-gnueabihf/buildtools --enable-lto --without-zstd --enable-threads=posix --enable-target-optspace --disable-plugin --disable-nls --disable-multilib --with-local-prefix=/home/dev/x-tools/arm-unknown-linux-gnueabihf/arm-unknown-linux-gnueabihf/sysroot --enable-long-long
Thread model: posix
gcc version 9.5.0 (crosstool-NG 1.29.0.3_2e5d0b8) 
configure:4776: $? = 0
configure:4765: arm-unknown-linux-gnueabihf-gcc -V >&5
arm-unknown-linux-gnueabihf-gcc: error: unrecognized command line option '-V'
arm-unknown-linux-gnueabihf-gcc: fatal error: no input files
compilation terminated.
configure:4776: $? = 1
configure:4765: arm-unknown-linux-gnueabihf-gcc -qversion >&5
arm-unknown-linux-gnueabihf-gcc: error: unrecognized command line option '-qversion'; did you mean '--version'?
arm-unknown-linux-gnueabihf-gcc: fatal error: no input files
compilation terminated.
configure:4776: $? = 1
configure:4780: checking whether we are using the GNU C compiler
configure:4808: result: yes
configure:4817: checking whether arm-unknown-linux-gnueabihf-gcc accepts -g
configure:4878: result: yes
configure:4895: checking for arm-unknown-linux-gnueabihf-gcc option to accept ISO C89
configure:4971: result: none needed
configure:4996: checking whether arm-unknown-linux-gnueabihf-gcc understands -c and -o together
configure:5033: result: yes
configure:5053: checking for arm-unknown-linux-gnueabihf-ranlib
configure:5080: result: arm-unknown-linux-gnueabihf-ranlib 
configure:5147: checking for arm-unknown-linux-gnueabihf-ar
configure:5174: result: arm-unknown-linux-gnueabihf-ar 
configure:5244: checking the archiver (arm-unknown-linux-gnueabihf-ar ) interface
configure:5260: arm-unknown-linux-gnueabihf-gcc -c -g -O2      conftest.c >&5
configure:5260: $? = 0
configure:5262: arm-unknown-linux-gnueabihf-ar  cru libconftest.a conftest.o >&5
arm-unknown-linux-gnueabihf-ar: `u' modifier ignored since `D' is the default (see `U')
configure:5265: $? = 0
configure:5293: result: ar
configure:5375: checking build system type
configure:5389: result: x86_64-pc-linux-gnu
configure:5409: checking host system type
configure:5422: result: arm-unknown-linux-gnueabihf
configure:5463: checking how to print strings
configure:5490: result: printf
configure:5511: checking for a sed that does not truncate output
configure:5575: result: /usr/bin/sed
configure:5593: checking for fgrep
configure:5655: result: /usr/bin/grep -F
configure:5690: checking for ld used by arm-unknown-linux-gnueabihf-gcc
configure:5757: result: /home/dev/x-tools/arm-unknown-linux-gnueabihf/lib/gcc/arm-unknown-linux-gnueabihf/9.5.0/../../../../arm-unknown-linux-gnueabihf/bin/ld
configure:5764: checking if the linker (/home/dev/x-tools/arm-unknown-linux-gnueabihf/lib/gcc/arm-unknown-linux-gnueabihf/9.5.0/../../../../arm-unknown-linux-gnueabihf/bin/ld) is GNU ld
configure:5779: result: yes
configure:5791: checking for BSD- or MS-compatible name lister (nm)
configure:5847: result: /home/dev/x-tools/arm-unknown-linux-gnueabihf/bin/arm-unknown-linux-gnueabihf-nm -B
configure:5977: checking the name lister (/home/dev/x-tools/arm-unknown-linux-gnueabihf/bin/arm-unknown-linux-gnueabihf-nm -B) interface
configure:5984: arm-unknown-linux-gnueabihf-gcc -c -g -O2      conftest.c >&5
configure:5987: /home/dev/x-tools/arm-unknown-linux-gnueabihf/bin/arm-unknown-linux-gnueabihf-nm -B "conftest.o"
configure:5990: output
00000000 B some_variable
configure:5997: result: BSD nm
configure:6000: checking whether ln -s works
configure:6004: result: yes
configure:6012: checking the maximum length of command line arguments
configure:6137: result: 1572864
configure:6154: checking whether the shell understands some XSI constructs
configure:6164: result: yes
configure:6168: checking whether the shell understands "+="
configure:6174: result: yes
configure:6209: checking for /home/dev/x-tools/arm-unknown-linux-gnueabihf/lib/gcc/arm-unknown-linux-gnueabihf/9.5.0/../../../../arm-unknown-linux-gnueabihf/bin/ld option to reload object files
configure:6216: result: -r
configure:6245: checking for arm-unknown-linux-gnueabihf-objdump
configure:6272: result: arm-unknown-linux-gnueabihf-objdump
configure:6344: checking how to recognize dependent libraries
configure:6550: result: pass_all
configure:6583: checking for arm-unknown-linux-gnueabihf-ar
configure:6610: result: arm-unknown-linux-gnueabihf-ar 
configure:6678: WARNING: Failed: arm-unknown-linux-gnueabihf-ar  --plugin /home/dev/x-tools/arm-unknown-linux-gnueabihf/libexec/gcc/arm-unknown-linux-gnueabihf/9.5.0/liblto_plugin.so rc
configure:6701: checking for arm-unknown-linux-gnueabihf-strip
configure:6728: result: arm-unknown-linux-gnueabihf-strip
configure:6800: checking for arm-unknown-linux-gnueabihf-ranlib
configure:6827: result: arm-unknown-linux-gnueabihf-ranlib 
configure:6974: checking command to parse /home/dev/x-tools/arm-unknown-linux-gnueabihf/bin/arm-unknown-linux-gnueabihf-nm -B output from arm-unknown-linux-gnueabihf-gcc object
configure:7092: arm-unknown-linux-gnueabihf-gcc -c -g -O2      conftest.c >&5
configure:7095: $? = 0
configure:7099: /home/dev/x-tools/arm-unknown-linux-gnueabihf/bin/arm-unknown-linux-gnueabihf-nm -B conftest.o \| sed -n -e 's/^.*[ ]\([ABCDGIRSTW][ABCDGIRSTW]*\)[ ][ ]*\([_A-Za-z][_A-Za-z0-9]*\)$/\1 \2 \2/p' \> conftest.nm
configure:7102: $? = 0
configure:7156: arm-unknown-linux-gnueabihf-gcc -o conftest -g -O2        conftest.c conftstm.o >&5
configure:7159: $? = 0
configure:7197: result: ok
configure:8047: checking for dlfcn.h
configure:8047: arm-unknown-linux-gnueabihf-gcc -c -g -O2      conftest.c >&5
configure:8047: $? = 0
configure:8047: result: yes
configure:8204: checking for objdir
configure:8219: result: .libs
configure:8490: checking if arm-unknown-linux-gnueabihf-gcc supports -fno-rtti -fno-exceptions
configure:8508: arm-unknown-linux-gnueabihf-gcc -c -g -O2      -fno-rtti -fno-exceptions conftest.c >&5
cc1: warning: command line option '-fno-rtti' is valid for C++/D/ObjC++ but not for C
configure:8512: $? = 0
configure:8525: result: no
configure:8545: checking for arm-unknown-linux-gnueabihf-gcc option to produce PIC
configure:8831: result: -fPIC -DPIC
configure:8843: checking if arm-unknown-linux-gnueabihf-gcc PIC flag -fPIC -DPIC works
configure:8861: arm-unknown-linux-gnueabihf-gcc -c -g -O2      -fPIC -DPIC -DPIC conftest.c >&5
configure:8865: $? = 0
configure:8878: result: yes
configure:8902: checking if arm-unknown-linux-gnueabihf-gcc static flag -static works
configure:8930: result: yes
configure:8945: checking if arm-unknown-linux-gnueabihf-gcc supports -c -o file.o
configure:8966: arm-unknown-linux-gnueabihf-gcc -c -g -O2      -o out/conftest2.o conftest.c >&5
configure:8970: $? = 0
configure:8992: result: yes
configure:9000: checking if arm-unknown-linux-gnueabihf-gcc supports -c -o file.o
configure:9047: result: yes
configure:9080: checking whether the arm-unknown-linux-gnueabihf-gcc linker (/home/dev/x-tools/arm-unknown-linux-gnueabihf/lib/gcc/arm-unknown-linux-gnueabihf/9.5.0/../../../../arm-unknown-linux-gnueabihf/bin/ld) supports shared libraries
configure:10151: result: yes
configure:10396: checking dynamic linker characteristics
configure:10842: arm-unknown-linux-gnueabihf-gcc -o conftest -g -O2        -Wl,-rpath -Wl,/foo conftest.c  >&5
configure:10842: $? = 0
configure:11083: result: GNU/Linux ld.so
configure:11190: checking how to hardcode library paths into programs
configure:11215: result: immediate
configure:11755: checking whether stripping libraries is possible
configure:11760: result: yes
configure:11795: checking if libtool supports shared libraries
configure:11797: result: yes
configure:11800: checking whether to build shared libraries
configure:11821: result: no
configure:11824: checking whether to build static libraries
configure:11828: result: yes
configure:11870: checking for special C compiler options needed for large files
configure:11915: result: no
configure:11921: checking for _FILE_OFFSET_BITS value needed for large files
configure:11946: arm-unknown-linux-gnueabihf-gcc -c -g -O2      conftest.c >&5
conftest.c:33:33: warning: left shift count >= width of type [-Wshift-count-overflow]
   33 | #define LARGE_OFF_T (((off_t) 1 << 62) - 1 + ((off_t) 1 << 62))
      |                                 ^~
conftest.c:34:23: note: in expansion of macro 'LARGE_OFF_T'
   34 |   int off_t_is_large[(LARGE_OFF_T % 2147483629 == 721
      |                       ^~~~~~~~~~~
conftest.c:33:57: warning: left shift count >= width of type [-Wshift-count-overflow]
   33 | #define LARGE_OFF_T (((off_t) 1 << 62) - 1 + ((off_t) 1 << 62))
      |                                                         ^~
conftest.c:34:23: note: in expansion of macro 'LARGE_OFF_T'
   34 |   int off_t_is_large[(LARGE_OFF_T % 2147483629 == 721
      |                       ^~~~~~~~~~~
conftest.c:33:33: warning: left shift count >= width of type [-Wshift-count-overflow]
   33 | #define LARGE_OFF_T (((off_t) 1 << 62) - 1 + ((off_t) 1 << 62))
      |                                 ^~
conftest.c:35:13: note: in expansion of macro 'LARGE_OFF_T'
   35 |          && LARGE_OFF_T % 2147483647 == 1)
      |             ^~~~~~~~~~~
conftest.c:33:57: warning: left shift count >= width of type [-Wshift-count-overflow]
   33 | #define LARGE_OFF_T (((off_t) 1 << 62) - 1 + ((off_t) 1 << 62))
      |                                                         ^~
conftest.c:35:13: note: in expansion of macro 'LARGE_OFF_T'
   35 |          && LARGE_OFF_T % 2147483647 == 1)
      |             ^~~~~~~~~~~
conftest.c:34:7: error: variably modified 'off_t_is_large' at file scope
   34 |   int off_t_is_large[(LARGE_OFF_T % 2147483629 == 721
      |       ^~~~~~~~~~~~~~
configure:11946: $? = 1
configure: failed program was:
| /* confdefs.h */
| #define PACKAGE_NAME "libsframe"
| #define PACKAGE_TARNAME "libsframe"
| #define PACKAGE_VERSION "BFD_VERSION"
| #define PACKAGE_STRING "libsframe BFD_VERSION"
| #define PACKAGE_BUGREPORT ""
| #define PACKAGE_URL ""
| #define STDC_HEADERS 1
| #define HAVE_SYS_TYPES_H 1
| #define HAVE_SYS_STAT_H 1
| #define HAVE_STDLIB_H 1
| #define HAVE_STRING_H 1
| #define HAVE_MEMORY_H 1
| #define HAVE_STRINGS_H 1
| #define HAVE_INTTYPES_H 1
| #define HAVE_STDINT_H 1
| #define HAVE_UNISTD_H 1
| #define __EXTENSIONS__ 1
| #define _ALL_SOURCE 1
| #define _GNU_SOURCE 1
| #define _POSIX_PTHREAD_SEMANTICS 1
| #define _TANDEM_SOURCE 1
| #define PACKAGE "libsframe"
| #define VERSION "BFD_VERSION"
| #define HAVE_DLFCN_H 1
| #define LT_OBJDIR ".libs/"
| /* end confdefs.h.  */
| #include <sys/types.h>
|  /* Check that off_t can represent 2**63 - 1 correctly.
|     We can't simply define LARGE_OFF_T to be 9223372036854775807,
|     since some C++ compilers masquerading as C compilers
|     incorrectly reject 9223372036854775807.  */
| #define LARGE_OFF_T (((off_t) 1 << 62) - 1 + ((off_t) 1 << 62))
|   int off_t_is_large[(LARGE_OFF_T % 2147483629 == 721
| 		       && LARGE_OFF_T % 2147483647 == 1)
| 		      ? 1 : -1];
| int
| main ()
| {
| 
|   ;
|   return 0;
| }
configure:11970: arm-unknown-linux-gnueabihf-gcc -c -g -O2      conftest.c >&5
configure:11970: $? = 0
configure:11978: result: 64
configure:12069: checking for aclocal
configure:12096: result: ${SHELL} /home/dev/Desktop/ClaraColour/python/crosstoolsng/binutils-2.42/missing aclocal-1.15
configure:12112: checking for autoconf
configure:12139: result: ${SHELL} /home/dev/Desktop/ClaraColour/python/crosstoolsng/binutils-2.42/missing autoconf
configure:12155: checking for autoheader
configure:12182: result: ${SHELL} /home/dev/Desktop/ClaraColour/python/crosstoolsng/binutils-2.42/missing autoheader
configure:12215: checking whether arm-unknown-linux-gnueabihf-gcc supports -Wall
configure:12232: arm-unknown-linux-gnueabihf-gcc -c -Wall  conftest.c >&5
configure:12232: $? = 0
configure:12241: result: yes
configure:12215: checking whether arm-unknown-linux-gnueabihf-gcc supports -Wextra
configure:12232: arm-unknown-linux-gnueabihf-gcc -c -Wextra  conftest.c >&5
configure:12232: $? = 0
configure:12241: result: yes
configure:12215: checking whether arm-unknown-linux-gnueabihf-gcc supports -Wwrite-strings
configure:12232: arm-unknown-linux-gnueabihf-gcc -c -Wwrite-strings  conftest.c >&5
configure:12232: $? = 0
configure:12241: result: yes
configure:12215: checking whether arm-unknown-linux-gnueabihf-gcc supports -Wmissing-format-attribute
configure:12232: arm-unknown-linux-gnueabihf-gcc -c -Wmissing-format-attribute  conftest.c >&5
configure:12232: $? = 0
configure:12241: result: yes
configure:12215: checking whether arm-unknown-linux-gnueabihf-gcc supports -Wstrict-prototypes
configure:12232: arm-unknown-linux-gnueabihf-gcc -c -Wstrict-prototypes  conftest.c >&5
conftest.c:31:1: warning: function declaration isn't a prototype [-Wstrict-prototypes]
   31 | main ()
      | ^~~~
configure:12232: $? = 0
configure:12241: result: yes
configure:12215: checking whether arm-unknown-linux-gnueabihf-gcc supports -Wmissing-prototypes
configure:12232: arm-unknown-linux-gnueabihf-gcc -c -Wmissing-prototypes  conftest.c >&5
configure:12232: $? = 0
configure:12241: result: yes
configure:12258: checking for incompatibility between DejaGnu and GCC
configure:12260: result: 
configure:12275: arm-unknown-linux-gnueabihf-gcc -o conftest -g -O2        conftest.c  >&5
conftest.c:29:10: fatal error: dejagnu.h: No such file or directory
   29 | #include <dejagnu.h>
      |          ^~~~~~~~~~~
compilation terminated.
configure:12275: $? = 1
configure: failed program was:
| /* confdefs.h */
| #define PACKAGE_NAME "libsframe"
| #define PACKAGE_TARNAME "libsframe"
| #define PACKAGE_VERSION "BFD_VERSION"
| #define PACKAGE_STRING "libsframe BFD_VERSION"
| #define PACKAGE_BUGREPORT ""
| #define PACKAGE_URL ""
| #define STDC_HEADERS 1
| #define HAVE_SYS_TYPES_H 1
| #define HAVE_SYS_STAT_H 1
| #define HAVE_STDLIB_H 1
| #define HAVE_STRING_H 1
| #define HAVE_MEMORY_H 1
| #define HAVE_STRINGS_H 1
| #define HAVE_INTTYPES_H 1
| #define HAVE_STDINT_H 1
| #define HAVE_UNISTD_H 1
| #define __EXTENSIONS__ 1
| #define _ALL_SOURCE 1
| #define _GNU_SOURCE 1
| #define _POSIX_PTHREAD_SEMANTICS 1
| #define _TANDEM_SOURCE 1
| #define PACKAGE "libsframe"
| #define VERSION "BFD_VERSION"
| #define HAVE_DLFCN_H 1
| #define LT_OBJDIR ".libs/"
| #define _FILE_OFFSET_BITS 64
| /* end confdefs.h.  */
| #include <dejagnu.h>
| int
| main ()
| {
| pass ("test foo");
| 	       return 0;
|   ;
|   return 0;
| }
configure:12282: result: no
configure:12307: checking for makeinfo
configure:12334: result: makeinfo --split-size=5000000
configure:12373: checking if using Solaris linker
configure:12382: result: no
configure:12402: result: yes
configure:12421: checking whether to enable maintainer-specific portions of Makefiles
configure:12430: result: no
configure:12458: checking whether to install libbfd
configure:12471: result: yes
configure:12506: checking for stdlib.h
configure:12506: result: yes
configure:12506: checking for unistd.h
configure:12506: result: yes
configure:12506: checking for sys/param.h
configure:12506: arm-unknown-linux-gnueabihf-gcc -c -g -O2      conftest.c >&5
configure:12506: $? = 0
configure:12506: result: yes
configure:12526: checking for getpagesize
configure:12526: arm-unknown-linux-gnueabihf-gcc -o conftest -g -O2        conftest.c  >&5
configure:12526: $? = 0
configure:12526: result: yes
configure:12535: checking for working mmap
configure:12692: result: no
configure:12704: checking byteswap.h usability
configure:12704: arm-unknown-linux-gnueabihf-gcc -c -g -O2      conftest.c >&5
configure:12704: $? = 0
configure:12704: result: yes
configure:12704: checking byteswap.h presence
configure:12704: arm-unknown-linux-gnueabihf-gcc -E  conftest.c
configure:12704: $? = 0
configure:12704: result: yes
configure:12704: checking for byteswap.h
configure:12704: result: yes
configure:12704: checking endian.h usability
configure:12704: arm-unknown-linux-gnueabihf-gcc -c -g -O2      conftest.c >&5
configure:12704: $? = 0
configure:12704: result: yes
configure:12704: checking endian.h presence
configure:12704: arm-unknown-linux-gnueabihf-gcc -E  conftest.c
configure:12704: $? = 0
configure:12704: result: yes
configure:12704: checking for endian.h
configure:12704: result: yes
configure:12715: checking whether bswap_16 is declared
configure:12715: arm-unknown-linux-gnueabihf-gcc -c -g -O2      conftest.c >&5
configure:12715: $? = 0
configure:12715: result: yes
configure:12726: checking whether bswap_32 is declared
configure:12726: arm-unknown-linux-gnueabihf-gcc -c -g -O2      conftest.c >&5
configure:12726: $? = 0
configure:12726: result: yes
configure:12737: checking whether bswap_64 is declared
configure:12737: arm-unknown-linux-gnueabihf-gcc -c -g -O2      conftest.c >&5
configure:12737: $? = 0
configure:12737: result: yes
configure:12811: updating cache ./config.cache
configure:12855: checking that generated files are newer than configure
configure:12861: result: done
configure:12908: creating ./config.status

## ---------------------- ##
## Running config.status. ##
## ---------------------- ##

This file was extended by libsframe config.status BFD_VERSION, which was
generated by GNU Autoconf 2.69.  Invocation command line was

  CONFIG_FILES    = 
  CONFIG_HEADERS  = 
  CONFIG_LINKS    = 
  CONFIG_COMMANDS = 
  $ ./config.status 

on host

config.status:1100: creating Makefile
config.status:1100: creating config.h
config.status:1329: executing depfiles commands
config.status:1329: executing libtool commands

## ---------------- ##
## Cache variables. ##
## ---------------- ##

ac_cv_build=x86_64-pc-linux-gnu
ac_cv_c_compiler_gnu=yes
ac_cv_dejagnu_compat=no
ac_cv_env_CC_set=set
ac_cv_env_CC_value=arm-unknown-linux-gnueabihf-gcc
ac_cv_env_CFLAGS_set=set
ac_cv_env_CFLAGS_value='-g -O2    '
ac_cv_env_CPPFLAGS_set=
ac_cv_env_CPPFLAGS_value=
ac_cv_env_CPP_set=
ac_cv_env_CPP_value=
ac_cv_env_LDFLAGS_set=set
ac_cv_env_LDFLAGS_value=' '
ac_cv_env_LIBS_set=
ac_cv_env_LIBS_value=
ac_cv_env_build_alias_set=set
ac_cv_env_build_alias_value=x86_64-pc-linux-gnu
ac_cv_env_host_alias_set=set
ac_cv_env_host_alias_value=arm-unknown-linux-gnueabihf
ac_cv_env_target_alias_set=set
ac_cv_env_target_alias_value=arm-unknown-linux-gnueabihf
ac_cv_func_getpagesize=yes
ac_cv_func_mmap_fixed_mapped=no
ac_cv_have_decl_bswap_16=yes
ac_cv_have_decl_bswap_32=yes
ac_cv_have_decl_bswap_64=yes
ac_cv_header_byteswap_h=yes
ac_cv_header_dlfcn_h=yes
ac_cv_header_endian_h=yes
ac_cv_header_inttypes_h=yes
ac_cv_header_memory_h=yes
ac_cv_header_minix_config_h=no
ac_cv_header_stdc=yes
ac_cv_header_stdint_h=yes
ac_cv_header_stdlib_h=yes
ac_cv_header_string_h=yes
ac_cv_header_strings_h=yes
ac_cv_header_sys_param_h=yes
ac_cv_header_sys_stat_h=yes
ac_cv_header_sys_types_h=yes
ac_cv_header_unistd_h=yes
ac_cv_host=arm-unknown-linux-gnueabihf
ac_cv_objext=o
ac_cv_path_EGREP='/usr/bin/grep -E'
ac_cv_path_FGREP='/usr/bin/grep -F'
ac_cv_path_GREP=/usr/bin/grep
ac_cv_path_SED=/usr/bin/sed
ac_cv_path_mkdir=/usr/bin/mkdir
ac_cv_prog_ACLOCAL='${SHELL} /home/dev/Desktop/ClaraColour/python/crosstoolsng/binutils-2.42/missing aclocal-1.15'
ac_cv_prog_AR='arm-unknown-linux-gnueabihf-ar '
ac_cv_prog_AUTOCONF='${SHELL} /home/dev/Desktop/ClaraColour/python/crosstoolsng/binutils-2.42/missing autoconf'
ac_cv_prog_AUTOHEADER='${SHELL} /home/dev/Desktop/ClaraColour/python/crosstoolsng/binutils-2.42/missing autoheader'
ac_cv_prog_AWK=gawk
ac_cv_prog_CC=arm-unknown-linux-gnueabihf-gcc
ac_cv_prog_CPP='arm-unknown-linux-gnueabihf-gcc -E'
ac_cv_prog_MAKEINFO='makeinfo --split-size=5000000'
ac_cv_prog_OBJDUMP=arm-unknown-linux-gnueabihf-objdump
ac_cv_prog_RANLIB='arm-unknown-linux-gnueabihf-ranlib '
ac_cv_prog_STRIP=arm-unknown-linux-gnueabihf-strip
ac_cv_prog_cc_c89=
ac_cv_prog_cc_g=yes
ac_cv_prog_make_make_set=yes
ac_cv_safe_to_define___extensions__=yes
ac_cv_sys_file_offset_bits=64
ac_cv_sys_largefile_CC=no
acx_cv_prog_cc_warning__Wall=yes
acx_cv_prog_cc_warning__Wextra=yes
acx_cv_prog_cc_warning__Wmissing_format_attribute=yes
acx_cv_prog_cc_warning__Wmissing_prototypes=yes
acx_cv_prog_cc_warning__Wstrict_prototypes=yes
acx_cv_prog_cc_warning__Wwrite_strings=yes
am_cv_CC_dependencies_compiler_type=gcc3
am_cv_ar_interface=ar
am_cv_make_support_nested_variables=yes
am_cv_prog_cc_c_o=yes
lt_cv_deplibs_check_method=pass_all
lt_cv_file_magic_cmd='$MAGIC_CMD'
lt_cv_file_magic_test_file=
lt_cv_ld_reload_flag=-r
lt_cv_nm_interface='BSD nm'
lt_cv_objdir=.libs
lt_cv_path_LD=/home/dev/x-tools/arm-unknown-linux-gnueabihf/lib/gcc/arm-unknown-linux-gnueabihf/9.5.0/../../../../arm-unknown-linux-gnueabihf/bin/ld
lt_cv_path_NM='/home/dev/x-tools/arm-unknown-linux-gnueabihf/bin/arm-unknown-linux-gnueabihf-nm -B'
lt_cv_prog_compiler_c_o=yes
lt_cv_prog_compiler_pic_works=yes
lt_cv_prog_compiler_rtti_exceptions=no
lt_cv_prog_compiler_static_works=yes
lt_cv_prog_gnu_ld=yes
lt_cv_shlibpath_overrides_runpath=no
lt_cv_sys_global_symbol_pipe='sed -n -e '\''s/^.*[	 ]\([ABCDGIRSTW][ABCDGIRSTW]*\)[	 ][	 ]*\([_A-Za-z][_A-Za-z0-9]*\)$/\1 \2 \2/p'\'''
lt_cv_sys_global_symbol_to_c_name_address='sed -n -e '\''s/^: \([^ ]*\) $/  {\"\1\", (void *) 0},/p'\'' -e '\''s/^[ABCDGIRSTW]* \([^ ]*\) \([^ ]*\)$/  {"\2", (void *) \&\2},/p'\'''
lt_cv_sys_global_symbol_to_c_name_address_lib_prefix='sed -n -e '\''s/^: \([^ ]*\) $/  {\"\1\", (void *) 0},/p'\'' -e '\''s/^[ABCDGIRSTW]* \([^ ]*\) \(lib[^ ]*\)$/  {"\2", (void *) \&\2},/p'\'' -e '\''s/^[ABCDGIRSTW]* \([^ ]*\) \([^ ]*\)$/  {"lib\2", (void *) \&\2},/p'\'''
lt_cv_sys_global_symbol_to_cdecl='sed -n -e '\''s/^T .* \(.*\)$/extern int \1();/p'\'' -e '\''s/^[ABCDGIRSTW]* .* \(.*\)$/extern char \1;/p'\'''
lt_cv_sys_max_cmd_len=1572864

## ----------------- ##
## Output variables. ##
## ----------------- ##

ACLOCAL='${SHELL} /home/dev/Desktop/ClaraColour/python/crosstoolsng/binutils-2.42/missing aclocal-1.15'
AMDEPBACKSLASH='\'
AMDEP_FALSE='#'
AMDEP_TRUE=''
AMTAR='$${TAR-tar}'
AM_BACKSLASH='\'
AM_DEFAULT_V='$(AM_DEFAULT_VERBOSITY)'
AM_DEFAULT_VERBOSITY='0'
AM_V='$(V)'
AR='arm-unknown-linux-gnueabihf-ar '
AUTOCONF='${SHELL} /home/dev/Desktop/ClaraColour/python/crosstoolsng/binutils-2.42/missing autoconf'
AUTOHEADER='${SHELL} /home/dev/Desktop/ClaraColour/python/crosstoolsng/binutils-2.42/missing autoheader'
AUTOMAKE='${SHELL} /home/dev/Desktop/ClaraColour/python/crosstoolsng/binutils-2.42/missing automake-1.15'
AWK='gawk'
BUILD_INFO_FALSE='#'
BUILD_INFO_TRUE=''
CC='arm-unknown-linux-gnueabihf-gcc'
CCDEPMODE='depmode=gcc3'
CFLAGS='-g -O2    '
COMPAT_DEJAGNU='no'
CPP='arm-unknown-linux-gnueabihf-gcc -E'
CPPFLAGS=''
CYGPATH_W='echo'
DEFS='-DHAVE_CONFIG_H'
DEPDIR='.deps'
DSYMUTIL='arm-unknown-linux-gnueabihf-dsymutil'
DUMPBIN=''
ECHO_C=''
ECHO_N='-n'
ECHO_T=''
EGREP='/usr/bin/grep -E'
EXEEXT=''
FGREP='/usr/bin/grep -F'
GREP='/usr/bin/grep'
HAVE_COMPAT_DEJAGNU_FALSE=''
HAVE_COMPAT_DEJAGNU_TRUE='#'
HAVE_LD_VERSION_SCRIPT_FALSE='#'
HAVE_LD_VERSION_SCRIPT_TRUE=''
HAVE_SOLARIS_LD_FALSE=''
HAVE_SOLARIS_LD_TRUE='#'
INSTALL_DATA='/usr/bin/install -c -m 644'
INSTALL_LIBBFD_FALSE='#'
INSTALL_LIBBFD_TRUE=''
INSTALL_PROGRAM='/usr/bin/install -c'
INSTALL_SCRIPT='/usr/bin/install -c'
INSTALL_STRIP_PROGRAM='$(install_sh) -c -s'
LD='/home/dev/x-tools/arm-unknown-linux-gnueabihf/lib/gcc/arm-unknown-linux-gnueabihf/9.5.0/../../../../arm-unknown-linux-gnueabihf/bin/ld'
LDFLAGS=' '
LIBOBJS=''
LIBS=''
LIBTOOL='$(SHELL) $(top_builddir)/libtool'
LIPO=''
LN_S='ln -s'
LTLIBOBJS=''
MAINT='#'
MAINTAINER_MODE_FALSE=''
MAINTAINER_MODE_TRUE='#'
MAKEINFO='makeinfo --split-size=5000000'
MKDIR_P='/usr/bin/mkdir -p'
NM='/home/dev/x-tools/arm-unknown-linux-gnueabihf/bin/arm-unknown-linux-gnueabihf-nm -B'
NMEDIT=''
OBJDUMP='arm-unknown-linux-gnueabihf-objdump'
OBJEXT='o'
OTOOL64=''
OTOOL='arm-unknown-linux-gnueabihf-otool'
PACKAGE='libsframe'
PACKAGE_BUGREPORT=''
PACKAGE_NAME='libsframe'
PACKAGE_STRING='libsframe BFD_VERSION'
PACKAGE_TARNAME='libsframe'
PACKAGE_URL=''
PACKAGE_VERSION='BFD_VERSION'
PATH_SEPARATOR=':'
RANLIB='arm-unknown-linux-gnueabihf-ranlib  --plugin /home/dev/x-tools/arm-unknown-linux-gnueabihf/libexec/gcc/arm-unknown-linux-gnueabihf/9.5.0/liblto_plugin.so'
SED='/usr/bin/sed'
SET_MAKE=''
SHELL='/bin/bash'
STRIP='arm-unknown-linux-gnueabihf-strip'
VERSION='BFD_VERSION'
ac_ct_AR=''
ac_ct_CC=''
ac_ct_DUMPBIN=''
ac_libsframe_warn_cflags='-Wall -Wextra -Wwrite-strings -Wmissing-format-attribute -Wstrict-prototypes -Wmissing-prototypes'
am__EXEEXT_FALSE=''
am__EXEEXT_TRUE='#'
am__fastdepCC_FALSE='#'
am__fastdepCC_TRUE=''
am__include='include'
am__isrc=''
am__leading_dot='.'
am__nodep='_no'
am__quote=''
am__tar='$${TAR-tar} chof - "$$tardir"'
am__untar='$${TAR-tar} xf -'
bfdincludedir='$(includedir)'
bfdlibdir='$(libdir)'
bindir='${exec_prefix}/bin'
build='x86_64-pc-linux-gnu'
build_alias='x86_64-pc-linux-gnu'
build_cpu='x86_64'
build_os='linux-gnu'
build_vendor='pc'
datadir='${datarootdir}'
datarootdir='${prefix}/share'
docdir='${datarootdir}/doc/${PACKAGE_TARNAME}'
dvidir='${docdir}'
exec_prefix='${prefix}'
host='arm-unknown-linux-gnueabihf'
host_alias='arm-unknown-linux-gnueabihf'
host_cpu='arm'
host_noncanonical='arm-unknown-linux-gnueabihf'
host_os='linux-gnueabihf'
host_vendor='unknown'
htmldir='${docdir}'
includedir='${prefix}/include'
infodir='${datarootdir}/info'
install_sh='${SHELL} /home/dev/Desktop/ClaraColour/python/crosstoolsng/binutils-2.42/install-sh'
libdir='${exec_prefix}/lib'
libexecdir='${exec_prefix}/libexec'
localedir='${datarootdir}/locale'
localstatedir='${prefix}/var'
mandir='${datarootdir}/man'
mkdir_p='$(MKDIR_P)'
oldincludedir='/usr/include'
pdfdir='${docdir}'
prefix='/home/dev/x-tools/arm-unknown-linux-gnueabihf'
program_transform_name='s,y,y,'
psdir='${docdir}'
sbindir='${exec_prefix}/sbin'
sharedstatedir='${prefix}/com'
sysconfdir='${prefix}/etc'
target_alias='arm-unknown-linux-gnueabihf'
target_noncanonical='arm-unknown-linux-gnueabihf'

## ----------- ##
## confdefs.h. ##
## ----------- ##

/* confdefs.h */
#define PACKAGE_NAME "libsframe"
#define PACKAGE_TARNAME "libsframe"
#define PACKAGE_VERSION "BFD_VERSION"
#define PACKAGE_STRING "libsframe BFD_VERSION"
#define PACKAGE_BUGREPORT ""
#define PACKAGE_URL ""
#define STDC_HEADERS 1
#define HAVE_SYS_TYPES_H 1
#define HAVE_SYS_STAT_H 1
#define HAVE_STDLIB_H 1
#define HAVE_STRING_H 1
#define HAVE_MEMORY_H 1
#define HAVE_STRINGS_H 1
#define HAVE_INTTYPES_H 1
#define HAVE_STDINT_H 1
#define HAVE_UNISTD_H 1
#define __EXTENSIONS__ 1
#define _ALL_SOURCE 1
#define _GNU_SOURCE 1
#define _POSIX_PTHREAD_SEMANTICS 1
#define _TANDEM_SOURCE 1
#define PACKAGE "libsframe"
#define VERSION "BFD_VERSION"
#define HAVE_DLFCN_H 1
#define LT_OBJDIR ".libs/"
#define _FILE_OFFSET_BITS 64
#define HAVE_STDLIB_H 1
#define HAVE_UNISTD_H 1
#define HAVE_SYS_PARAM_H 1
#define HAVE_GETPAGESIZE 1
#define HAVE_BYTESWAP_H 1
#define HAVE_ENDIAN_H 1
#define HAVE_DECL_BSWAP_16 1
#define HAVE_DECL_BSWAP_32 1
#define HAVE_DECL_BSWAP_64 1

configure: exit 0
