This file contains any messages produced by compilers while
running configure, to aid debugging if configure makes a mistake.

It was created by configure, which was
generated by GNU Autoconf 2.69.  Invocation command line was

  $ ./configure --host=arm-unknown-linux-gnueabihf --target=arm-unknown-linux-gnueabihf --prefix=/home/dev/x-tools/arm-unknown-linux-gnueabihf --enable-static --disable-shared --disable-multilib

## --------- ##
## Platform. ##
## --------- ##

hostname = host
uname -m = x86_64
uname -r = 6.12.105+deb13-amd64
uname -s = Linux
uname -v = #1 SMP PREEMPT_DYNAMIC Debian 6.12.105-1 (2026-08-24)

/usr/bin/uname -p = unknown
/bin/uname -X     = unknown

/bin/arch              = x86_64
/usr/bin/arch -k       = unknown
/usr/convex/getsysinfo = unknown
/usr/bin/hostinfo      = unknown
/bin/machine           = unknown
/usr/bin/oslevel       = unknown
/bin/universe          = unknown

PATH: /home/dev/x-tools/arm-unknown-linux-gnueabihf/bin
PATH: /home/dev/x-tools/arm-unknown-linux-gnueabihf/bin
PATH: /usr/local/bin
PATH: /usr/bin
PATH: /bin
PATH: /usr/local/games
PATH: /usr/games
PATH: /snap/bin
PATH: /home/dev/go/bin


## ----------- ##
## Core tests. ##
## ----------- ##

configure:2400: checking build system type
configure:2414: result: x86_64-pc-linux-gnu
configure:2461: checking host system type
configure:2474: result: arm-unknown-linux-gnueabihf
configure:2494: checking target system type
configure:2507: result: arm-unknown-linux-gnueabihf
configure:2561: checking for a BSD-compatible install
configure:2629: result: /usr/bin/install -c
configure:2640: checking whether ln works
configure:2662: result: yes
configure:2666: checking whether ln -s works
configure:2670: result: yes
configure:2677: checking for a sed that does not truncate output
configure:2741: result: /usr/bin/sed
configure:2750: checking for gawk
configure:2766: found /usr/bin/gawk
configure:2777: result: gawk
configure:4182: checking for arm-unknown-linux-gnueabihf-gcc
configure:4209: result: arm-unknown-linux-gnueabihf-gcc
configure:4478: checking for C compiler version
configure:4487: arm-unknown-linux-gnueabihf-gcc --version >&5
arm-unknown-linux-gnueabihf-gcc (crosstool-NG 1.29.0.3_2e5d0b8) 9.5.0
Copyright (C) 2019 Free Software Foundation, Inc.
This is free software; see the source for copying conditions.  There is NO
warranty; not even for MERCHANTABILITY or FITNESS FOR A PARTICULAR PURPOSE.

configure:4498: $? = 0
configure:4487: arm-unknown-linux-gnueabihf-gcc -v >&5
Using built-in specs.
COLLECT_GCC=arm-unknown-linux-gnueabihf-gcc
COLLECT_LTO_WRAPPER=/home/dev/x-tools/arm-unknown-linux-gnueabihf/libexec/gcc/arm-unknown-linux-gnueabihf/9.5.0/lto-wrapper
Target: arm-unknown-linux-gnueabihf
Configured with: /home/dev/Desktop/ClaraColour/python/crosstoolsng/crosstool-ng/.build/arm-unknown-linux-gnueabihf/src/gcc/configure --build=x86_64-build_pc-linux-gnu --host=x86_64-build_pc-linux-gnu --target=arm-unknown-linux-gnueabihf --prefix=/home/dev/x-tools/arm-unknown-linux-gnueabihf --exec_prefix=/home/dev/x-tools/arm-unknown-linux-gnueabihf --with-sysroot=/home/dev/x-tools/arm-unknown-linux-gnueabihf/arm-unknown-linux-gnueabihf/sysroot --enable-languages=c,c++ --with-arch=armv7-a --with-tune=cortex-a53 --with-fpu=neon-vfpv4 --with-float=hard --with-pkgversion='crosstool-NG 1.29.0.3_2e5d0b8' --enable-__cxa_atexit --disable-tm-clone-registry --disable-libmudflap --disable-libgomp --disable-libssp --disable-libquadmath --disable-libquadmath-support --disable-libsanitizer --disable-libmpx --with-gmp=/home/dev/Desktop/ClaraColour/python/crosstoolsng/crosstool-ng/.build/arm-unknown-linux-gnueabihf/buildtools --with-mpfr=/home/dev/Desktop/ClaraColour/python/crosstoolsng/crosstool-ng/.build/arm-unknown-linux-gnueabihf/buildtools --with-mpc=/home/dev/Desktop/ClaraColour/python/crosstoolsng/crosstool-ng/.build/arm-unknown-linux-gnueabihf/buildtools --with-isl=/home/dev/Desktop/ClaraColour/python/crosstoolsng/crosstool-ng/.build/arm-unknown-linux-gnueabihf/buildtools --enable-lto --without-zstd --enable-threads=posix --enable-target-optspace --disable-plugin --disable-nls --disable-multilib --with-local-prefix=/home/dev/x-tools/arm-unknown-linux-gnueabihf/arm-unknown-linux-gnueabihf/sysroot --enable-long-long
Thread model: posix
gcc version 9.5.0 (crosstool-NG 1.29.0.3_2e5d0b8) 
configure:4498: $? = 0
configure:4487: arm-unknown-linux-gnueabihf-gcc -V >&5
arm-unknown-linux-gnueabihf-gcc: error: unrecognized command line option '-V'
arm-unknown-linux-gnueabihf-gcc: fatal error: no input files
compilation terminated.
configure:4498: $? = 1
configure:4487: arm-unknown-linux-gnueabihf-gcc -qversion >&5
arm-unknown-linux-gnueabihf-gcc: error: unrecognized command line option '-qversion'; did you mean '--version'?
arm-unknown-linux-gnueabihf-gcc: fatal error: no input files
compilation terminated.
configure:4498: $? = 1
configure:4518: checking whether the C compiler works
configure:4540: arm-unknown-linux-gnueabihf-gcc    conftest.c  >&5
configure:4544: $? = 0
configure:4592: result: yes
configure:4595: checking for C compiler default output file name
configure:4597: result: a.out
configure:4603: checking for suffix of executables
configure:4610: arm-unknown-linux-gnueabihf-gcc -o conftest    conftest.c  >&5
configure:4614: $? = 0
configure:4636: result: 
configure:4658: checking whether we are cross compiling
configure:4666: arm-unknown-linux-gnueabihf-gcc -o conftest    conftest.c  >&5
configure:4670: $? = 0
configure:4677: ./conftest
./configure: line 4679: ./conftest: cannot execute binary file: Exec format error
configure:4681: $? = 126
configure:4696: result: yes
configure:4701: checking for suffix of object files
configure:4723: arm-unknown-linux-gnueabihf-gcc -c   conftest.c >&5
configure:4727: $? = 0
configure:4748: result: o
configure:4752: checking whether we are using the GNU C compiler
configure:4771: arm-unknown-linux-gnueabihf-gcc -c   conftest.c >&5
configure:4771: $? = 0
configure:4780: result: yes
configure:4789: checking whether arm-unknown-linux-gnueabihf-gcc accepts -g
configure:4809: arm-unknown-linux-gnueabihf-gcc -c -g  conftest.c >&5
configure:4809: $? = 0
configure:4850: result: yes
configure:4867: checking for arm-unknown-linux-gnueabihf-gcc option to accept ISO C89
configure:4930: arm-unknown-linux-gnueabihf-gcc  -c -g -O2  conftest.c >&5
configure:4930: $? = 0
configure:4943: result: none needed
configure:4963: checking for arm-unknown-linux-gnueabihf-gcc option to accept ISO C99
configure:5112: arm-unknown-linux-gnueabihf-gcc  -c -g -O2  conftest.c >&5
configure:5112: $? = 0
configure:5125: result: none needed
configure:5154: checking for arm-unknown-linux-gnueabihf-g++
configure:5170: found /home/dev/x-tools/arm-unknown-linux-gnueabihf/bin/arm-unknown-linux-gnueabihf-g++
configure:5181: result: arm-unknown-linux-gnueabihf-g++
configure:5252: checking for C++ compiler version
configure:5261: arm-unknown-linux-gnueabihf-g++ --version >&5
arm-unknown-linux-gnueabihf-g++ (crosstool-NG 1.29.0.3_2e5d0b8) 9.5.0
Copyright (C) 2019 Free Software Foundation, Inc.
This is free software; see the source for copying conditions.  There is NO
warranty; not even for MERCHANTABILITY or FITNESS FOR A PARTICULAR PURPOSE.

configure:5272: $? = 0
configure:5261: arm-unknown-linux-gnueabihf-g++ -v >&5
Using built-in specs.
COLLECT_GCC=arm-unknown-linux-gnueabihf-g++
COLLECT_LTO_WRAPPER=/home/dev/x-tools/arm-unknown-linux-gnueabihf/libexec/gcc/arm-unknown-linux-gnueabihf/9.5.0/lto-wrapper
Target: arm-unknown-linux-gnueabihf
Configured with: /home/dev/Desktop/ClaraColour/python/crosstoolsng/crosstool-ng/.build/arm-unknown-linux-gnueabihf/src/gcc/configure --build=x86_64-build_pc-linux-gnu --host=x86_64-build_pc-linux-gnu --target=arm-unknown-linux-gnueabihf --prefix=/home/dev/x-tools/arm-unknown-linux-gnueabihf --exec_prefix=/home/dev/x-tools/arm-unknown-linux-gnueabihf --with-sysroot=/home/dev/x-tools/arm-unknown-linux-gnueabihf/arm-unknown-linux-gnueabihf/sysroot --enable-languages=c,c++ --with-arch=armv7-a --with-tune=cortex-a53 --with-fpu=neon-vfpv4 --with-float=hard --with-pkgversion='crosstool-NG 1.29.0.3_2e5d0b8' --enable-__cxa_atexit --disable-tm-clone-registry --disable-libmudflap --disable-libgomp --disable-libssp --disable-libquadmath --disable-libquadmath-support --disable-libsanitizer --disable-libmpx --with-gmp=/home/dev/Desktop/ClaraColour/python/crosstoolsng/crosstool-ng/.build/arm-unknown-linux-gnueabihf/buildtools --with-mpfr=/home/dev/Desktop/ClaraColour/python/crosstoolsng/crosstool-ng/.build/arm-unknown-linux-gnueabihf/buildtools --with-mpc=/home/dev/Desktop/ClaraColour/python/crosstoolsng/crosstool-ng/.build/arm-unknown-linux-gnueabihf/buildtools --with-isl=/home/dev/Desktop/ClaraColour/python/crosstoolsng/crosstool-ng/.build/arm-unknown-linux-gnueabihf/buildtools --enable-lto --without-zstd --enable-threads=posix --enable-target-optspace --disable-plugin --disable-nls --disable-multilib --with-local-prefix=/home/dev/x-tools/arm-unknown-linux-gnueabihf/arm-unknown-linux-gnueabihf/sysroot --enable-long-long
Thread model: posix
gcc version 9.5.0 (crosstool-NG 1.29.0.3_2e5d0b8) 
configure:5272: $? = 0
configure:5261: arm-unknown-linux-gnueabihf-g++ -V >&5
arm-unknown-linux-gnueabihf-g++: error: unrecognized command line option '-V'
arm-unknown-linux-gnueabihf-g++: fatal error: no input files
compilation terminated.
configure:5272: $? = 1
configure:5261: arm-unknown-linux-gnueabihf-g++ -qversion >&5
arm-unknown-linux-gnueabihf-g++: error: unrecognized command line option '-qversion'; did you mean '--version'?
arm-unknown-linux-gnueabihf-g++: fatal error: no input files
compilation terminated.
configure:5272: $? = 1
configure:5276: checking whether we are using the GNU C++ compiler
configure:5295: arm-unknown-linux-gnueabihf-g++ -c   conftest.cpp >&5
configure:5295: $? = 0
configure:5304: result: yes
configure:5313: checking whether arm-unknown-linux-gnueabihf-g++ accepts -g
configure:5333: arm-unknown-linux-gnueabihf-g++ -c -g  conftest.cpp >&5
configure:5333: $? = 0
configure:5374: result: yes
configure:5423: checking whether g++ accepts -static-libstdc++ -static-libgcc
configure:5440: arm-unknown-linux-gnueabihf-g++ -o conftest -g -O2   -static-libstdc++ -static-libgcc conftest.cpp  >&5
configure:5440: $? = 0
configure:5441: result: yes
configure:5465: checking for arm-unknown-linux-gnueabihf-gnatbind
configure:5495: result: no
configure:5505: checking for gnatbind
configure:5535: result: no
configure:5557: checking for arm-unknown-linux-gnueabihf-gnatmake
configure:5587: result: no
configure:5597: checking for gnatmake
configure:5627: result: no
configure:5646: checking whether compiler driver understands Ada and is recent enough
configure:5673: result: no
configure:5687: checking for arm-unknown-linux-gnueabihf-gdc
configure:5717: result: no
configure:5727: checking for gdc
configure:5757: result: no
configure:5776: checking whether the D compiler works
configure:5793: result: no
configure:5801: checking how to compare bootstrapped objects
configure:5826: result: cmp --ignore-initial=16 $$f1 $$f2
configure:7970: checking for objdir
configure:7985: result: .libs
configure:8601: checking for isl 0.15 or later
configure:8614: arm-unknown-linux-gnueabihf-gcc -o conftest -g -O2      -lisl -lmpfr -lgmp conftest.c  -lisl -lgmp >&5
conftest.c:10:10: fatal error: isl/schedule.h: No such file or directory
   10 | #include <isl/schedule.h>
      |          ^~~~~~~~~~~~~~~~
compilation terminated.
configure:8614: $? = 1
configure: failed program was:
| /* confdefs.h */
| #define PACKAGE_NAME ""
| #define PACKAGE_TARNAME ""
| #define PACKAGE_VERSION ""
| #define PACKAGE_STRING ""
| #define PACKAGE_BUGREPORT ""
| #define PACKAGE_URL ""
| #define LT_OBJDIR ".libs/"
| /* end confdefs.h.  */
| #include <isl/schedule.h>
| int
| main ()
| {
| isl_options_set_schedule_serialize_sccs (NULL, 0);
|   ;
|   return 0;
| }
configure:8621: result: no
configure:8625: result: required isl version is 0.15 or later
configure:9859: checking for default BUILD_CONFIG
configure:9891: result: 
configure:9896: checking for --enable-vtable-verify
configure:9909: result: no
configure:10586: checking for bison
configure:10602: found /usr/bin/bison
configure:10613: result: bison -y
configure:10633: checking for bison
configure:10649: found /usr/bin/bison
configure:10660: result: bison
configure:10680: checking for gm4
configure:10710: result: no
configure:10680: checking for gnum4
configure:10710: result: no
configure:10680: checking for m4
configure:10696: found /usr/bin/m4
configure:10707: result: m4
configure:10727: checking for flex
configure:10743: found /usr/bin/flex
configure:10754: result: flex
configure:10775: checking for flex
configure:10791: found /usr/bin/flex
configure:10802: result: flex
configure:10822: checking for makeinfo
configure:10838: found /usr/bin/makeinfo
configure:10849: result: makeinfo
configure:10883: checking for expect
configure:10899: found /usr/bin/expect
configure:10910: result: expect
configure:10932: checking for runtest
configure:10962: result: no
configure:10996: checking for ar
configure:11023: result: arm-unknown-linux-gnueabihf-ar
configure:11038: checking for arm-unknown-linux-gnueabihf-ar
configure:11065: result: arm-unknown-linux-gnueabihf-ar
configure:11179: checking for arm-unknown-linux-gnueabihf-as
configure:11195: found /home/dev/x-tools/arm-unknown-linux-gnueabihf/bin/arm-unknown-linux-gnueabihf-as
configure:11206: result: arm-unknown-linux-gnueabihf-as
configure:11320: checking for arm-unknown-linux-gnueabihf-dlltool
configure:11350: result: no
configure:11461: checking for arm-unknown-linux-gnueabihf-dsymutil
configure:11491: result: no
configure:11560: checking for ld
configure:11587: result: /home/dev/x-tools/arm-unknown-linux-gnueabihf/lib/gcc/arm-unknown-linux-gnueabihf/9.5.0/../../../../arm-unknown-linux-gnueabihf/bin/ld
configure:11602: checking for arm-unknown-linux-gnueabihf-ld
configure:11629: result: /home/dev/x-tools/arm-unknown-linux-gnueabihf/lib/gcc/arm-unknown-linux-gnueabihf/9.5.0/../../../../arm-unknown-linux-gnueabihf/bin/ld
configure:11743: checking for arm-unknown-linux-gnueabihf-lipo
configure:11773: result: no
configure:11884: checking for arm-unknown-linux-gnueabihf-nm
configure:11900: found /home/dev/x-tools/arm-unknown-linux-gnueabihf/bin/arm-unknown-linux-gnueabihf-nm
configure:11911: result: arm-unknown-linux-gnueabihf-nm
configure:11983: checking for ranlib
configure:12010: result: arm-unknown-linux-gnueabihf-ranlib
configure:12025: checking for arm-unknown-linux-gnueabihf-ranlib
configure:12052: result: arm-unknown-linux-gnueabihf-ranlib
configure:12161: checking for arm-unknown-linux-gnueabihf-strip
configure:12177: found /home/dev/x-tools/arm-unknown-linux-gnueabihf/bin/arm-unknown-linux-gnueabihf-strip
configure:12188: result: arm-unknown-linux-gnueabihf-strip
configure:12297: checking for arm-unknown-linux-gnueabihf-windres
configure:12327: result: no
configure:12438: checking for arm-unknown-linux-gnueabihf-windmc
configure:12468: result: no
configure:12579: checking for arm-unknown-linux-gnueabihf-objcopy
configure:12595: found /home/dev/x-tools/arm-unknown-linux-gnueabihf/bin/arm-unknown-linux-gnueabihf-objcopy
configure:12606: result: arm-unknown-linux-gnueabihf-objcopy
configure:12720: checking for arm-unknown-linux-gnueabihf-objdump
configure:12736: found /home/dev/x-tools/arm-unknown-linux-gnueabihf/bin/arm-unknown-linux-gnueabihf-objdump
configure:12747: result: arm-unknown-linux-gnueabihf-objdump
configure:12861: checking for arm-unknown-linux-gnueabihf-otool
configure:12891: result: no
configure:13002: checking for arm-unknown-linux-gnueabihf-readelf
configure:13018: found /home/dev/x-tools/arm-unknown-linux-gnueabihf/bin/arm-unknown-linux-gnueabihf-readelf
configure:13029: result: arm-unknown-linux-gnueabihf-readelf
configure:13098: checking for -plugin option
configure:13116: checking for arm-unknown-linux-gnueabihf-ar
configure:13143: result: arm-unknown-linux-gnueabihf-ar
configure:13211: WARNING: Failed: arm-unknown-linux-gnueabihf-ar --plugin /home/dev/x-tools/arm-unknown-linux-gnueabihf/libexec/gcc/arm-unknown-linux-gnueabihf/9.5.0/liblto_plugin.so rc
configure:13221: result: no
configure:13326: checking for arm-unknown-linux-gnueabihf-cc
configure:13342: found /home/dev/x-tools/arm-unknown-linux-gnueabihf/bin/arm-unknown-linux-gnueabihf-cc
configure:13353: result: arm-unknown-linux-gnueabihf-cc
configure:13487: checking for arm-unknown-linux-gnueabihf-c++
configure:13503: found /home/dev/x-tools/arm-unknown-linux-gnueabihf/bin/arm-unknown-linux-gnueabihf-c++
configure:13514: result: arm-unknown-linux-gnueabihf-c++
configure:13648: checking for arm-unknown-linux-gnueabihf-gcc
configure:13664: found /home/dev/x-tools/arm-unknown-linux-gnueabihf/bin/arm-unknown-linux-gnueabihf-gcc
configure:13675: result: arm-unknown-linux-gnueabihf-gcc
configure:13804: checking for arm-unknown-linux-gnueabihf-gfortran
configure:13834: result: no
configure:13965: checking for arm-unknown-linux-gnueabihf-gccgo
configure:13995: result: no
configure:14126: checking for arm-unknown-linux-gnueabihf-gdc
configure:14156: result: no
configure:14287: checking for arm-unknown-linux-gnueabihf-gm2
configure:14317: result: no
configure:14988: checking for arm-unknown-linux-gnueabihf-dlltool
configure:15018: result: no
configure:15218: checking for arm-unknown-linux-gnueabihf-dsymutil
configure:15248: result: no
configure:15678: checking for arm-unknown-linux-gnueabihf-lipo
configure:15708: result: no
configure:16598: checking for arm-unknown-linux-gnueabihf-otool
configure:16628: result: no
configure:17518: checking for arm-unknown-linux-gnueabihf-windres
configure:17548: result: no
configure:17748: checking for arm-unknown-linux-gnueabihf-windmc
configure:17778: result: no
configure:17845: checking where to find the target ar
configure:17851: result: pre-installed in /home/dev/x-tools/arm-unknown-linux-gnueabihf/lib/gcc/arm-unknown-linux-gnueabihf/9.5.0/../../../../arm-unknown-linux-gnueabihf/bin
configure:17887: checking where to find the target as
configure:17893: result: pre-installed in /home/dev/x-tools/arm-unknown-linux-gnueabihf/lib/gcc/arm-unknown-linux-gnueabihf/9.5.0/../../../../arm-unknown-linux-gnueabihf/bin
configure:17929: checking where to find the target cc
configure:17939: result: pre-installed
configure:17971: checking where to find the target c++
configure:17981: result: pre-installed
configure:18016: checking where to find the target c++ for libstdc++
configure:18026: result: pre-installed
configure:18061: checking where to find the target dlltool
configure:18071: result: pre-installed
configure:18103: checking where to find the target dsymutil
configure:18113: result: pre-installed
configure:18134: checking where to find the target gcc
configure:18144: result: pre-installed
configure:18176: checking where to find the target gfortran
configure:18186: result: pre-installed
configure:18221: checking where to find the target gccgo
configure:18231: result: pre-installed
configure:18266: checking where to find the target gdc
configure:18276: result: pre-installed
configure:18311: checking where to find the target gm2
configure:18321: result: pre-installed
configure:18356: checking where to find the target ld
configure:18362: result: pre-installed in /home/dev/x-tools/arm-unknown-linux-gnueabihf/lib/gcc/arm-unknown-linux-gnueabihf/9.5.0/../../../../arm-unknown-linux-gnueabihf/bin
configure:18398: checking where to find the target lipo
configure:18408: result: pre-installed
configure:18429: checking where to find the target nm
configure:18435: result: pre-installed in /home/dev/x-tools/arm-unknown-linux-gnueabihf/lib/gcc/arm-unknown-linux-gnueabihf/9.5.0/../../../../arm-unknown-linux-gnueabihf/bin
configure:18471: checking where to find the target objcopy
configure:18477: result: pre-installed in /home/dev/x-tools/arm-unknown-linux-gnueabihf/lib/gcc/arm-unknown-linux-gnueabihf/9.5.0/../../../../arm-unknown-linux-gnueabihf/bin
configure:18513: checking where to find the target objdump
configure:18519: result: pre-installed in /home/dev/x-tools/arm-unknown-linux-gnueabihf/lib/gcc/arm-unknown-linux-gnueabihf/9.5.0/../../../../arm-unknown-linux-gnueabihf/bin
configure:18555: checking where to find the target otool
configure:18565: result: pre-installed
configure:18586: checking where to find the target ranlib
configure:18592: result: pre-installed in /home/dev/x-tools/arm-unknown-linux-gnueabihf/lib/gcc/arm-unknown-linux-gnueabihf/9.5.0/../../../../arm-unknown-linux-gnueabihf/bin
configure:18628: checking where to find the target readelf
configure:18634: result: pre-installed in /home/dev/x-tools/arm-unknown-linux-gnueabihf/lib/gcc/arm-unknown-linux-gnueabihf/9.5.0/../../../../arm-unknown-linux-gnueabihf/bin
configure:18670: checking where to find the target strip
configure:18676: result: pre-installed in /home/dev/x-tools/arm-unknown-linux-gnueabihf/lib/gcc/arm-unknown-linux-gnueabihf/9.5.0/../../../../arm-unknown-linux-gnueabihf/bin
configure:18712: checking where to find the target windres
configure:18722: result: pre-installed
configure:18754: checking where to find the target windmc
configure:18764: result: pre-installed
configure:18824: checking whether to enable maintainer-specific portions of Makefiles
configure:18833: result: no
configure:19070: creating ./config.status

## ---------------------- ##
## Running config.status. ##
## ---------------------- ##

This file was extended by config.status, which was
generated by GNU Autoconf 2.69.  Invocation command line was

  CONFIG_FILES    = 
  CONFIG_HEADERS  = 
  CONFIG_LINKS    = 
  CONFIG_COMMANDS = 
  $ ./config.status 

on host

config.status:998: creating Makefile

## ---------------- ##
## Cache variables. ##
## ---------------- ##

ac_cv_build=x86_64-pc-linux-gnu
ac_cv_c_compiler_gnu=yes
ac_cv_cxx_compiler_gnu=yes
ac_cv_env_AR_FOR_TARGET_set=
ac_cv_env_AR_FOR_TARGET_value=
ac_cv_env_AR_set=set
ac_cv_env_AR_value=arm-unknown-linux-gnueabihf-ar
ac_cv_env_AS_FOR_TARGET_set=
ac_cv_env_AS_FOR_TARGET_value=
ac_cv_env_AS_set=
ac_cv_env_AS_value=
ac_cv_env_CCC_set=
ac_cv_env_CCC_value=
ac_cv_env_CC_FOR_TARGET_set=
ac_cv_env_CC_FOR_TARGET_value=
ac_cv_env_CC_set=set
ac_cv_env_CC_value=arm-unknown-linux-gnueabihf-gcc
ac_cv_env_CFLAGS_set=
ac_cv_env_CFLAGS_value=
ac_cv_env_CPPFLAGS_set=
ac_cv_env_CPPFLAGS_value=
ac_cv_env_CXXFLAGS_set=
ac_cv_env_CXXFLAGS_value=
ac_cv_env_CXX_FOR_TARGET_set=
ac_cv_env_CXX_FOR_TARGET_value=
ac_cv_env_CXX_set=
ac_cv_env_CXX_value=
ac_cv_env_DLLTOOL_FOR_TARGET_set=
ac_cv_env_DLLTOOL_FOR_TARGET_value=
ac_cv_env_DLLTOOL_set=
ac_cv_env_DLLTOOL_value=
ac_cv_env_DSYMUTIL_FOR_TARGET_set=
ac_cv_env_DSYMUTIL_FOR_TARGET_value=
ac_cv_env_DSYMUTIL_set=
ac_cv_env_DSYMUTIL_value=
ac_cv_env_GCC_FOR_TARGET_set=
ac_cv_env_GCC_FOR_TARGET_value=
ac_cv_env_GDC_FOR_TARGET_set=
ac_cv_env_GDC_FOR_TARGET_value=
ac_cv_env_GFORTRAN_FOR_TARGET_set=
ac_cv_env_GFORTRAN_FOR_TARGET_value=
ac_cv_env_GM2_FOR_TARGET_set=
ac_cv_env_GM2_FOR_TARGET_value=
ac_cv_env_GOC_FOR_TARGET_set=
ac_cv_env_GOC_FOR_TARGET_value=
ac_cv_env_LDFLAGS_set=
ac_cv_env_LDFLAGS_value=
ac_cv_env_LD_FOR_TARGET_set=
ac_cv_env_LD_FOR_TARGET_value=
ac_cv_env_LD_set=
ac_cv_env_LD_value=
ac_cv_env_LIBS_set=
ac_cv_env_LIBS_value=
ac_cv_env_LIPO_FOR_TARGET_set=
ac_cv_env_LIPO_FOR_TARGET_value=
ac_cv_env_LIPO_set=
ac_cv_env_LIPO_value=
ac_cv_env_NM_FOR_TARGET_set=
ac_cv_env_NM_FOR_TARGET_value=
ac_cv_env_NM_set=
ac_cv_env_NM_value=
ac_cv_env_OBJCOPY_FOR_TARGET_set=
ac_cv_env_OBJCOPY_FOR_TARGET_value=
ac_cv_env_OBJCOPY_set=
ac_cv_env_OBJCOPY_value=
ac_cv_env_OBJDUMP_FOR_TARGET_set=
ac_cv_env_OBJDUMP_FOR_TARGET_value=
ac_cv_env_OBJDUMP_set=
ac_cv_env_OBJDUMP_value=
ac_cv_env_OTOOL_FOR_TARGET_set=
ac_cv_env_OTOOL_FOR_TARGET_value=
ac_cv_env_OTOOL_set=
ac_cv_env_OTOOL_value=
ac_cv_env_RANLIB_FOR_TARGET_set=
ac_cv_env_RANLIB_FOR_TARGET_value=
ac_cv_env_RANLIB_set=set
ac_cv_env_RANLIB_value=arm-unknown-linux-gnueabihf-ranlib
ac_cv_env_READELF_FOR_TARGET_set=
ac_cv_env_READELF_FOR_TARGET_value=
ac_cv_env_READELF_set=
ac_cv_env_READELF_value=
ac_cv_env_STRIP_FOR_TARGET_set=
ac_cv_env_STRIP_FOR_TARGET_value=
ac_cv_env_STRIP_set=
ac_cv_env_STRIP_value=
ac_cv_env_WINDMC_FOR_TARGET_set=
ac_cv_env_WINDMC_FOR_TARGET_value=
ac_cv_env_WINDMC_set=
ac_cv_env_WINDMC_value=
ac_cv_env_WINDRES_FOR_TARGET_set=
ac_cv_env_WINDRES_FOR_TARGET_value=
ac_cv_env_WINDRES_set=
ac_cv_env_WINDRES_value=
ac_cv_env_build_alias_set=
ac_cv_env_build_alias_value=
ac_cv_env_build_configargs_set=
ac_cv_env_build_configargs_value=
ac_cv_env_host_alias_set=set
ac_cv_env_host_alias_value=arm-unknown-linux-gnueabihf
ac_cv_env_host_configargs_set=
ac_cv_env_host_configargs_value=
ac_cv_env_target_alias_set=set
ac_cv_env_target_alias_value=arm-unknown-linux-gnueabihf
ac_cv_env_target_configargs_set=
ac_cv_env_target_configargs_value=
ac_cv_host=arm-unknown-linux-gnueabihf
ac_cv_objext=o
ac_cv_path_AR_FOR_TARGET=/home/dev/x-tools/arm-unknown-linux-gnueabihf/lib/gcc/arm-unknown-linux-gnueabihf/9.5.0/../../../../arm-unknown-linux-gnueabihf/bin/ar
ac_cv_path_AS_FOR_TARGET=/home/dev/x-tools/arm-unknown-linux-gnueabihf/lib/gcc/arm-unknown-linux-gnueabihf/9.5.0/../../../../arm-unknown-linux-gnueabihf/bin/as
ac_cv_path_LD_FOR_TARGET=/home/dev/x-tools/arm-unknown-linux-gnueabihf/lib/gcc/arm-unknown-linux-gnueabihf/9.5.0/../../../../arm-unknown-linux-gnueabihf/bin/ld
ac_cv_path_NM_FOR_TARGET=/home/dev/x-tools/arm-unknown-linux-gnueabihf/lib/gcc/arm-unknown-linux-gnueabihf/9.5.0/../../../../arm-unknown-linux-gnueabihf/bin/nm
ac_cv_path_OBJCOPY_FOR_TARGET=/home/dev/x-tools/arm-unknown-linux-gnueabihf/lib/gcc/arm-unknown-linux-gnueabihf/9.5.0/../../../../arm-unknown-linux-gnueabihf/bin/objcopy
ac_cv_path_OBJDUMP_FOR_TARGET=/home/dev/x-tools/arm-unknown-linux-gnueabihf/lib/gcc/arm-unknown-linux-gnueabihf/9.5.0/../../../../arm-unknown-linux-gnueabihf/bin/objdump
ac_cv_path_RANLIB_FOR_TARGET=/home/dev/x-tools/arm-unknown-linux-gnueabihf/lib/gcc/arm-unknown-linux-gnueabihf/9.5.0/../../../../arm-unknown-linux-gnueabihf/bin/ranlib
ac_cv_path_READELF_FOR_TARGET=/home/dev/x-tools/arm-unknown-linux-gnueabihf/lib/gcc/arm-unknown-linux-gnueabihf/9.5.0/../../../../arm-unknown-linux-gnueabihf/bin/readelf
ac_cv_path_SED=/usr/bin/sed
ac_cv_path_STRIP_FOR_TARGET=/home/dev/x-tools/arm-unknown-linux-gnueabihf/lib/gcc/arm-unknown-linux-gnueabihf/9.5.0/../../../../arm-unknown-linux-gnueabihf/bin/strip
ac_cv_path_install='/usr/bin/install -c'
ac_cv_prog_AR=arm-unknown-linux-gnueabihf-ar
ac_cv_prog_AS=arm-unknown-linux-gnueabihf-as
ac_cv_prog_AWK=gawk
ac_cv_prog_BISON=bison
ac_cv_prog_CC=arm-unknown-linux-gnueabihf-gcc
ac_cv_prog_CC_FOR_TARGET=arm-unknown-linux-gnueabihf-cc
ac_cv_prog_CXX=arm-unknown-linux-gnueabihf-g++
ac_cv_prog_CXX_FOR_TARGET=arm-unknown-linux-gnueabihf-c++
ac_cv_prog_EXPECT=expect
ac_cv_prog_FLEX=flex
ac_cv_prog_GCC_FOR_TARGET=arm-unknown-linux-gnueabihf-gcc
ac_cv_prog_LD=/home/dev/x-tools/arm-unknown-linux-gnueabihf/lib/gcc/arm-unknown-linux-gnueabihf/9.5.0/../../../../arm-unknown-linux-gnueabihf/bin/ld
ac_cv_prog_LEX=flex
ac_cv_prog_M4=m4
ac_cv_prog_MAKEINFO=makeinfo
ac_cv_prog_NM=arm-unknown-linux-gnueabihf-nm
ac_cv_prog_OBJCOPY=arm-unknown-linux-gnueabihf-objcopy
ac_cv_prog_OBJDUMP=arm-unknown-linux-gnueabihf-objdump
ac_cv_prog_RANLIB=arm-unknown-linux-gnueabihf-ranlib
ac_cv_prog_READELF=arm-unknown-linux-gnueabihf-readelf
ac_cv_prog_STRIP=arm-unknown-linux-gnueabihf-strip
ac_cv_prog_YACC='bison -y'
ac_cv_prog_cc_c89=
ac_cv_prog_cc_c99=
ac_cv_prog_cc_g=yes
ac_cv_prog_cxx_g=yes
ac_cv_target=arm-unknown-linux-gnueabihf
acx_cv_cc_gcc_supports_ada=no
acx_cv_d_compiler_works=no
acx_cv_prog_LN=ln
gcc_cv_isl=no
gcc_cv_prog_cmp_skip='cmp --ignore-initial=16 $$f1 $$f2'
gcc_cv_tool_dirs=
gcc_cv_tool_prefix=/home/dev/x-tools/arm-unknown-linux-gnueabihf
lt_cv_objdir=.libs

## ----------------- ##
## Output variables. ##
## ----------------- ##

AR='arm-unknown-linux-gnueabihf-ar'
AR_FOR_BUILD='ar'
AR_FOR_TARGET='/home/dev/x-tools/arm-unknown-linux-gnueabihf/lib/gcc/arm-unknown-linux-gnueabihf/9.5.0/../../../../arm-unknown-linux-gnueabihf/bin/ar'
AR_PLUGIN_OPTION=''
AS='arm-unknown-linux-gnueabihf-as'
AS_FOR_BUILD='as'
AS_FOR_TARGET='/home/dev/x-tools/arm-unknown-linux-gnueabihf/lib/gcc/arm-unknown-linux-gnueabihf/9.5.0/../../../../arm-unknown-linux-gnueabihf/bin/as'
AWK='gawk'
BISON='bison'
BUILD_CONFIG=''
CC='arm-unknown-linux-gnueabihf-gcc'
CC_FOR_BUILD='gcc'
CC_FOR_TARGET='arm-unknown-linux-gnueabihf-cc'
CFLAGS='-g -O2'
CFLAGS_FOR_BUILD=''
CFLAGS_FOR_TARGET='-g -O2'
COMPILER_AS_FOR_TARGET='$(AS_FOR_TARGET)'
COMPILER_LD_FOR_TARGET='$(LD_FOR_TARGET)'
COMPILER_NM_FOR_TARGET='$(NM_FOR_TARGET)'
CONFIGURE_GDB_TK=''
CPPFLAGS=''
CPPFLAGS_FOR_BUILD=''
CPP_FOR_BUILD='$(CC_FOR_BUILD) -E'
CXX='arm-unknown-linux-gnueabihf-g++'
CXXFLAGS='-g -O2'
CXXFLAGS_FOR_BUILD=''
CXXFLAGS_FOR_TARGET='-g -O2'
CXX_FOR_BUILD='g++'
CXX_FOR_TARGET='arm-unknown-linux-gnueabihf-c++'
DEBUG_PREFIX_CFLAGS_FOR_TARGET=''
DEFS='-DPACKAGE_NAME=\"\" -DPACKAGE_TARNAME=\"\" -DPACKAGE_VERSION=\"\" -DPACKAGE_STRING=\"\" -DPACKAGE_BUGREPORT=\"\" -DPACKAGE_URL=\"\" -DLT_OBJDIR=\".libs/\"'
DLLTOOL='arm-unknown-linux-gnueabihf-dlltool'
DLLTOOL_FOR_BUILD='dlltool'
DLLTOOL_FOR_TARGET='arm-unknown-linux-gnueabihf-dlltool'
DSYMUTIL='arm-unknown-linux-gnueabihf-dsymutil'
DSYMUTIL_FOR_BUILD='dsymutil'
DSYMUTIL_FOR_TARGET='arm-unknown-linux-gnueabihf-dsymutil'
ECHO_C=''
ECHO_N='-n'
ECHO_T=''
EXEEXT=''
EXPECT='expect'
FLAGS_FOR_TARGET=' -L$$r/$(HOST_SUBDIR)/ld'
FLEX='flex'
GCC_FOR_TARGET='arm-unknown-linux-gnueabihf-gcc'
GCC_SHLIB_SUBDIR=''
GDB_TK=''
GDC='no'
GDCFLAGS='-g -O2'
GDC_FOR_BUILD='gdc'
GDC_FOR_TARGET='arm-unknown-linux-gnueabihf-gdc'
GFORTRAN_FOR_BUILD='gfortran'
GFORTRAN_FOR_TARGET='arm-unknown-linux-gnueabihf-gfortran'
GM2_FOR_TARGET='arm-unknown-linux-gnueabihf-gm2'
GNATBIND='no'
GNATMAKE='no'
GOC_FOR_BUILD='gccgo'
GOC_FOR_TARGET='arm-unknown-linux-gnueabihf-gccgo'
HAVE_CXX11=''
HAVE_CXX11_FOR_BUILD=''
INSTALL_DATA='${INSTALL} -m 644'
INSTALL_GDB_TK=''
INSTALL_PROGRAM='${INSTALL}'
INSTALL_SCRIPT='${INSTALL}'
LD='/home/dev/x-tools/arm-unknown-linux-gnueabihf/lib/gcc/arm-unknown-linux-gnueabihf/9.5.0/../../../../arm-unknown-linux-gnueabihf/bin/ld'
LDFLAGS=''
LDFLAGS_FOR_BUILD=''
LDFLAGS_FOR_TARGET=''
LD_FOR_BUILD='ld'
LD_FOR_TARGET='/home/dev/x-tools/arm-unknown-linux-gnueabihf/lib/gcc/arm-unknown-linux-gnueabihf/9.5.0/../../../../arm-unknown-linux-gnueabihf/bin/ld'
LEX='flex'
LIBOBJS=''
LIBS=''
LIPO='arm-unknown-linux-gnueabihf-lipo'
LIPO_FOR_TARGET='arm-unknown-linux-gnueabihf-lipo'
LN='ln'
LN_S='ln -s'
LTLIBOBJS=''
M4='m4'
MAINT='#'
MAINTAINER_MODE_FALSE=''
MAINTAINER_MODE_TRUE='#'
MAKEINFO='makeinfo'
NM='arm-unknown-linux-gnueabihf-nm'
NM_FOR_BUILD='nm'
NM_FOR_TARGET='/home/dev/x-tools/arm-unknown-linux-gnueabihf/lib/gcc/arm-unknown-linux-gnueabihf/9.5.0/../../../../arm-unknown-linux-gnueabihf/bin/nm'
OBJCOPY='arm-unknown-linux-gnueabihf-objcopy'
OBJCOPY_FOR_TARGET='/home/dev/x-tools/arm-unknown-linux-gnueabihf/lib/gcc/arm-unknown-linux-gnueabihf/9.5.0/../../../../arm-unknown-linux-gnueabihf/bin/objcopy'
OBJDUMP='arm-unknown-linux-gnueabihf-objdump'
OBJDUMP_FOR_TARGET='/home/dev/x-tools/arm-unknown-linux-gnueabihf/lib/gcc/arm-unknown-linux-gnueabihf/9.5.0/../../../../arm-unknown-linux-gnueabihf/bin/objdump'
OBJEXT='o'
OTOOL='arm-unknown-linux-gnueabihf-otool'
OTOOL_FOR_TARGET='arm-unknown-linux-gnueabihf-otool'
PACKAGE_BUGREPORT=''
PACKAGE_NAME=''
PACKAGE_STRING=''
PACKAGE_TARNAME=''
PACKAGE_URL=''
PACKAGE_VERSION=''
PATH_SEPARATOR=':'
PGO_BUILD_GEN_CFLAGS=''
PGO_BUILD_LTO_CFLAGS=''
PGO_BUILD_USE_CFLAGS=''
PICFLAG=''
PKG_CONFIG_PATH=''
RANLIB='arm-unknown-linux-gnueabihf-ranlib'
RANLIB_FOR_BUILD='ranlib'
RANLIB_FOR_TARGET='/home/dev/x-tools/arm-unknown-linux-gnueabihf/lib/gcc/arm-unknown-linux-gnueabihf/9.5.0/../../../../arm-unknown-linux-gnueabihf/bin/ranlib'
RANLIB_PLUGIN_OPTION=''
RAW_CXX_FOR_TARGET='arm-unknown-linux-gnueabihf-c++'
READELF='arm-unknown-linux-gnueabihf-readelf'
READELF_FOR_TARGET='/home/dev/x-tools/arm-unknown-linux-gnueabihf/lib/gcc/arm-unknown-linux-gnueabihf/9.5.0/../../../../arm-unknown-linux-gnueabihf/bin/readelf'
RPATH_ENVVAR='LD_LIBRARY_PATH'
RUNTEST='runtest'
SED='/usr/bin/sed'
SHELL='/bin/bash'
STRIP='arm-unknown-linux-gnueabihf-strip'
STRIP_FOR_TARGET='/home/dev/x-tools/arm-unknown-linux-gnueabihf/lib/gcc/arm-unknown-linux-gnueabihf/9.5.0/../../../../arm-unknown-linux-gnueabihf/bin/strip'
SYSROOT_CFLAGS_FOR_TARGET=''
TOPLEVEL_CONFIGURE_ARGUMENTS='./configure --host=arm-unknown-linux-gnueabihf --target=arm-unknown-linux-gnueabihf --prefix=/home/dev/x-tools/arm-unknown-linux-gnueabihf --enable-static --disable-shared --disable-multilib'
WINDMC='arm-unknown-linux-gnueabihf-windmc'
WINDMC_FOR_BUILD='windmc'
WINDMC_FOR_TARGET='arm-unknown-linux-gnueabihf-windmc'
WINDRES='arm-unknown-linux-gnueabihf-windres'
WINDRES_FOR_BUILD='windres'
WINDRES_FOR_TARGET='arm-unknown-linux-gnueabihf-windres'
YACC='bison -y'
ac_ct_CC=''
ac_ct_CXX=''
bindir='${exec_prefix}/bin'
build='x86_64-pc-linux-gnu'
build_alias=''
build_configargs=' --cache-file=./config.cache '\''--prefix=/home/dev/x-tools/arm-unknown-linux-gnueabihf'\'' '\''--enable-static'\'' '\''--disable-shared'\'' '\''--disable-multilib'\'' --program-transform-name='\''s,y,y,'\'' --disable-option-checking'
build_configdirs=' libiberty'
build_cpu='x86_64'
build_libsubdir='build-x86_64-pc-linux-gnu'
build_noncanonical='x86_64-pc-linux-gnu'
build_os='linux-gnu'
build_subdir='build-x86_64-pc-linux-gnu'
build_tooldir='${exec_prefix}/arm-unknown-linux-gnueabihf'
build_vendor='pc'
compare_exclusions='gcc/cc*-checksum$(objext) | gcc/ada/*tools/* | gcc/m2/gm2-compiler-boot/M2Version* | gcc/m2/gm2-compiler-boot/SYSTEM* | gcc/m2/gm2version*'
configdirs=' libiberty opcodes bfd zlib libctf libsframe binutils gas ld gprof etc'
datadir='${datarootdir}'
datarootdir='${prefix}/share'
do_compare='cmp --ignore-initial=16 $$f1 $$f2'
docdir='${datarootdir}/doc/${PACKAGE}'
dvidir='${docdir}'
exec_prefix='${prefix}'
extra_host_libiberty_configure_flags=''
extra_host_zlib_configure_flags=''
extra_isl_gmp_configure_flags=''
extra_linker_plugin_configure_flags=''
extra_linker_plugin_flags=''
extra_mpc_gmp_configure_flags=''
extra_mpc_mpfr_configure_flags=''
extra_mpfr_configure_flags=''
gcc_host_pie=''
get_gcc_base_ver='cat'
gmpinc=''
gmplibs='-lmpfr -lgmp'
host='arm-unknown-linux-gnueabihf'
host_alias='arm-unknown-linux-gnueabihf'
host_configargs=' --cache-file=./config.cache  --with-gnu-as --with-gnu-ld '\''--prefix=/home/dev/x-tools/arm-unknown-linux-gnueabihf'\'' '\''--enable-static'\'' '\''--disable-shared'\'' '\''--disable-multilib'\'' --program-transform-name='\''s,y,y,'\'' --disable-option-checking'
host_cpu='arm'
host_libs_picflag=''
host_noncanonical='arm-unknown-linux-gnueabihf'
host_os='linux-gnueabihf'
host_pie='no'
host_shared='no'
host_subdir='.'
host_vendor='unknown'
htmldir='${docdir}'
includedir='${prefix}/include'
infodir='${datarootdir}/info'
islinc=''
isllibs=''
libdir='${exec_prefix}/lib'
libexecdir='${exec_prefix}/libexec'
localedir='${datarootdir}/locale'
localstatedir='${prefix}/var'
mandir='${datarootdir}/man'
oldincludedir='/usr/include'
pdfdir='${docdir}'
poststage1_ldflags='-static-libstdc++ -static-libgcc'
poststage1_libs=''
prefix='/home/dev/x-tools/arm-unknown-linux-gnueabihf'
program_transform_name='s,y,y,'
psdir='${docdir}'
sbindir='${exec_prefix}/sbin'
sharedstatedir='${prefix}/com'
stage1_cflags='-g'
stage1_checking='--enable-checking=yes,types'
stage1_languages=',c,'
stage1_ldflags=''
stage1_libs=''
stage2_werror_flag=''
sysconfdir='${prefix}/etc'
target='arm-unknown-linux-gnueabihf'
target_alias='arm-unknown-linux-gnueabihf'
target_configargs='--cache-file=./config.cache   '\''--prefix=/home/dev/x-tools/arm-unknown-linux-gnueabihf'\'' '\''--enable-static'\'' '\''--disable-shared'\'' '\''--disable-multilib'\'' --program-transform-name='\''s,y,y,'\'' --disable-option-checking --disable-year2038'
target_configdirs=''
target_cpu='arm'
target_noncanonical='arm-unknown-linux-gnueabihf'
target_os='linux-gnueabihf'
target_subdir='arm-unknown-linux-gnueabihf'
target_vendor='unknown'
tooldir='${exec_prefix}/arm-unknown-linux-gnueabihf'

## ------------------- ##
## File substitutions. ##
## ------------------- ##

alphaieee_frag='/dev/null'
host_makefile_frag='/dev/null'
ospace_frag='/dev/null'
serialization_dependencies='serdep.tmp'
target_makefile_frag='./config/mt-gnu'

## ----------- ##
## confdefs.h. ##
## ----------- ##

/* confdefs.h */
#define PACKAGE_NAME ""
#define PACKAGE_TARNAME ""
#define PACKAGE_VERSION ""
#define PACKAGE_STRING ""
#define PACKAGE_BUGREPORT ""
#define PACKAGE_URL ""
#define LT_OBJDIR ".libs/"

configure: exit 0
