This file contains any messages produced by compilers while
running configure, to aid debugging if configure makes a mistake.

It was created by zlib configure 1.1.4, which was
generated by GNU Autoconf 2.69.  Invocation command line was

  $ /home/dev/Desktop/ClaraColour/python/crosstoolsng/binutils-2.42/zlib/configure --srcdir=.././zlib --cache-file=./config.cache --with-gnu-as --with-gnu-ld --prefix=/home/dev/x-tools/arm-unknown-linux-gnueabihf --enable-static --disable-shared --disable-multilib --program-transform-name=s,y,y, --disable-option-checking --build=x86_64-pc-linux-gnu --host=arm-unknown-linux-gnueabihf --target=arm-unknown-linux-gnueabihf

## --------- ##
## Platform. ##
## --------- ##

hostname = host
uname -m = x86_64
uname -r = 6.12.105+deb13-amd64
uname -s = Linux
uname -v = #1 SMP PREEMPT_DYNAMIC Debian 6.12.105-1 (2026-08-24)

/usr/bin/uname -p = unknown
/bin/uname -X     = unknown

/bin/arch              = x86_64
/usr/bin/arch -k       = unknown
/usr/convex/getsysinfo = unknown
/usr/bin/hostinfo      = unknown
/bin/machine           = unknown
/usr/bin/oslevel       = unknown
/bin/universe          = unknown

PATH: /home/dev/x-tools/arm-unknown-linux-gnueabihf/bin
PATH: /home/dev/x-tools/arm-unknown-linux-gnueabihf/bin
PATH: /usr/local/bin
PATH: /usr/bin
PATH: /bin
PATH: /usr/local/games
PATH: /usr/games
PATH: /snap/bin
PATH: /home/dev/go/bin


## ----------- ##
## Core tests. ##
## ----------- ##

configure:2155: creating cache ./config.cache
configure:2309: checking build system type
configure:2323: result: x86_64-pc-linux-gnu
configure:2343: checking host system type
configure:2356: result: arm-unknown-linux-gnueabihf
configure:2376: checking target system type
configure:2389: result: arm-unknown-linux-gnueabihf
configure:2437: checking for a BSD-compatible install
configure:2505: result: /usr/bin/install -c
configure:2516: checking whether build environment is sane
configure:2571: result: yes
configure:2630: checking for arm-unknown-linux-gnueabihf-strip
configure:2646: found /home/dev/x-tools/arm-unknown-linux-gnueabihf/bin/arm-unknown-linux-gnueabihf-strip
configure:2657: result: arm-unknown-linux-gnueabihf-strip
configure:2722: checking for a thread-safe mkdir -p
configure:2761: result: /usr/bin/mkdir -p
configure:2768: checking for gawk
configure:2795: result: gawk
configure:2806: checking whether make sets $(MAKE)
configure:2828: result: yes
configure:2857: checking whether make supports nested variables
configure:2874: result: yes
configure:3011: checking whether make supports nested variables
configure:3028: result: yes
configure:3041: checking whether to enable maintainer-specific portions of Makefiles
configure:3050: result: no
configure:3121: checking for arm-unknown-linux-gnueabihf-gcc
configure:3148: result: arm-unknown-linux-gnueabihf-gcc
configure:3417: checking for C compiler version
configure:3426: arm-unknown-linux-gnueabihf-gcc --version >&5
arm-unknown-linux-gnueabihf-gcc (crosstool-NG 1.29.0.3_2e5d0b8) 9.5.0
Copyright (C) 2019 Free Software Foundation, Inc.
This is free software; see the source for copying conditions.  There is NO
warranty; not even for MERCHANTABILITY or FITNESS FOR A PARTICULAR PURPOSE.

configure:3437: $? = 0
configure:3426: arm-unknown-linux-gnueabihf-gcc -v >&5
Using built-in specs.
COLLECT_GCC=arm-unknown-linux-gnueabihf-gcc
COLLECT_LTO_WRAPPER=/home/dev/x-tools/arm-unknown-linux-gnueabihf/libexec/gcc/arm-unknown-linux-gnueabihf/9.5.0/lto-wrapper
Target: arm-unknown-linux-gnueabihf
Configured with: /home/dev/Desktop/ClaraColour/python/crosstoolsng/crosstool-ng/.build/arm-unknown-linux-gnueabihf/src/gcc/configure --build=x86_64-build_pc-linux-gnu --host=x86_64-build_pc-linux-gnu --target=arm-unknown-linux-gnueabihf --prefix=/home/dev/x-tools/arm-unknown-linux-gnueabihf --exec_prefix=/home/dev/x-tools/arm-unknown-linux-gnueabihf --with-sysroot=/home/dev/x-tools/arm-unknown-linux-gnueabihf/arm-unknown-linux-gnueabihf/sysroot --enable-languages=c,c++ --with-arch=armv7-a --with-tune=cortex-a53 --with-fpu=neon-vfpv4 --with-float=hard --with-pkgversion='crosstool-NG 1.29.0.3_2e5d0b8' --enable-__cxa_atexit --disable-tm-clone-registry --disable-libmudflap --disable-libgomp --disable-libssp --disable-libquadmath --disable-libquadmath-support --disable-libsanitizer --disable-libmpx --with-gmp=/home/dev/Desktop/ClaraColour/python/crosstoolsng/crosstool-ng/.build/arm-unknown-linux-gnueabihf/buildtools --with-mpfr=/home/dev/Desktop/ClaraColour/python/crosstoolsng/crosstool-ng/.build/arm-unknown-linux-gnueabihf/buildtools --with-mpc=/home/dev/Desktop/ClaraColour/python/crosstoolsng/crosstool-ng/.build/arm-unknown-linux-gnueabihf/buildtools --with-isl=/home/dev/Desktop/ClaraColour/python/crosstoolsng/crosstool-ng/.build/arm-unknown-linux-gnueabihf/buildtools --enable-lto --without-zstd --enable-threads=posix --enable-target-optspace --disable-plugin --disable-nls --disable-multilib --with-local-prefix=/home/dev/x-tools/arm-unknown-linux-gnueabihf/arm-unknown-linux-gnueabihf/sysroot --enable-long-long
Thread model: posix
gcc version 9.5.0 (crosstool-NG 1.29.0.3_2e5d0b8) 
configure:3437: $? = 0
configure:3426: arm-unknown-linux-gnueabihf-gcc -V >&5
arm-unknown-linux-gnueabihf-gcc: error: unrecognized command line option '-V'
arm-unknown-linux-gnueabihf-gcc: fatal error: no input files
compilation terminated.
configure:3437: $? = 1
configure:3426: arm-unknown-linux-gnueabihf-gcc -qversion >&5
arm-unknown-linux-gnueabihf-gcc: error: unrecognized command line option '-qversion'; did you mean '--version'?
arm-unknown-linux-gnueabihf-gcc: fatal error: no input files
compilation terminated.
configure:3437: $? = 1
configure:3453: arm-unknown-linux-gnueabihf-gcc -o conftest -g -O2        conftest.c  >&5
configure:3456: $? = 0
configure:3485: checking whether the C compiler works
configure:3507: arm-unknown-linux-gnueabihf-gcc -g -O2        conftest.c  >&5
configure:3511: $? = 0
configure:3559: result: yes
configure:3562: checking for C compiler default output file name
configure:3564: result: a.out
configure:3570: checking for suffix of executables
configure:3577: arm-unknown-linux-gnueabihf-gcc -o conftest -g -O2        conftest.c  >&5
configure:3581: $? = 0
configure:3603: result: 
configure:3625: checking whether we are cross compiling
configure:3663: result: yes
configure:3669: checking for suffix of object files
configure:3691: arm-unknown-linux-gnueabihf-gcc -c -g -O2      conftest.c >&5
configure:3695: $? = 0
configure:3716: result: o
configure:3720: checking whether we are using the GNU C compiler
configure:3739: arm-unknown-linux-gnueabihf-gcc -c -g -O2      conftest.c >&5
configure:3739: $? = 0
configure:3748: result: yes
configure:3757: checking whether arm-unknown-linux-gnueabihf-gcc accepts -g
configure:3777: arm-unknown-linux-gnueabihf-gcc -c -g  conftest.c >&5
configure:3777: $? = 0
configure:3818: result: yes
configure:3835: checking for arm-unknown-linux-gnueabihf-gcc option to accept ISO C89
configure:3898: arm-unknown-linux-gnueabihf-gcc  -c -g -O2      conftest.c >&5
configure:3898: $? = 0
configure:3911: result: none needed
configure:3936: checking whether arm-unknown-linux-gnueabihf-gcc understands -c and -o together
configure:3958: arm-unknown-linux-gnueabihf-gcc -c conftest.c -o conftest2.o
configure:3961: $? = 0
configure:3958: arm-unknown-linux-gnueabihf-gcc -c conftest.c -o conftest2.o
configure:3961: $? = 0
configure:3973: result: yes
configure:4001: checking for style of include used by make
configure:4029: result: GNU
configure:4055: checking dependency style of arm-unknown-linux-gnueabihf-gcc
configure:4166: result: gcc3
configure:4231: checking how to print strings
configure:4258: result: printf
configure:4279: checking for a sed that does not truncate output
configure:4343: result: /usr/bin/sed
configure:4361: checking for grep that handles long lines and -e
configure:4419: result: /usr/bin/grep
configure:4424: checking for egrep
configure:4486: result: /usr/bin/grep -E
configure:4491: checking for fgrep
configure:4553: result: /usr/bin/grep -F
configure:4588: checking for ld used by arm-unknown-linux-gnueabihf-gcc
configure:4655: result: /home/dev/x-tools/arm-unknown-linux-gnueabihf/lib/gcc/arm-unknown-linux-gnueabihf/9.5.0/../../../../arm-unknown-linux-gnueabihf/bin/ld
configure:4662: checking if the linker (/home/dev/x-tools/arm-unknown-linux-gnueabihf/lib/gcc/arm-unknown-linux-gnueabihf/9.5.0/../../../../arm-unknown-linux-gnueabihf/bin/ld) is GNU ld
configure:4677: result: yes
configure:4689: checking for BSD- or MS-compatible name lister (nm)
configure:4745: result: /home/dev/x-tools/arm-unknown-linux-gnueabihf/bin/arm-unknown-linux-gnueabihf-nm -B
configure:4875: checking the name lister (/home/dev/x-tools/arm-unknown-linux-gnueabihf/bin/arm-unknown-linux-gnueabihf-nm -B) interface
configure:4882: arm-unknown-linux-gnueabihf-gcc -c -g -O2      conftest.c >&5
configure:4885: /home/dev/x-tools/arm-unknown-linux-gnueabihf/bin/arm-unknown-linux-gnueabihf-nm -B "conftest.o"
configure:4888: output
00000000 B some_variable
configure:4895: result: BSD nm
configure:4898: checking whether ln -s works
configure:4902: result: yes
configure:4910: checking the maximum length of command line arguments
configure:5035: result: 1572864
configure:5052: checking whether the shell understands some XSI constructs
configure:5062: result: yes
configure:5066: checking whether the shell understands "+="
configure:5072: result: yes
configure:5107: checking for /home/dev/x-tools/arm-unknown-linux-gnueabihf/lib/gcc/arm-unknown-linux-gnueabihf/9.5.0/../../../../arm-unknown-linux-gnueabihf/bin/ld option to reload object files
configure:5114: result: -r
configure:5143: checking for arm-unknown-linux-gnueabihf-objdump
configure:5170: result: arm-unknown-linux-gnueabihf-objdump
configure:5242: checking how to recognize dependent libraries
configure:5448: result: pass_all
configure:5481: checking for arm-unknown-linux-gnueabihf-ar
configure:5508: result: arm-unknown-linux-gnueabihf-ar 
configure:5576: WARNING: Failed: arm-unknown-linux-gnueabihf-ar  --plugin /home/dev/x-tools/arm-unknown-linux-gnueabihf/libexec/gcc/arm-unknown-linux-gnueabihf/9.5.0/liblto_plugin.so rc
configure:5599: checking for arm-unknown-linux-gnueabihf-strip
configure:5626: result: arm-unknown-linux-gnueabihf-strip
configure:5698: checking for arm-unknown-linux-gnueabihf-ranlib
configure:5725: result: arm-unknown-linux-gnueabihf-ranlib 
configure:5872: checking command to parse /home/dev/x-tools/arm-unknown-linux-gnueabihf/bin/arm-unknown-linux-gnueabihf-nm -B output from arm-unknown-linux-gnueabihf-gcc object
configure:5990: arm-unknown-linux-gnueabihf-gcc -c -g -O2      conftest.c >&5
configure:5993: $? = 0
configure:5997: /home/dev/x-tools/arm-unknown-linux-gnueabihf/bin/arm-unknown-linux-gnueabihf-nm -B conftest.o \| sed -n -e 's/^.*[ ]\([ABCDGIRSTW][ABCDGIRSTW]*\)[ ][ ]*\([_A-Za-z][_A-Za-z0-9]*\)$/\1 \2 \2/p' \> conftest.nm
configure:6000: $? = 0
configure:6054: arm-unknown-linux-gnueabihf-gcc -o conftest -g -O2        conftest.c conftstm.o >&5
configure:6057: $? = 0
configure:6095: result: ok
configure:6955: checking how to run the C preprocessor
configure:6986: arm-unknown-linux-gnueabihf-gcc -E  conftest.c
configure:6986: $? = 0
configure:7000: arm-unknown-linux-gnueabihf-gcc -E  conftest.c
conftest.c:11:10: fatal error: ac_nonexistent.h: No such file or directory
   11 | #include <ac_nonexistent.h>
      |          ^~~~~~~~~~~~~~~~~~
compilation terminated.
configure:7000: $? = 1
configure: failed program was:
| /* confdefs.h */
| #define PACKAGE_NAME "zlib"
| #define PACKAGE_TARNAME "zlib"
| #define PACKAGE_VERSION "1.1.4"
| #define PACKAGE_STRING "zlib 1.1.4"
| #define PACKAGE_BUGREPORT ""
| #define PACKAGE_URL ""
| #define PACKAGE "zlib"
| #define VERSION "1.1.4"
| /* end confdefs.h.  */
| #include <ac_nonexistent.h>
configure:7025: result: arm-unknown-linux-gnueabihf-gcc -E
configure:7045: arm-unknown-linux-gnueabihf-gcc -E  conftest.c
configure:7045: $? = 0
configure:7059: arm-unknown-linux-gnueabihf-gcc -E  conftest.c
conftest.c:11:10: fatal error: ac_nonexistent.h: No such file or directory
   11 | #include <ac_nonexistent.h>
      |          ^~~~~~~~~~~~~~~~~~
compilation terminated.
configure:7059: $? = 1
configure: failed program was:
| /* confdefs.h */
| #define PACKAGE_NAME "zlib"
| #define PACKAGE_TARNAME "zlib"
| #define PACKAGE_VERSION "1.1.4"
| #define PACKAGE_STRING "zlib 1.1.4"
| #define PACKAGE_BUGREPORT ""
| #define PACKAGE_URL ""
| #define PACKAGE "zlib"
| #define VERSION "1.1.4"
| /* end confdefs.h.  */
| #include <ac_nonexistent.h>
configure:7088: checking for ANSI C header files
configure:7108: arm-unknown-linux-gnueabihf-gcc -c -g -O2      conftest.c >&5
configure:7108: $? = 0
configure:7192: result: yes
configure:7205: checking for sys/types.h
configure:7205: arm-unknown-linux-gnueabihf-gcc -c -g -O2      conftest.c >&5
configure:7205: $? = 0
configure:7205: result: yes
configure:7205: checking for sys/stat.h
configure:7205: arm-unknown-linux-gnueabihf-gcc -c -g -O2      conftest.c >&5
configure:7205: $? = 0
configure:7205: result: yes
configure:7205: checking for stdlib.h
configure:7205: arm-unknown-linux-gnueabihf-gcc -c -g -O2      conftest.c >&5
configure:7205: $? = 0
configure:7205: result: yes
configure:7205: checking for string.h
configure:7205: arm-unknown-linux-gnueabihf-gcc -c -g -O2      conftest.c >&5
configure:7205: $? = 0
configure:7205: result: yes
configure:7205: checking for memory.h
configure:7205: arm-unknown-linux-gnueabihf-gcc -c -g -O2      conftest.c >&5
configure:7205: $? = 0
configure:7205: result: yes
configure:7205: checking for strings.h
configure:7205: arm-unknown-linux-gnueabihf-gcc -c -g -O2      conftest.c >&5
configure:7205: $? = 0
configure:7205: result: yes
configure:7205: checking for inttypes.h
configure:7205: arm-unknown-linux-gnueabihf-gcc -c -g -O2      conftest.c >&5
configure:7205: $? = 0
configure:7205: result: yes
configure:7205: checking for stdint.h
configure:7205: arm-unknown-linux-gnueabihf-gcc -c -g -O2      conftest.c >&5
configure:7205: $? = 0
configure:7205: result: yes
configure:7205: checking for unistd.h
configure:7205: arm-unknown-linux-gnueabihf-gcc -c -g -O2      conftest.c >&5
configure:7205: $? = 0
configure:7205: result: yes
configure:7219: checking for dlfcn.h
configure:7219: arm-unknown-linux-gnueabihf-gcc -c -g -O2      conftest.c >&5
configure:7219: $? = 0
configure:7219: result: yes
configure:7406: checking for objdir
configure:7421: result: .libs
configure:7692: checking if arm-unknown-linux-gnueabihf-gcc supports -fno-rtti -fno-exceptions
configure:7710: arm-unknown-linux-gnueabihf-gcc -c -g -O2      -fno-rtti -fno-exceptions conftest.c >&5
cc1: warning: command line option '-fno-rtti' is valid for C++/D/ObjC++ but not for C
configure:7714: $? = 0
configure:7727: result: no
configure:7747: checking for arm-unknown-linux-gnueabihf-gcc option to produce PIC
configure:8033: result: -fPIC -DPIC
configure:8045: checking if arm-unknown-linux-gnueabihf-gcc PIC flag -fPIC -DPIC works
configure:8063: arm-unknown-linux-gnueabihf-gcc -c -g -O2      -fPIC -DPIC -DPIC conftest.c >&5
configure:8067: $? = 0
configure:8080: result: yes
configure:8104: checking if arm-unknown-linux-gnueabihf-gcc static flag -static works
configure:8132: result: yes
configure:8147: checking if arm-unknown-linux-gnueabihf-gcc supports -c -o file.o
configure:8168: arm-unknown-linux-gnueabihf-gcc -c -g -O2      -o out/conftest2.o conftest.c >&5
configure:8172: $? = 0
configure:8194: result: yes
configure:8202: checking if arm-unknown-linux-gnueabihf-gcc supports -c -o file.o
configure:8249: result: yes
configure:8282: checking whether the arm-unknown-linux-gnueabihf-gcc linker (/home/dev/x-tools/arm-unknown-linux-gnueabihf/lib/gcc/arm-unknown-linux-gnueabihf/9.5.0/../../../../arm-unknown-linux-gnueabihf/bin/ld) supports shared libraries
configure:9362: result: yes
configure:9607: checking dynamic linker characteristics
configure:10056: arm-unknown-linux-gnueabihf-gcc -o conftest -g -O2        -Wl,-rpath -Wl,/foo conftest.c  >&5
configure:10056: $? = 0
configure:10297: result: GNU/Linux ld.so
configure:10404: checking how to hardcode library paths into programs
configure:10429: result: immediate
configure:10984: checking whether stripping libraries is possible
configure:10989: result: yes
configure:11024: checking if libtool supports shared libraries
configure:11026: result: yes
configure:11029: checking whether to build shared libraries
configure:11050: result: no
configure:11053: checking whether to build static libraries
configure:11057: result: yes
configure:11100: checking how to run the C preprocessor
configure:11170: result: arm-unknown-linux-gnueabihf-gcc -E
configure:11190: arm-unknown-linux-gnueabihf-gcc -E  conftest.c
configure:11190: $? = 0
configure:11204: arm-unknown-linux-gnueabihf-gcc -E  conftest.c
conftest.c:23:10: fatal error: ac_nonexistent.h: No such file or directory
   23 | #include <ac_nonexistent.h>
      |          ^~~~~~~~~~~~~~~~~~
compilation terminated.
configure:11204: $? = 1
configure: failed program was:
| /* confdefs.h */
| #define PACKAGE_NAME "zlib"
| #define PACKAGE_TARNAME "zlib"
| #define PACKAGE_VERSION "1.1.4"
| #define PACKAGE_STRING "zlib 1.1.4"
| #define PACKAGE_BUGREPORT ""
| #define PACKAGE_URL ""
| #define PACKAGE "zlib"
| #define VERSION "1.1.4"
| #define STDC_HEADERS 1
| #define HAVE_SYS_TYPES_H 1
| #define HAVE_SYS_STAT_H 1
| #define HAVE_STDLIB_H 1
| #define HAVE_STRING_H 1
| #define HAVE_MEMORY_H 1
| #define HAVE_STRINGS_H 1
| #define HAVE_INTTYPES_H 1
| #define HAVE_STDINT_H 1
| #define HAVE_UNISTD_H 1
| #define HAVE_DLFCN_H 1
| #define LT_OBJDIR ".libs/"
| /* end confdefs.h.  */
| #include <ac_nonexistent.h>
configure:11260: checking for stdlib.h
configure:11260: result: yes
configure:11260: checking for unistd.h
configure:11260: result: yes
configure:11260: checking for sys/param.h
configure:11260: arm-unknown-linux-gnueabihf-gcc -c -g -O2      conftest.c >&5
configure:11260: $? = 0
configure:11260: result: yes
configure:11280: checking for getpagesize
configure:11280: arm-unknown-linux-gnueabihf-gcc -o conftest -g -O2        conftest.c  >&5
configure:11280: $? = 0
configure:11280: result: yes
configure:11289: checking for working mmap
configure:11446: result: no
configure:11459: checking for memcpy
configure:11459: arm-unknown-linux-gnueabihf-gcc -o conftest -g -O2        conftest.c  >&5
conftest.c:50:6: warning: conflicting types for built-in function 'memcpy'; expected 'void *(void *, const void *, unsigned int)' [-Wbuiltin-declaration-mismatch]
   50 | char memcpy ();
      |      ^~~~~~
conftest.c:38:1: note: 'memcpy' is declared in header '<string.h>'
   37 | # include <limits.h>
   38 | #else
configure:11459: $? = 0
configure:11459: result: yes
configure:11459: checking for strerror
configure:11459: arm-unknown-linux-gnueabihf-gcc -o conftest -g -O2        conftest.c  >&5
configure:11459: $? = 0
configure:11459: result: yes
configure:11524: checking for unistd.h
configure:11524: result: yes
configure:11654: updating cache ./config.cache
configure:11734: checking that generated files are newer than configure
configure:11740: result: done
configure:11771: creating ./config.status

## ---------------------- ##
## Running config.status. ##
## ---------------------- ##

This file was extended by zlib config.status 1.1.4, which was
generated by GNU Autoconf 2.69.  Invocation command line was

  CONFIG_FILES    = 
  CONFIG_HEADERS  = 
  CONFIG_LINKS    = 
  CONFIG_COMMANDS = 
  $ ./config.status 

on host

config.status:1021: creating Makefile
config.status:1193: executing depfiles commands
config.status:1193: executing libtool commands

## ---------------- ##
## Cache variables. ##
## ---------------- ##

ac_cv_build=x86_64-pc-linux-gnu
ac_cv_c_compiler_gnu=yes
ac_cv_env_CPPFLAGS_set=
ac_cv_env_CPPFLAGS_value=
ac_cv_env_CPP_set=
ac_cv_env_CPP_value=
ac_cv_env_build_alias_set=set
ac_cv_env_build_alias_value=x86_64-pc-linux-gnu
ac_cv_env_host_alias_set=set
ac_cv_env_host_alias_value=arm-unknown-linux-gnueabihf
ac_cv_env_target_alias_set=set
ac_cv_env_target_alias_value=arm-unknown-linux-gnueabihf
ac_cv_func_getpagesize=yes
ac_cv_func_memcpy=yes
ac_cv_func_mmap_fixed_mapped=no
ac_cv_func_strerror=yes
ac_cv_header_dlfcn_h=yes
ac_cv_header_inttypes_h=yes
ac_cv_header_memory_h=yes
ac_cv_header_stdc=yes
ac_cv_header_stdint_h=yes
ac_cv_header_stdlib_h=yes
ac_cv_header_string_h=yes
ac_cv_header_strings_h=yes
ac_cv_header_sys_param_h=yes
ac_cv_header_sys_stat_h=yes
ac_cv_header_sys_types_h=yes
ac_cv_header_unistd_h=yes
ac_cv_host=arm-unknown-linux-gnueabihf
ac_cv_objext=o
ac_cv_path_EGREP='/usr/bin/grep -E'
ac_cv_path_FGREP='/usr/bin/grep -F'
ac_cv_path_GREP=/usr/bin/grep
ac_cv_path_SED=/usr/bin/sed
ac_cv_path_mkdir=/usr/bin/mkdir
ac_cv_prog_AR='arm-unknown-linux-gnueabihf-ar '
ac_cv_prog_AWK=gawk
ac_cv_prog_CC=arm-unknown-linux-gnueabihf-gcc
ac_cv_prog_CPP='arm-unknown-linux-gnueabihf-gcc -E'
ac_cv_prog_OBJDUMP=arm-unknown-linux-gnueabihf-objdump
ac_cv_prog_RANLIB='arm-unknown-linux-gnueabihf-ranlib '
ac_cv_prog_STRIP=arm-unknown-linux-gnueabihf-strip
ac_cv_prog_cc_c89=
ac_cv_prog_cc_g=yes
ac_cv_prog_make_make_set=yes
ac_cv_target=arm-unknown-linux-gnueabihf
am_cv_CC_dependencies_compiler_type=gcc3
am_cv_make_support_nested_variables=yes
am_cv_prog_cc_c_o=yes
lt_cv_deplibs_check_method=pass_all
lt_cv_file_magic_cmd='$MAGIC_CMD'
lt_cv_file_magic_test_file=
lt_cv_ld_reload_flag=-r
lt_cv_nm_interface='BSD nm'
lt_cv_objdir=.libs
lt_cv_path_LD=/home/dev/x-tools/arm-unknown-linux-gnueabihf/lib/gcc/arm-unknown-linux-gnueabihf/9.5.0/../../../../arm-unknown-linux-gnueabihf/bin/ld
lt_cv_path_NM='/home/dev/x-tools/arm-unknown-linux-gnueabihf/bin/arm-unknown-linux-gnueabihf-nm -B'
lt_cv_prog_compiler_c_o=yes
lt_cv_prog_compiler_pic_works=yes
lt_cv_prog_compiler_rtti_exceptions=no
lt_cv_prog_compiler_static_works=yes
lt_cv_prog_gnu_ld=yes
lt_cv_shlibpath_overrides_runpath=no
lt_cv_sys_global_symbol_pipe='sed -n -e '\''s/^.*[	 ]\([ABCDGIRSTW][ABCDGIRSTW]*\)[	 ][	 ]*\([_A-Za-z][_A-Za-z0-9]*\)$/\1 \2 \2/p'\'''
lt_cv_sys_global_symbol_to_c_name_address='sed -n -e '\''s/^: \([^ ]*\) $/  {\"\1\", (void *) 0},/p'\'' -e '\''s/^[ABCDGIRSTW]* \([^ ]*\) \([^ ]*\)$/  {"\2", (void *) \&\2},/p'\'''
lt_cv_sys_global_symbol_to_c_name_address_lib_prefix='sed -n -e '\''s/^: \([^ ]*\) $/  {\"\1\", (void *) 0},/p'\'' -e '\''s/^[ABCDGIRSTW]* \([^ ]*\) \(lib[^ ]*\)$/  {"\2", (void *) \&\2},/p'\'' -e '\''s/^[ABCDGIRSTW]* \([^ ]*\) \([^ ]*\)$/  {"lib\2", (void *) \&\2},/p'\'''
lt_cv_sys_global_symbol_to_cdecl='sed -n -e '\''s/^T .* \(.*\)$/extern int \1();/p'\'' -e '\''s/^[ABCDGIRSTW]* .* \(.*\)$/extern char \1;/p'\'''
lt_cv_sys_max_cmd_len=1572864

## ----------------- ##
## Output variables. ##
## ----------------- ##

ACLOCAL='${SHELL} /home/dev/Desktop/ClaraColour/python/crosstoolsng/binutils-2.42/missing aclocal-1.15'
AMDEPBACKSLASH='\'
AMDEP_FALSE='#'
AMDEP_TRUE=''
AMTAR='$${TAR-tar}'
AM_BACKSLASH='\'
AM_DEFAULT_V='$(AM_DEFAULT_VERBOSITY)'
AM_DEFAULT_VERBOSITY='0'
AM_V='$(V)'
AR='arm-unknown-linux-gnueabihf-ar '
AUTOCONF='${SHELL} /home/dev/Desktop/ClaraColour/python/crosstoolsng/binutils-2.42/missing autoconf'
AUTOHEADER='${SHELL} /home/dev/Desktop/ClaraColour/python/crosstoolsng/binutils-2.42/missing autoheader'
AUTOMAKE='${SHELL} /home/dev/Desktop/ClaraColour/python/crosstoolsng/binutils-2.42/missing automake-1.15'
AWK='gawk'
CC='arm-unknown-linux-gnueabihf-gcc'
CCDEPMODE='depmode=gcc3'
CFLAGS='-g -O2    '
COMPPATH='.'
CPP='arm-unknown-linux-gnueabihf-gcc -E'
CPPFLAGS=''
CYGPATH_W='echo'
DEFS='-DPACKAGE_NAME=\"zlib\" -DPACKAGE_TARNAME=\"zlib\" -DPACKAGE_VERSION=\"1.1.4\" -DPACKAGE_STRING=\"zlib\ 1.1.4\" -DPACKAGE_BUGREPORT=\"\" -DPACKAGE_URL=\"\" -DPACKAGE=\"zlib\" -DVERSION=\"1.1.4\" -DSTDC_HEADERS=1 -DHAVE_SYS_TYPES_H=1 -DHAVE_SYS_STAT_H=1 -DHAVE_STDLIB_H=1 -DHAVE_STRING_H=1 -DHAVE_MEMORY_H=1 -DHAVE_STRINGS_H=1 -DHAVE_INTTYPES_H=1 -DHAVE_STDINT_H=1 -DHAVE_UNISTD_H=1 -DHAVE_DLFCN_H=1 -DLT_OBJDIR=\".libs/\" -DHAVE_STDLIB_H=1 -DHAVE_UNISTD_H=1 -DHAVE_SYS_PARAM_H=1 -DHAVE_GETPAGESIZE=1 -DHAVE_MEMCPY=1 -DHAVE_STRERROR=1 -DHAVE_UNISTD_H=1'
DEPDIR='.deps'
DSYMUTIL='arm-unknown-linux-gnueabihf-dsymutil'
DUMPBIN=''
ECHO_C=''
ECHO_N='-n'
ECHO_T=''
EGREP='/usr/bin/grep -E'
EXEEXT=''
FGREP='/usr/bin/grep -F'
GREP='/usr/bin/grep'
INSTALL_DATA='/usr/bin/install -c -m 644'
INSTALL_PROGRAM='/usr/bin/install -c'
INSTALL_SCRIPT='/usr/bin/install -c'
INSTALL_STRIP_PROGRAM='$(install_sh) -c -s'
LD='/home/dev/x-tools/arm-unknown-linux-gnueabihf/lib/gcc/arm-unknown-linux-gnueabihf/9.5.0/../../../../arm-unknown-linux-gnueabihf/bin/ld'
LDFLAGS=' '
LIBOBJS=''
LIBS=''
LIBTOOL='$(SHELL) $(top_builddir)/libtool'
LIPO=''
LN_S='ln -s'
LTLIBOBJS=''
MAINT='#'
MAINTAINER_MODE_FALSE=''
MAINTAINER_MODE_TRUE='#'
MAKEINFO='makeinfo --split-size=5000000'
MKDIR_P='/usr/bin/mkdir -p'
NM='/home/dev/x-tools/arm-unknown-linux-gnueabihf/bin/arm-unknown-linux-gnueabihf-nm -B'
NMEDIT=''
OBJDUMP='arm-unknown-linux-gnueabihf-objdump'
OBJEXT='o'
OTOOL64=''
OTOOL='arm-unknown-linux-gnueabihf-otool'
PACKAGE='zlib'
PACKAGE_BUGREPORT=''
PACKAGE_NAME='zlib'
PACKAGE_STRING='zlib 1.1.4'
PACKAGE_TARNAME='zlib'
PACKAGE_URL=''
PACKAGE_VERSION='1.1.4'
PATH_SEPARATOR=':'
PICFLAG=''
RANLIB='arm-unknown-linux-gnueabihf-ranlib  --plugin /home/dev/x-tools/arm-unknown-linux-gnueabihf/libexec/gcc/arm-unknown-linux-gnueabihf/9.5.0/liblto_plugin.so'
SED='/usr/bin/sed'
SET_MAKE=''
SHELL='/bin/bash'
STRIP='arm-unknown-linux-gnueabihf-strip'
TARGET_LIBRARY_FALSE=''
TARGET_LIBRARY_TRUE='#'
VERSION='1.1.4'
ac_ct_CC=''
ac_ct_DUMPBIN=''
am__EXEEXT_FALSE=''
am__EXEEXT_TRUE='#'
am__fastdepCC_FALSE='#'
am__fastdepCC_TRUE=''
am__include='include'
am__isrc=''
am__leading_dot='.'
am__nodep='_no'
am__quote=''
am__tar='$${TAR-tar} chof - "$$tardir"'
am__untar='$${TAR-tar} xf -'
bindir='${exec_prefix}/bin'
build='x86_64-pc-linux-gnu'
build_alias='x86_64-pc-linux-gnu'
build_cpu='x86_64'
build_os='linux-gnu'
build_vendor='pc'
datadir='${datarootdir}'
datarootdir='${prefix}/share'
docdir='${datarootdir}/doc/${PACKAGE_TARNAME}'
dvidir='${docdir}'
enable_host_pie=''
enable_host_shared=''
exec_prefix='${prefix}'
host='arm-unknown-linux-gnueabihf'
host_alias='arm-unknown-linux-gnueabihf'
host_cpu='arm'
host_os='linux-gnueabihf'
host_vendor='unknown'
htmldir='${docdir}'
includedir='${prefix}/include'
infodir='${datarootdir}/info'
install_sh='${SHELL} /home/dev/Desktop/ClaraColour/python/crosstoolsng/binutils-2.42/install-sh'
libdir='${exec_prefix}/lib'
libexecdir='${exec_prefix}/libexec'
localedir='${datarootdir}/locale'
localstatedir='${prefix}/var'
mandir='${datarootdir}/man'
mkdir_p='$(MKDIR_P)'
mkinstalldirs='/home/dev/Desktop/ClaraColour/python/crosstoolsng/binutils-2.42/mkinstalldirs'
multi_basedir=''
oldincludedir='/usr/include'
pdfdir='${docdir}'
prefix='/home/dev/x-tools/arm-unknown-linux-gnueabihf'
program_transform_name='s,y,y,'
psdir='${docdir}'
sbindir='${exec_prefix}/sbin'
sharedstatedir='${prefix}/com'
sysconfdir='${prefix}/etc'
target='arm-unknown-linux-gnueabihf'
target_alias='arm-unknown-linux-gnueabihf'
target_all='libzgcj.la'
target_cpu='arm'
target_os='linux-gnueabihf'
target_vendor='unknown'
toolexecdir='$(libdir)/gcc-lib/$(target_alias)'
toolexeclibdir='$(libdir)'

## ----------- ##
## confdefs.h. ##
## ----------- ##

/* confdefs.h */
#define PACKAGE_NAME "zlib"
#define PACKAGE_TARNAME "zlib"
#define PACKAGE_VERSION "1.1.4"
#define PACKAGE_STRING "zlib 1.1.4"
#define PACKAGE_BUGREPORT ""
#define PACKAGE_URL ""
#define PACKAGE "zlib"
#define VERSION "1.1.4"
#define STDC_HEADERS 1
#define HAVE_SYS_TYPES_H 1
#define HAVE_SYS_STAT_H 1
#define HAVE_STDLIB_H 1
#define HAVE_STRING_H 1
#define HAVE_MEMORY_H 1
#define HAVE_STRINGS_H 1
#define HAVE_INTTYPES_H 1
#define HAVE_STDINT_H 1
#define HAVE_UNISTD_H 1
#define HAVE_DLFCN_H 1
#define LT_OBJDIR ".libs/"
#define HAVE_STDLIB_H 1
#define HAVE_UNISTD_H 1
#define HAVE_SYS_PARAM_H 1
#define HAVE_GETPAGESIZE 1
#define HAVE_MEMCPY 1
#define HAVE_STRERROR 1
#define HAVE_UNISTD_H 1

configure: exit 0
