This file contains any messages produced by compilers while
running configure, to aid debugging if configure makes a mistake.

It was created by libxml2 configure 2.12.7, which was
generated by GNU Autoconf 2.71.  Invocation command line was

  $ ./configure --host=arm-unknown-linux-gnueabihf --build=x86_64-linux-gnu --prefix=/home/dev/Desktop/ClaraColour/python/crosstoolsng/libxml2-armhf-install --disable-shared --enable-static --without-python --without-lzma --with-zlib=/home/dev/Desktop/ClaraColour/python/crosstoolsng/zlib-armhf-install

## --------- ##
## Platform. ##
## --------- ##

hostname = host
uname -m = x86_64
uname -r = 6.12.105+deb13-amd64
uname -s = Linux
uname -v = #1 SMP PREEMPT_DYNAMIC Debian 6.12.105-1 (2026-08-24)

/usr/bin/uname -p = unknown
/bin/uname -X     = unknown

/bin/arch              = x86_64
/usr/bin/arch -k       = unknown
/usr/convex/getsysinfo = unknown
/usr/bin/hostinfo      = unknown
/bin/machine           = unknown
/usr/bin/oslevel       = unknown
/bin/universe          = unknown

PATH: /home/dev/x-tools/arm-unknown-linux-gnueabihf/bin/
PATH: /home/dev/x-tools/arm-unknown-linux-gnueabihf/bin/
PATH: /home/dev/x-tools/arm-unknown-linux-gnueabihf/bin/
PATH: /home/dev/x-tools/arm-unknown-linux-gnueabihf/bin/
PATH: /usr/local/bin/
PATH: /usr/bin/
PATH: /bin/
PATH: /usr/local/games/
PATH: /usr/games/
PATH: /snap/bin/
PATH: /home/dev/go/bin/


## ----------- ##
## Core tests. ##
## ----------- ##

configure:2672: looking for aux files: ltmain.sh compile missing install-sh config.guess config.sub
configure:2685:  trying ./
configure:2714:   ./ltmain.sh found
configure:2714:   ./compile found
configure:2714:   ./missing found
configure:2696:   ./install-sh found
configure:2714:   ./config.guess found
configure:2714:   ./config.sub found
configure:2836: checking build system type
configure:2851: result: x86_64-pc-linux-gnu
configure:2871: checking host system type
configure:2885: result: arm-unknown-linux-gnueabihf
configure:2951: checking for a BSD-compatible install
configure:3024: result: /usr/bin/install -c
configure:3035: checking whether build environment is sane
configure:3090: result: yes
configure:3146: checking for arm-unknown-linux-gnueabihf-strip
configure:3167: found /home/dev/x-tools/arm-unknown-linux-gnueabihf/bin/arm-unknown-linux-gnueabihf-strip
configure:3178: result: arm-unknown-linux-gnueabihf-strip
configure:3249: checking for a race-free mkdir -p
configure:3293: result: /usr/bin/mkdir -p
configure:3300: checking for gawk
configure:3321: found /usr/bin/gawk
configure:3332: result: gawk
configure:3343: checking whether make sets $(MAKE)
configure:3366: result: yes
configure:3396: checking whether make supports nested variables
configure:3414: result: yes
configure:3551: checking whether to enable maintainer-specific portions of Makefiles
configure:3561: result: yes
configure:3586: checking whether make supports nested variables
configure:3604: result: yes
configure:3633: checking for arm-unknown-linux-gnueabihf-gcc
configure:3665: result: arm-unknown-linux-gnueabihf-gcc
configure:4063: checking for C compiler version
configure:4072: arm-unknown-linux-gnueabihf-gcc --version >&5
arm-unknown-linux-gnueabihf-gcc (crosstool-NG 1.29.0.3_2e5d0b8) 9.5.0
Copyright (C) 2019 Free Software Foundation, Inc.
This is free software; see the source for copying conditions.  There is NO
warranty; not even for MERCHANTABILITY or FITNESS FOR A PARTICULAR PURPOSE.

configure:4083: $? = 0
configure:4072: arm-unknown-linux-gnueabihf-gcc -v >&5
Using built-in specs.
COLLECT_GCC=arm-unknown-linux-gnueabihf-gcc
COLLECT_LTO_WRAPPER=/home/dev/x-tools/arm-unknown-linux-gnueabihf/libexec/gcc/arm-unknown-linux-gnueabihf/9.5.0/lto-wrapper
Target: arm-unknown-linux-gnueabihf
Configured with: /home/dev/Desktop/ClaraColour/python/crosstoolsng/crosstool-ng/.build/arm-unknown-linux-gnueabihf/src/gcc/configure --build=x86_64-build_pc-linux-gnu --host=x86_64-build_pc-linux-gnu --target=arm-unknown-linux-gnueabihf --prefix=/home/dev/x-tools/arm-unknown-linux-gnueabihf --exec_prefix=/home/dev/x-tools/arm-unknown-linux-gnueabihf --with-sysroot=/home/dev/x-tools/arm-unknown-linux-gnueabihf/arm-unknown-linux-gnueabihf/sysroot --enable-languages=c,c++ --with-arch=armv7-a --with-tune=cortex-a53 --with-fpu=neon-vfpv4 --with-float=hard --with-pkgversion='crosstool-NG 1.29.0.3_2e5d0b8' --enable-__cxa_atexit --disable-tm-clone-registry --disable-libmudflap --disable-libgomp --disable-libssp --disable-libquadmath --disable-libquadmath-support --disable-libsanitizer --disable-libmpx --with-gmp=/home/dev/Desktop/ClaraColour/python/crosstoolsng/crosstool-ng/.build/arm-unknown-linux-gnueabihf/buildtools --with-mpfr=/home/dev/Desktop/ClaraColour/python/crosstoolsng/crosstool-ng/.build/arm-unknown-linux-gnueabihf/buildtools --with-mpc=/home/dev/Desktop/ClaraColour/python/crosstoolsng/crosstool-ng/.build/arm-unknown-linux-gnueabihf/buildtools --with-isl=/home/dev/Desktop/ClaraColour/python/crosstoolsng/crosstool-ng/.build/arm-unknown-linux-gnueabihf/buildtools --enable-lto --without-zstd --enable-threads=posix --enable-target-optspace --disable-plugin --disable-nls --disable-multilib --with-local-prefix=/home/dev/x-tools/arm-unknown-linux-gnueabihf/arm-unknown-linux-gnueabihf/sysroot --enable-long-long
Thread model: posix
gcc version 9.5.0 (crosstool-NG 1.29.0.3_2e5d0b8) 
configure:4083: $? = 0
configure:4072: arm-unknown-linux-gnueabihf-gcc -V >&5
arm-unknown-linux-gnueabihf-gcc: error: unrecognized command line option '-V'
arm-unknown-linux-gnueabihf-gcc: fatal error: no input files
compilation terminated.
configure:4083: $? = 1
configure:4072: arm-unknown-linux-gnueabihf-gcc -qversion >&5
arm-unknown-linux-gnueabihf-gcc: error: unrecognized command line option '-qversion'; did you mean '--version'?
arm-unknown-linux-gnueabihf-gcc: fatal error: no input files
compilation terminated.
configure:4083: $? = 1
configure:4072: arm-unknown-linux-gnueabihf-gcc -version >&5
arm-unknown-linux-gnueabihf-gcc: error: unrecognized command line option '-version'
arm-unknown-linux-gnueabihf-gcc: fatal error: no input files
compilation terminated.
configure:4083: $? = 1
configure:4103: checking whether the C compiler works
configure:4125: arm-unknown-linux-gnueabihf-gcc    conftest.c  >&5
configure:4129: $? = 0
configure:4179: result: yes
configure:4182: checking for C compiler default output file name
configure:4184: result: a.out
configure:4190: checking for suffix of executables
configure:4197: arm-unknown-linux-gnueabihf-gcc -o conftest    conftest.c  >&5
configure:4201: $? = 0
configure:4224: result: 
configure:4246: checking whether we are cross compiling
configure:4284: result: yes
configure:4289: checking for suffix of object files
configure:4312: arm-unknown-linux-gnueabihf-gcc -c   conftest.c >&5
configure:4316: $? = 0
configure:4338: result: o
configure:4342: checking whether the compiler supports GNU C
configure:4362: arm-unknown-linux-gnueabihf-gcc -c   conftest.c >&5
configure:4362: $? = 0
configure:4372: result: yes
configure:4383: checking whether arm-unknown-linux-gnueabihf-gcc accepts -g
configure:4404: arm-unknown-linux-gnueabihf-gcc -c -g  conftest.c >&5
configure:4404: $? = 0
configure:4448: result: yes
configure:4468: checking for arm-unknown-linux-gnueabihf-gcc option to enable C11 features
configure:4483: arm-unknown-linux-gnueabihf-gcc  -c -g -O2  conftest.c >&5
configure:4483: $? = 0
configure:4501: result: none needed
configure:4617: checking whether arm-unknown-linux-gnueabihf-gcc understands -c and -o together
configure:4640: arm-unknown-linux-gnueabihf-gcc -c conftest.c -o conftest2.o
configure:4643: $? = 0
configure:4640: arm-unknown-linux-gnueabihf-gcc -c conftest.c -o conftest2.o
configure:4643: $? = 0
configure:4655: result: yes
configure:4675: checking whether make supports the include directive
configure:4690: make -f confmf.GNU && cat confinc.out
this is the am__doit target
configure:4693: $? = 0
configure:4712: result: yes (GNU style)
configure:4738: checking dependency style of arm-unknown-linux-gnueabihf-gcc
configure:4850: result: gcc3
configure:4866: checking whether ln -s works
configure:4870: result: yes
configure:4880: checking for tar
configure:4903: found /usr/bin/tar
configure:4916: result: /usr/bin/tar
configure:4926: checking for perl
configure:4949: found /usr/bin/perl
configure:4962: result: /usr/bin/perl
configure:4972: checking for wget
configure:4995: found /usr/bin/wget
configure:5008: result: /usr/bin/wget
configure:5018: checking for xsltproc
configure:5054: result: /usr/bin/xsltproc
configure:5073: checking for arm-unknown-linux-gnueabihf-pkg-config
configure:5111: result: no
configure:5121: checking for pkg-config
configure:5144: found /usr/bin/pkg-config
configure:5156: result: /usr/bin/pkg-config
configure:5168: WARNING: using cross tools not prefixed with host triplet
configure:5181: checking pkg-config is at least version 0.9.0
configure:5184: result: yes
configure:5240: checking how to print strings
configure:5267: result: printf
configure:5288: checking for a sed that does not truncate output
configure:5358: result: /usr/bin/sed
configure:5376: checking for grep that handles long lines and -e
configure:5440: result: /usr/bin/grep
configure:5445: checking for egrep
configure:5513: result: /usr/bin/grep -E
configure:5518: checking for fgrep
configure:5586: result: /usr/bin/grep -F
configure:5622: checking for ld used by arm-unknown-linux-gnueabihf-gcc
configure:5690: result: /home/dev/x-tools/arm-unknown-linux-gnueabihf/arm-unknown-linux-gnueabihf/bin/ld
configure:5697: checking if the linker (/home/dev/x-tools/arm-unknown-linux-gnueabihf/arm-unknown-linux-gnueabihf/bin/ld) is GNU ld
configure:5713: result: yes
configure:5725: checking for BSD- or MS-compatible name lister (nm)
configure:5780: result: /home/dev/x-tools/arm-unknown-linux-gnueabihf/bin/arm-unknown-linux-gnueabihf-nm -B
configure:5920: checking the name lister (/home/dev/x-tools/arm-unknown-linux-gnueabihf/bin/arm-unknown-linux-gnueabihf-nm -B) interface
configure:5928: arm-unknown-linux-gnueabihf-gcc -c -g -O2  conftest.c >&5
configure:5931: /home/dev/x-tools/arm-unknown-linux-gnueabihf/bin/arm-unknown-linux-gnueabihf-nm -B "conftest.o"
configure:5934: output
00000000 B some_variable
configure:5941: result: BSD nm
configure:5945: checking the maximum length of command line arguments
configure:6077: result: 1572864
configure:6125: checking how to convert x86_64-pc-linux-gnu file names to arm-unknown-linux-gnueabihf format
configure:6166: result: func_convert_file_noop
configure:6173: checking how to convert x86_64-pc-linux-gnu file names to toolchain format
configure:6194: result: func_convert_file_noop
configure:6201: checking for /home/dev/x-tools/arm-unknown-linux-gnueabihf/arm-unknown-linux-gnueabihf/bin/ld option to reload object files
configure:6209: result: -r
configure:6243: checking for arm-unknown-linux-gnueabihf-objdump
configure:6264: found /home/dev/x-tools/arm-unknown-linux-gnueabihf/bin/arm-unknown-linux-gnueabihf-objdump
configure:6275: result: arm-unknown-linux-gnueabihf-objdump
configure:6352: checking how to recognize dependent libraries
configure:6553: result: pass_all
configure:6598: checking for arm-unknown-linux-gnueabihf-dlltool
configure:6633: result: no
configure:6643: checking for dlltool
configure:6678: result: no
configure:6708: checking how to associate runtime and link libraries
configure:6736: result: printf %s\n
configure:6753: checking for arm-unknown-linux-gnueabihf-ar
configure:6785: result: arm-unknown-linux-gnueabihf-ar
configure:6871: checking for archiver @FILE support
configure:6889: arm-unknown-linux-gnueabihf-gcc -c -g -O2  conftest.c >&5
configure:6889: $? = 0
configure:6893: arm-unknown-linux-gnueabihf-ar cr libconftest.a @conftest.lst >&5
configure:6896: $? = 0
configure:6901: arm-unknown-linux-gnueabihf-ar cr libconftest.a @conftest.lst >&5
arm-unknown-linux-gnueabihf-ar: conftest.o: No such file or directory
configure:6904: $? = 1
configure:6916: result: @
configure:6934: checking for arm-unknown-linux-gnueabihf-strip
configure:6966: result: arm-unknown-linux-gnueabihf-strip
configure:7043: checking for arm-unknown-linux-gnueabihf-ranlib
configure:7075: result: arm-unknown-linux-gnueabihf-ranlib
configure:7222: checking command to parse /home/dev/x-tools/arm-unknown-linux-gnueabihf/bin/arm-unknown-linux-gnueabihf-nm -B output from arm-unknown-linux-gnueabihf-gcc object
configure:7376: arm-unknown-linux-gnueabihf-gcc -c -g -O2  conftest.c >&5
configure:7379: $? = 0
configure:7383: /home/dev/x-tools/arm-unknown-linux-gnueabihf/bin/arm-unknown-linux-gnueabihf-nm -B conftest.o | sed -n -e 's/^.*[	 ]\([ABCDGIRSTW][ABCDGIRSTW]*\)[	 ][	 ]*\([_A-Za-z][_A-Za-z0-9]*\)$/\1 \2 \2/p' | sed '/ __gnu_lto/d' > conftest.nm
configure:7449: arm-unknown-linux-gnueabihf-gcc -o conftest -g -O2   conftest.c conftstm.o >&5
configure:7452: $? = 0
configure:7490: result: ok
configure:7537: checking for sysroot
configure:7568: result: no
configure:7575: checking for a working dd
configure:7619: result: /usr/bin/dd
configure:7623: checking how to truncate binary pipes
configure:7639: result: /usr/bin/dd bs=4096 count=1
configure:7931: checking for arm-unknown-linux-gnueabihf-mt
configure:7966: result: no
configure:7976: checking for mt
configure:7997: found /usr/bin/mt
configure:8008: result: mt
configure:8031: checking if mt is a manifest tool
configure:8038: mt '-?'
configure:8046: result: no
configure:8776: checking for stdio.h
configure:8776: arm-unknown-linux-gnueabihf-gcc -c -g -O2  conftest.c >&5
configure:8776: $? = 0
configure:8776: result: yes
configure:8776: checking for stdlib.h
configure:8776: arm-unknown-linux-gnueabihf-gcc -c -g -O2  conftest.c >&5
configure:8776: $? = 0
configure:8776: result: yes
configure:8776: checking for string.h
configure:8776: arm-unknown-linux-gnueabihf-gcc -c -g -O2  conftest.c >&5
configure:8776: $? = 0
configure:8776: result: yes
configure:8776: checking for inttypes.h
configure:8776: arm-unknown-linux-gnueabihf-gcc -c -g -O2  conftest.c >&5
configure:8776: $? = 0
configure:8776: result: yes
configure:8776: checking for stdint.h
configure:8776: arm-unknown-linux-gnueabihf-gcc -c -g -O2  conftest.c >&5
configure:8776: $? = 0
configure:8776: result: yes
configure:8776: checking for strings.h
configure:8776: arm-unknown-linux-gnueabihf-gcc -c -g -O2  conftest.c >&5
configure:8776: $? = 0
configure:8776: result: yes
configure:8776: checking for sys/stat.h
configure:8776: arm-unknown-linux-gnueabihf-gcc -c -g -O2  conftest.c >&5
configure:8776: $? = 0
configure:8776: result: yes
configure:8776: checking for sys/types.h
configure:8776: arm-unknown-linux-gnueabihf-gcc -c -g -O2  conftest.c >&5
configure:8776: $? = 0
configure:8776: result: yes
configure:8776: checking for unistd.h
configure:8776: arm-unknown-linux-gnueabihf-gcc -c -g -O2  conftest.c >&5
configure:8776: $? = 0
configure:8776: result: yes
configure:8801: checking for dlfcn.h
configure:8801: arm-unknown-linux-gnueabihf-gcc -c -g -O2  conftest.c >&5
configure:8801: $? = 0
configure:8801: result: yes
configure:9059: checking for objdir
configure:9075: result: .libs
configure:9339: checking if arm-unknown-linux-gnueabihf-gcc supports -fno-rtti -fno-exceptions
configure:9358: arm-unknown-linux-gnueabihf-gcc -c -g -O2  -fno-rtti -fno-exceptions conftest.c >&5
cc1: warning: command line option '-fno-rtti' is valid for C++/D/ObjC++ but not for C
configure:9362: $? = 0
configure:9375: result: no
configure:9739: checking for arm-unknown-linux-gnueabihf-gcc option to produce PIC
configure:9747: result: -fPIC -DPIC
configure:9755: checking if arm-unknown-linux-gnueabihf-gcc PIC flag -fPIC -DPIC works
configure:9774: arm-unknown-linux-gnueabihf-gcc -c -g -O2  -fPIC -DPIC -DPIC conftest.c >&5
configure:9778: $? = 0
configure:9791: result: yes
configure:9820: checking if arm-unknown-linux-gnueabihf-gcc static flag -static works
configure:9849: result: yes
configure:9864: checking if arm-unknown-linux-gnueabihf-gcc supports -c -o file.o
configure:9886: arm-unknown-linux-gnueabihf-gcc -c -g -O2  -o out/conftest2.o conftest.c >&5
configure:9890: $? = 0
configure:9912: result: yes
configure:9920: checking if arm-unknown-linux-gnueabihf-gcc supports -c -o file.o
configure:9968: result: yes
configure:10001: checking whether the arm-unknown-linux-gnueabihf-gcc linker (/home/dev/x-tools/arm-unknown-linux-gnueabihf/arm-unknown-linux-gnueabihf/bin/ld) supports shared libraries
configure:11271: result: yes
configure:11512: checking dynamic linker characteristics
configure:12094: arm-unknown-linux-gnueabihf-gcc -o conftest -g -O2   -Wl,-rpath -Wl,/foo conftest.c  >&5
configure:12094: $? = 0
configure:12345: result: GNU/Linux ld.so
configure:12467: checking how to hardcode library paths into programs
configure:12492: result: immediate
configure:13044: checking whether stripping libraries is possible
configure:13049: result: yes
configure:13084: checking if libtool supports shared libraries
configure:13086: result: yes
configure:13089: checking whether to build shared libraries
configure:13114: result: no
configure:13117: checking whether to build static libraries
configure:13121: result: yes
configure:13246: checking for cos in -lm
configure:13269: arm-unknown-linux-gnueabihf-gcc -o conftest -g -O2   conftest.c -lm   >&5
conftest.c:27:6: warning: conflicting types for built-in function 'cos'; expected 'double(double)' [-Wbuiltin-declaration-mismatch]
   27 | char cos ();
      |      ^~~
conftest.c:1:1: note: 'cos' is declared in header '<math.h>'
    1 | /* confdefs.h */
configure:13269: $? = 0
configure:13279: result: yes
configure:13708: checking for stdint.h
configure:13708: result: yes
configure:13714: checking for inttypes.h
configure:13714: result: yes
configure:13721: checking for fcntl.h
configure:13721: arm-unknown-linux-gnueabihf-gcc -c -g -O2  conftest.c >&5
configure:13721: $? = 0
configure:13721: result: yes
configure:13727: checking for unistd.h
configure:13727: result: yes
configure:13733: checking for sys/stat.h
configure:13733: result: yes
configure:13740: checking for sys/mman.h
configure:13740: arm-unknown-linux-gnueabihf-gcc -c -g -O2  conftest.c >&5
configure:13740: $? = 0
configure:13740: result: yes
configure:13747: checking for sys/socket.h
configure:13747: arm-unknown-linux-gnueabihf-gcc -c -g -O2  conftest.c >&5
configure:13747: $? = 0
configure:13747: result: yes
configure:13753: checking for netinet/in.h
configure:13753: arm-unknown-linux-gnueabihf-gcc -c -g -O2  conftest.c >&5
configure:13753: $? = 0
configure:13753: result: yes
configure:13759: checking for arpa/inet.h
configure:13759: arm-unknown-linux-gnueabihf-gcc -c -g -O2  conftest.c >&5
configure:13759: $? = 0
configure:13759: result: yes
configure:13765: checking for netdb.h
configure:13765: arm-unknown-linux-gnueabihf-gcc -c -g -O2  conftest.c >&5
configure:13765: $? = 0
configure:13765: result: yes
configure:13772: checking for sys/select.h
configure:13772: arm-unknown-linux-gnueabihf-gcc -c -g -O2  conftest.c >&5
configure:13772: $? = 0
configure:13772: result: yes
configure:13778: checking for poll.h
configure:13778: arm-unknown-linux-gnueabihf-gcc -c -g -O2  conftest.c >&5
configure:13778: $? = 0
configure:13778: result: yes
configure:13785: checking for sys/time.h
configure:13785: arm-unknown-linux-gnueabihf-gcc -c -g -O2  conftest.c >&5
configure:13785: $? = 0
configure:13785: result: yes
configure:13791: checking for sys/timeb.h
configure:13791: arm-unknown-linux-gnueabihf-gcc -c -g -O2  conftest.c >&5
configure:13791: $? = 0
configure:13791: result: yes
configure:13798: checking for dl.h
configure:13798: arm-unknown-linux-gnueabihf-gcc -c -g -O2  conftest.c >&5
conftest.c:65:10: fatal error: dl.h: No such file or directory
   65 | #include <dl.h>
      |          ^~~~~~
compilation terminated.
configure:13798: $? = 1
configure: failed program was:
| /* confdefs.h */
| #define PACKAGE_NAME "libxml2"
| #define PACKAGE_TARNAME "libxml2"
| #define PACKAGE_VERSION "2.12.7"
| #define PACKAGE_STRING "libxml2 2.12.7"
| #define PACKAGE_BUGREPORT ""
| #define PACKAGE_URL ""
| #define PACKAGE "libxml2"
| #define VERSION "2.12.7"
| #define HAVE_STDIO_H 1
| #define HAVE_STDLIB_H 1
| #define HAVE_STRING_H 1
| #define HAVE_INTTYPES_H 1
| #define HAVE_STDINT_H 1
| #define HAVE_STRINGS_H 1
| #define HAVE_SYS_STAT_H 1
| #define HAVE_SYS_TYPES_H 1
| #define HAVE_UNISTD_H 1
| #define STDC_HEADERS 1
| #define HAVE_DLFCN_H 1
| #define LT_OBJDIR ".libs/"
| #define HAVE_STDINT_H 1
| #define HAVE_INTTYPES_H 1
| #define HAVE_FCNTL_H 1
| #define HAVE_UNISTD_H 1
| #define HAVE_SYS_STAT_H 1
| #define HAVE_SYS_MMAN_H 1
| #define HAVE_SYS_SOCKET_H 1
| #define HAVE_NETINET_IN_H 1
| #define HAVE_ARPA_INET_H 1
| #define HAVE_NETDB_H 1
| #define HAVE_SYS_SELECT_H 1
| #define HAVE_POLL_H 1
| #define HAVE_SYS_TIME_H 1
| #define HAVE_SYS_TIMEB_H 1
| /* end confdefs.h.  */
| #include <stddef.h>
| #ifdef HAVE_STDIO_H
| # include <stdio.h>
| #endif
| #ifdef HAVE_STDLIB_H
| # include <stdlib.h>
| #endif
| #ifdef HAVE_STRING_H
| # include <string.h>
| #endif
| #ifdef HAVE_INTTYPES_H
| # include <inttypes.h>
| #endif
| #ifdef HAVE_STDINT_H
| # include <stdint.h>
| #endif
| #ifdef HAVE_STRINGS_H
| # include <strings.h>
| #endif
| #ifdef HAVE_SYS_TYPES_H
| # include <sys/types.h>
| #endif
| #ifdef HAVE_SYS_STAT_H
| # include <sys/stat.h>
| #endif
| #ifdef HAVE_UNISTD_H
| # include <unistd.h>
| #endif
| #include <dl.h>
configure:13798: result: no
configure:13804: checking for dlfcn.h
configure:13804: result: yes
configure:13811: checking for glob.h
configure:13811: arm-unknown-linux-gnueabihf-gcc -c -g -O2  conftest.c >&5
configure:13811: $? = 0
configure:13811: result: yes
configure:13827: checking for uint32_t
configure:13827: arm-unknown-linux-gnueabihf-gcc -c -g -O2  conftest.c >&5
configure:13827: $? = 0
configure:13827: result: yes
configure:13840: checking for gettimeofday
configure:13840: arm-unknown-linux-gnueabihf-gcc -o conftest -g -O2   conftest.c  >&5
configure:13840: $? = 0
configure:13840: result: yes
configure:13846: checking for ftime
configure:13846: arm-unknown-linux-gnueabihf-gcc -o conftest -g -O2   conftest.c  >&5
configure:13846: $? = 0
configure:13846: result: yes
configure:13852: checking for stat
configure:13852: arm-unknown-linux-gnueabihf-gcc -o conftest -g -O2   conftest.c  >&5
configure:13852: $? = 0
configure:13852: result: yes
configure:13858: checking for isascii
configure:13858: arm-unknown-linux-gnueabihf-gcc -o conftest -g -O2   conftest.c  >&5
conftest.c:58:6: warning: conflicting types for built-in function 'isascii'; expected 'int(int)' [-Wbuiltin-declaration-mismatch]
   58 | char isascii ();
      |      ^~~~~~~
configure:13858: $? = 0
configure:13858: result: yes
configure:13864: checking for mmap
configure:13864: arm-unknown-linux-gnueabihf-gcc -o conftest -g -O2   conftest.c  >&5
configure:13864: $? = 0
configure:13864: result: yes
configure:13870: checking for munmap
configure:13870: arm-unknown-linux-gnueabihf-gcc -o conftest -g -O2   conftest.c  >&5
configure:13870: $? = 0
configure:13870: result: yes
configure:13880: checking for va_copy
configure:13894: arm-unknown-linux-gnueabihf-gcc -o conftest -g -O2   conftest.c  >&5
configure:13894: $? = 0
configure:13902: result: yes
configure:13940: checking whether va_list is an array type
configure:13953: arm-unknown-linux-gnueabihf-gcc -c -g -O2  conftest.c >&5
configure:13956: result: no
configure:13978: checking for library containing gethostbyname
configure:14008: arm-unknown-linux-gnueabihf-gcc -o conftest -g -O2   conftest.c  >&5
configure:14008: $? = 0
configure:14028: result: none required
configure:14042: checking for library containing connect
configure:14072: arm-unknown-linux-gnueabihf-gcc -o conftest -g -O2   conftest.c  >&5
configure:14072: $? = 0
configure:14092: result: none required
configure:14110: checking for type of socket length (socklen_t)
configure:14127: arm-unknown-linux-gnueabihf-gcc -c -g -O2  conftest.c >&5
configure:14130: result: socklen_t *
configure:14208: checking whether to enable IPv6
configure:14234: arm-unknown-linux-gnueabihf-gcc -c -g -O2  conftest.c >&5
configure:14234: $? = 0
configure:14240: result: yes
configure:14305: checking whether __attribute__((destructor)) is accepted
configure:14317: arm-unknown-linux-gnueabihf-gcc -c -g -O2  conftest.c >&5
configure:14320: result: yes
configure:14351: checking whether the linker accepts -Wl,--undefined-version
configure:14371: arm-unknown-linux-gnueabihf-gcc -o conftest -g -O2    -Wl,--undefined-version conftest.c  >&5
/home/dev/x-tools/arm-unknown-linux-gnueabihf/lib/gcc/arm-unknown-linux-gnueabihf/9.5.0/../../../../arm-unknown-linux-gnueabihf/bin/ld: unrecognized option '--undefined-version'
/home/dev/x-tools/arm-unknown-linux-gnueabihf/lib/gcc/arm-unknown-linux-gnueabihf/9.5.0/../../../../arm-unknown-linux-gnueabihf/bin/ld: use the --help option for usage information
collect2: error: ld returned 1 exit status
configure:14371: $? = 1
configure: failed program was:
| /* confdefs.h */
| #define PACKAGE_NAME "libxml2"
| #define PACKAGE_TARNAME "libxml2"
| #define PACKAGE_VERSION "2.12.7"
| #define PACKAGE_STRING "libxml2 2.12.7"
| #define PACKAGE_BUGREPORT ""
| #define PACKAGE_URL ""
| #define PACKAGE "libxml2"
| #define VERSION "2.12.7"
| #define HAVE_STDIO_H 1
| #define HAVE_STDLIB_H 1
| #define HAVE_STRING_H 1
| #define HAVE_INTTYPES_H 1
| #define HAVE_STDINT_H 1
| #define HAVE_STRINGS_H 1
| #define HAVE_SYS_STAT_H 1
| #define HAVE_SYS_TYPES_H 1
| #define HAVE_UNISTD_H 1
| #define STDC_HEADERS 1
| #define HAVE_DLFCN_H 1
| #define LT_OBJDIR ".libs/"
| #define HAVE_STDINT_H 1
| #define HAVE_INTTYPES_H 1
| #define HAVE_FCNTL_H 1
| #define HAVE_UNISTD_H 1
| #define HAVE_SYS_STAT_H 1
| #define HAVE_SYS_MMAN_H 1
| #define HAVE_SYS_SOCKET_H 1
| #define HAVE_NETINET_IN_H 1
| #define HAVE_ARPA_INET_H 1
| #define HAVE_NETDB_H 1
| #define HAVE_SYS_SELECT_H 1
| #define HAVE_POLL_H 1
| #define HAVE_SYS_TIME_H 1
| #define HAVE_SYS_TIMEB_H 1
| #define HAVE_DLFCN_H 1
| #define HAVE_GLOB_H 1
| #define HAVE_GETTIMEOFDAY 1
| #define HAVE_FTIME 1
| #define HAVE_STAT 1
| #define HAVE_ISASCII 1
| #define HAVE_MMAP 1
| #define HAVE_MUNMAP 1
| #define HAVE_VA_COPY 1
| #define XML_SOCKLEN_T socklen_t
| #define SUPPORT_IP6 /**/
| #define HAVE_ATTRIBUTE_DESTRUCTOR 1
| #define ATTRIBUTE_DESTRUCTOR __attribute__((destructor))
| /* end confdefs.h.  */
| 
| int
| main (void)
| {
| 
|   ;
|   return 0;
| }
configure:14382: result: no
configure:14439: : VERSION_SCRIPT_FLAGS="$VERSION_SCRIPT_FLAGS"
configure:14442: $? = 0
configure:15375: checking for library containing dlopen
configure:15405: arm-unknown-linux-gnueabihf-gcc -o conftest -g -O2   conftest.c  >&5
/home/dev/x-tools/arm-unknown-linux-gnueabihf/lib/gcc/arm-unknown-linux-gnueabihf/9.5.0/../../../../arm-unknown-linux-gnueabihf/bin/ld: /tmp/ccaNDizD.o: in function `main':
/home/dev/Desktop/ClaraColour/python/crosstoolsng/libxml2-2.12.7/conftest.c:58: undefined reference to `dlopen'
collect2: error: ld returned 1 exit status
configure:15405: $? = 1
configure: failed program was:
| /* confdefs.h */
| #define PACKAGE_NAME "libxml2"
| #define PACKAGE_TARNAME "libxml2"
| #define PACKAGE_VERSION "2.12.7"
| #define PACKAGE_STRING "libxml2 2.12.7"
| #define PACKAGE_BUGREPORT ""
| #define PACKAGE_URL ""
| #define PACKAGE "libxml2"
| #define VERSION "2.12.7"
| #define HAVE_STDIO_H 1
| #define HAVE_STDLIB_H 1
| #define HAVE_STRING_H 1
| #define HAVE_INTTYPES_H 1
| #define HAVE_STDINT_H 1
| #define HAVE_STRINGS_H 1
| #define HAVE_SYS_STAT_H 1
| #define HAVE_SYS_TYPES_H 1
| #define HAVE_UNISTD_H 1
| #define STDC_HEADERS 1
| #define HAVE_DLFCN_H 1
| #define LT_OBJDIR ".libs/"
| #define HAVE_STDINT_H 1
| #define HAVE_INTTYPES_H 1
| #define HAVE_FCNTL_H 1
| #define HAVE_UNISTD_H 1
| #define HAVE_SYS_STAT_H 1
| #define HAVE_SYS_MMAN_H 1
| #define HAVE_SYS_SOCKET_H 1
| #define HAVE_NETINET_IN_H 1
| #define HAVE_ARPA_INET_H 1
| #define HAVE_NETDB_H 1
| #define HAVE_SYS_SELECT_H 1
| #define HAVE_POLL_H 1
| #define HAVE_SYS_TIME_H 1
| #define HAVE_SYS_TIMEB_H 1
| #define HAVE_DLFCN_H 1
| #define HAVE_GLOB_H 1
| #define HAVE_GETTIMEOFDAY 1
| #define HAVE_FTIME 1
| #define HAVE_STAT 1
| #define HAVE_ISASCII 1
| #define HAVE_MMAP 1
| #define HAVE_MUNMAP 1
| #define HAVE_VA_COPY 1
| #define XML_SOCKLEN_T socklen_t
| #define SUPPORT_IP6 /**/
| #define HAVE_ATTRIBUTE_DESTRUCTOR 1
| #define ATTRIBUTE_DESTRUCTOR __attribute__((destructor))
| /* end confdefs.h.  */
| 
| /* Override any GCC internal prototype to avoid an error.
|    Use char because int might match the return type of a GCC
|    builtin and then its argument prototype would still apply.  */
| char dlopen ();
| int
| main (void)
| {
| return dlopen ();
|   ;
|   return 0;
| }
configure:15405: arm-unknown-linux-gnueabihf-gcc -o conftest -g -O2   conftest.c -ldl   >&5
configure:15405: $? = 0
configure:15425: result: -ldl
configure:15558: checking for pthread.h
configure:15558: arm-unknown-linux-gnueabihf-gcc -c -g -O2  conftest.c >&5
configure:15558: $? = 0
configure:15558: result: yes
configure:15562: checking for library containing pthread_join
configure:15592: arm-unknown-linux-gnueabihf-gcc -o conftest -g -O2   conftest.c  >&5
/home/dev/x-tools/arm-unknown-linux-gnueabihf/lib/gcc/arm-unknown-linux-gnueabihf/9.5.0/../../../../arm-unknown-linux-gnueabihf/bin/ld: /tmp/ccbk5FTT.o: in function `main':
/home/dev/Desktop/ClaraColour/python/crosstoolsng/libxml2-2.12.7/conftest.c:60: undefined reference to `pthread_join'
collect2: error: ld returned 1 exit status
configure:15592: $? = 1
configure: failed program was:
| /* confdefs.h */
| #define PACKAGE_NAME "libxml2"
| #define PACKAGE_TARNAME "libxml2"
| #define PACKAGE_VERSION "2.12.7"
| #define PACKAGE_STRING "libxml2 2.12.7"
| #define PACKAGE_BUGREPORT ""
| #define PACKAGE_URL ""
| #define PACKAGE "libxml2"
| #define VERSION "2.12.7"
| #define HAVE_STDIO_H 1
| #define HAVE_STDLIB_H 1
| #define HAVE_STRING_H 1
| #define HAVE_INTTYPES_H 1
| #define HAVE_STDINT_H 1
| #define HAVE_STRINGS_H 1
| #define HAVE_SYS_STAT_H 1
| #define HAVE_SYS_TYPES_H 1
| #define HAVE_UNISTD_H 1
| #define STDC_HEADERS 1
| #define HAVE_DLFCN_H 1
| #define LT_OBJDIR ".libs/"
| #define HAVE_STDINT_H 1
| #define HAVE_INTTYPES_H 1
| #define HAVE_FCNTL_H 1
| #define HAVE_UNISTD_H 1
| #define HAVE_SYS_STAT_H 1
| #define HAVE_SYS_MMAN_H 1
| #define HAVE_SYS_SOCKET_H 1
| #define HAVE_NETINET_IN_H 1
| #define HAVE_ARPA_INET_H 1
| #define HAVE_NETDB_H 1
| #define HAVE_SYS_SELECT_H 1
| #define HAVE_POLL_H 1
| #define HAVE_SYS_TIME_H 1
| #define HAVE_SYS_TIMEB_H 1
| #define HAVE_DLFCN_H 1
| #define HAVE_GLOB_H 1
| #define HAVE_GETTIMEOFDAY 1
| #define HAVE_FTIME 1
| #define HAVE_STAT 1
| #define HAVE_ISASCII 1
| #define HAVE_MMAP 1
| #define HAVE_MUNMAP 1
| #define HAVE_VA_COPY 1
| #define XML_SOCKLEN_T socklen_t
| #define SUPPORT_IP6 /**/
| #define HAVE_ATTRIBUTE_DESTRUCTOR 1
| #define ATTRIBUTE_DESTRUCTOR __attribute__((destructor))
| #define HAVE_DLOPEN /**/
| #define HAVE_PTHREAD_H 1
| /* end confdefs.h.  */
| 
| /* Override any GCC internal prototype to avoid an error.
|    Use char because int might match the return type of a GCC
|    builtin and then its argument prototype would still apply.  */
| char pthread_join ();
| int
| main (void)
| {
| return pthread_join ();
|   ;
|   return 0;
| }
configure:15592: arm-unknown-linux-gnueabihf-gcc -o conftest -g -O2   conftest.c -lpthread   >&5
configure:15592: $? = 0
configure:15612: result: -lpthread
configure:15920: checking for zlib.h
configure:15920: arm-unknown-linux-gnueabihf-gcc -c -g -O2  -I/home/dev/Desktop/ClaraColour/python/crosstoolsng/zlib-armhf-install/include conftest.c >&5
conftest.c:51: warning: "HAVE_PTHREAD_H" redefined
   51 | #define HAVE_PTHREAD_H /**/
      | 
conftest.c:50: note: this is the location of the previous definition
   50 | #define HAVE_PTHREAD_H 1
      | 
configure:15920: $? = 0
configure:15920: result: yes
configure:15924: checking for gzread in -lz
configure:15947: arm-unknown-linux-gnueabihf-gcc -o conftest -g -O2  -I/home/dev/Desktop/ClaraColour/python/crosstoolsng/zlib-armhf-install/include  conftest.c -lz   -L/home/dev/Desktop/ClaraColour/python/crosstoolsng/zlib-armhf-install/lib >&5
conftest.c:51: warning: "HAVE_PTHREAD_H" redefined
   51 | #define HAVE_PTHREAD_H /**/
      | 
conftest.c:50: note: this is the location of the previous definition
   50 | #define HAVE_PTHREAD_H 1
      | 
configure:15947: $? = 0
configure:15957: result: yes
configure:16172: checking for libiconv
configure:16187: arm-unknown-linux-gnueabihf-gcc -o conftest -g -O2   conftest.c  >&5
conftest.c:51: warning: "HAVE_PTHREAD_H" redefined
   51 | #define HAVE_PTHREAD_H /**/
      | 
conftest.c:50: note: this is the location of the previous definition
   50 | #define HAVE_PTHREAD_H 1
      | 
configure:16187: $? = 0
configure:16191: result: none required
configure:16589: checking that generated files are newer than configure
configure:16595: result: done
configure:16722: creating ./config.status

## ---------------------- ##
## Running config.status. ##
## ---------------------- ##

This file was extended by libxml2 config.status 2.12.7, which was
generated by GNU Autoconf 2.71.  Invocation command line was

  CONFIG_FILES    = 
  CONFIG_HEADERS  = 
  CONFIG_LINKS    = 
  CONFIG_COMMANDS = 
  $ ./config.status 

on host

config.status:1268: creating Makefile
config.status:1268: creating include/Makefile
config.status:1268: creating include/libxml/Makefile
config.status:1268: creating include/private/Makefile
config.status:1268: creating doc/Makefile
config.status:1268: creating doc/examples/Makefile
config.status:1268: creating doc/devhelp/Makefile
config.status:1268: creating example/Makefile
config.status:1268: creating fuzz/Makefile
config.status:1268: creating python/Makefile
config.status:1268: creating python/tests/Makefile
config.status:1268: creating xstc/Makefile
config.status:1268: creating include/libxml/xmlversion.h
config.status:1268: creating libxml-2.0.pc
config.status:1268: creating libxml-2.0-uninstalled.pc
config.status:1268: creating libxml2-config.cmake
config.status:1268: creating python/setup.py
config.status:1268: creating xml2-config
config.status:1268: creating config.h
config.status:1497: executing depfiles commands
config.status:1574: cd .       && sed -e '/# am--include-marker/d' Makefile         | make -f - am--depfiles
config.status:1579: $? = 0
config.status:1574: cd doc/examples       && sed -e '/# am--include-marker/d' Makefile         | make -f - am--depfiles
config.status:1579: $? = 0
config.status:1574: cd example       && sed -e '/# am--include-marker/d' Makefile         | make -f - am--depfiles
config.status:1579: $? = 0
config.status:1574: cd fuzz       && sed -e '/# am--include-marker/d' Makefile         | make -f - am--depfiles
config.status:1579: $? = 0
config.status:1574: cd python       && sed -e '/# am--include-marker/d' Makefile         | make -f - am--depfiles
config.status:1579: $? = 0
config.status:1497: executing libtool commands

## ---------------- ##
## Cache variables. ##
## ---------------- ##

ac_cv_build=x86_64-pc-linux-gnu
ac_cv_c_compiler_gnu=yes
ac_cv_c_uint32_t=yes
ac_cv_env_CC_set=set
ac_cv_env_CC_value=arm-unknown-linux-gnueabihf-gcc
ac_cv_env_CFLAGS_set=
ac_cv_env_CFLAGS_value=
ac_cv_env_CPPFLAGS_set=
ac_cv_env_CPPFLAGS_value=
ac_cv_env_ICU_CFLAGS_set=
ac_cv_env_ICU_CFLAGS_value=
ac_cv_env_ICU_DEFS_set=
ac_cv_env_ICU_DEFS_value=
ac_cv_env_ICU_LIBS_set=
ac_cv_env_ICU_LIBS_value=
ac_cv_env_LDFLAGS_set=
ac_cv_env_LDFLAGS_value=
ac_cv_env_LIBS_set=
ac_cv_env_LIBS_value=
ac_cv_env_LT_SYS_LIBRARY_PATH_set=
ac_cv_env_LT_SYS_LIBRARY_PATH_value=
ac_cv_env_LZMA_CFLAGS_set=
ac_cv_env_LZMA_CFLAGS_value=
ac_cv_env_LZMA_LIBS_set=
ac_cv_env_LZMA_LIBS_value=
ac_cv_env_PKG_CONFIG_LIBDIR_set=
ac_cv_env_PKG_CONFIG_LIBDIR_value=
ac_cv_env_PKG_CONFIG_PATH_set=
ac_cv_env_PKG_CONFIG_PATH_value=
ac_cv_env_PKG_CONFIG_set=
ac_cv_env_PKG_CONFIG_value=
ac_cv_env_PYTHON_CFLAGS_set=
ac_cv_env_PYTHON_CFLAGS_value=
ac_cv_env_PYTHON_LIBS_set=
ac_cv_env_PYTHON_LIBS_value=
ac_cv_env_PYTHON_set=
ac_cv_env_PYTHON_value=
ac_cv_env_Z_CFLAGS_set=
ac_cv_env_Z_CFLAGS_value=
ac_cv_env_Z_LIBS_set=
ac_cv_env_Z_LIBS_value=
ac_cv_env_build_alias_set=set
ac_cv_env_build_alias_value=x86_64-linux-gnu
ac_cv_env_host_alias_set=set
ac_cv_env_host_alias_value=arm-unknown-linux-gnueabihf
ac_cv_env_target_alias_set=
ac_cv_env_target_alias_value=
ac_cv_func_ftime=yes
ac_cv_func_gettimeofday=yes
ac_cv_func_isascii=yes
ac_cv_func_mmap=yes
ac_cv_func_munmap=yes
ac_cv_func_stat=yes
ac_cv_header_arpa_inet_h=yes
ac_cv_header_dl_h=no
ac_cv_header_dlfcn_h=yes
ac_cv_header_fcntl_h=yes
ac_cv_header_glob_h=yes
ac_cv_header_inttypes_h=yes
ac_cv_header_netdb_h=yes
ac_cv_header_netinet_in_h=yes
ac_cv_header_poll_h=yes
ac_cv_header_pthread_h=yes
ac_cv_header_stdint_h=yes
ac_cv_header_stdio_h=yes
ac_cv_header_stdlib_h=yes
ac_cv_header_string_h=yes
ac_cv_header_strings_h=yes
ac_cv_header_sys_mman_h=yes
ac_cv_header_sys_select_h=yes
ac_cv_header_sys_socket_h=yes
ac_cv_header_sys_stat_h=yes
ac_cv_header_sys_time_h=yes
ac_cv_header_sys_timeb_h=yes
ac_cv_header_sys_types_h=yes
ac_cv_header_unistd_h=yes
ac_cv_header_zlib_h=yes
ac_cv_host=arm-unknown-linux-gnueabihf
ac_cv_lib_m_cos=yes
ac_cv_lib_z_gzread=yes
ac_cv_objext=o
ac_cv_path_EGREP='/usr/bin/grep -E'
ac_cv_path_FGREP='/usr/bin/grep -F'
ac_cv_path_GREP=/usr/bin/grep
ac_cv_path_PERL=/usr/bin/perl
ac_cv_path_SED=/usr/bin/sed
ac_cv_path_TAR=/usr/bin/tar
ac_cv_path_WGET=/usr/bin/wget
ac_cv_path_XSLTPROC=/usr/bin/xsltproc
ac_cv_path_ac_pt_PKG_CONFIG=/usr/bin/pkg-config
ac_cv_path_install='/usr/bin/install -c'
ac_cv_path_lt_DD=/usr/bin/dd
ac_cv_path_mkdir=/usr/bin/mkdir
ac_cv_prog_AR=arm-unknown-linux-gnueabihf-ar
ac_cv_prog_AWK=gawk
ac_cv_prog_CC=arm-unknown-linux-gnueabihf-gcc
ac_cv_prog_OBJDUMP=arm-unknown-linux-gnueabihf-objdump
ac_cv_prog_RANLIB=arm-unknown-linux-gnueabihf-ranlib
ac_cv_prog_STRIP=arm-unknown-linux-gnueabihf-strip
ac_cv_prog_ac_ct_MANIFEST_TOOL=mt
ac_cv_prog_cc_c11=
ac_cv_prog_cc_g=yes
ac_cv_prog_cc_stdc=
ac_cv_prog_make_make_set=yes
ac_cv_search_connect='none required'
ac_cv_search_dlopen=-ldl
ac_cv_search_gethostbyname='none required'
ac_cv_search_pthread_join=-lpthread
am_cv_CC_dependencies_compiler_type=gcc3
am_cv_make_support_nested_variables=yes
am_cv_prog_cc_c_o=yes
ax_cv_check_ldflags___Wl___undefined_version=no
lt_cv_ar_at_file=@
lt_cv_deplibs_check_method=pass_all
lt_cv_file_magic_cmd='$MAGIC_CMD'
lt_cv_file_magic_test_file=
lt_cv_ld_reload_flag=-r
lt_cv_nm_interface='BSD nm'
lt_cv_objdir=.libs
lt_cv_path_LD=/home/dev/x-tools/arm-unknown-linux-gnueabihf/arm-unknown-linux-gnueabihf/bin/ld
lt_cv_path_NM='/home/dev/x-tools/arm-unknown-linux-gnueabihf/bin/arm-unknown-linux-gnueabihf-nm -B'
lt_cv_path_mainfest_tool=no
lt_cv_prog_compiler_c_o=yes
lt_cv_prog_compiler_pic='-fPIC -DPIC'
lt_cv_prog_compiler_pic_works=yes
lt_cv_prog_compiler_rtti_exceptions=no
lt_cv_prog_compiler_static_works=yes
lt_cv_prog_gnu_ld=yes
lt_cv_sharedlib_from_linklib_cmd='printf %s\n'
lt_cv_shlibpath_overrides_runpath=no
lt_cv_sys_global_symbol_pipe='sed -n -e '\''s/^.*[	 ]\([ABCDGIRSTW][ABCDGIRSTW]*\)[	 ][	 ]*\([_A-Za-z][_A-Za-z0-9]*\)$/\1 \2 \2/p'\'' | sed '\''/ __gnu_lto/d'\'''
lt_cv_sys_global_symbol_to_c_name_address='sed -n -e '\''s/^: \(.*\) .*$/  {"\1", (void *) 0},/p'\'' -e '\''s/^[ABCDGIRSTW][ABCDGIRSTW]* .* \(.*\)$/  {"\1", (void *) \&\1},/p'\'''
lt_cv_sys_global_symbol_to_c_name_address_lib_prefix='sed -n -e '\''s/^: \(.*\) .*$/  {"\1", (void *) 0},/p'\'' -e '\''s/^[ABCDGIRSTW][ABCDGIRSTW]* .* \(lib.*\)$/  {"\1", (void *) \&\1},/p'\'' -e '\''s/^[ABCDGIRSTW][ABCDGIRSTW]* .* \(.*\)$/  {"lib\1", (void *) \&\1},/p'\'''
lt_cv_sys_global_symbol_to_cdecl='sed -n -e '\''s/^T .* \(.*\)$/extern int \1();/p'\'' -e '\''s/^[ABCDGIRSTW][ABCDGIRSTW]* .* \(.*\)$/extern char \1;/p'\'''
lt_cv_sys_global_symbol_to_import=
lt_cv_sys_max_cmd_len=1572864
lt_cv_to_host_file_cmd=func_convert_file_noop
lt_cv_to_tool_file_cmd=func_convert_file_noop
lt_cv_truncate_bin='/usr/bin/dd bs=4096 count=1'

## ----------------- ##
## Output variables. ##
## ----------------- ##

ACLOCAL='${SHELL} '\''/home/dev/Desktop/ClaraColour/python/crosstoolsng/libxml2-2.12.7/missing'\'' aclocal-1.16'
AMDEPBACKSLASH='\'
AMDEP_FALSE='#'
AMDEP_TRUE=''
AMTAR='$${TAR-tar}'
AM_BACKSLASH='\'
AM_CFLAGS=' -pedantic -Wall -Wextra -Wshadow -Wpointer-arith -Wcast-align -Wwrite-strings -Wstrict-prototypes -Wmissing-prototypes -Wno-long-long -Wno-format-extra-args'
AM_DEFAULT_V='$(AM_DEFAULT_VERBOSITY)'
AM_DEFAULT_VERBOSITY='0'
AM_LDFLAGS=''
AM_V='$(V)'
AR='arm-unknown-linux-gnueabihf-ar'
AUTOCONF='${SHELL} '\''/home/dev/Desktop/ClaraColour/python/crosstoolsng/libxml2-2.12.7/missing'\'' autoconf'
AUTOHEADER='${SHELL} '\''/home/dev/Desktop/ClaraColour/python/crosstoolsng/libxml2-2.12.7/missing'\'' autoheader'
AUTOMAKE='${SHELL} '\''/home/dev/Desktop/ClaraColour/python/crosstoolsng/libxml2-2.12.7/missing'\'' automake-1.16'
AWK='gawk'
BASE_THREAD_LIBS='-lpthread'
CC='arm-unknown-linux-gnueabihf-gcc'
CCDEPMODE='depmode=gcc3'
CFLAGS='-g -O2'
CPPFLAGS=''
CSCOPE='cscope'
CTAGS='ctags'
CYGPATH_W='echo'
DEFS='-DHAVE_CONFIG_H'
DEPDIR='.deps'
DLLTOOL='false'
DSYMUTIL=''
DUMPBIN=''
ECHO_C=''
ECHO_N='-n'
ECHO_T=''
EGREP='/usr/bin/grep -E'
ETAGS='etags'
EXEEXT=''
FGREP='/usr/bin/grep -F'
GREP='/usr/bin/grep'
ICONV_CFLAGS=''
ICU_CFLAGS=''
ICU_DEFS=''
ICU_LIBS=''
INSTALL_DATA='${INSTALL} -m 644'
INSTALL_PROGRAM='${INSTALL}'
INSTALL_SCRIPT='${INSTALL}'
INSTALL_STRIP_PROGRAM='$(install_sh) -c -s'
LD='/home/dev/x-tools/arm-unknown-linux-gnueabihf/arm-unknown-linux-gnueabihf/bin/ld'
LDFLAGS=''
LIBM='-lm'
LIBOBJS=''
LIBS=''
LIBTOOL='$(SHELL) $(top_builddir)/libtool'
LIBXML_MAJOR_VERSION='2'
LIBXML_MICRO_VERSION='7'
LIBXML_MINOR_VERSION='12'
LIBXML_VERSION='2.12.7'
LIBXML_VERSION_EXTRA=''
LIBXML_VERSION_INFO='14:7:12'
LIBXML_VERSION_NUMBER='21207'
LIPO=''
LN_S='ln -s'
LTLIBOBJS=''
LT_SYS_LIBRARY_PATH=''
LZMA_CFLAGS=''
LZMA_LIBS=''
MAINT=''
MAINTAINER_MODE_FALSE='#'
MAINTAINER_MODE_TRUE=''
MAKEINFO='${SHELL} '\''/home/dev/Desktop/ClaraColour/python/crosstoolsng/libxml2-2.12.7/missing'\'' makeinfo'
MANIFEST_TOOL=':'
MKDIR_P='/usr/bin/mkdir -p'
MODULE_EXTENSION='.so'
MODULE_PLATFORM_LIBS='-ldl'
NM='/home/dev/x-tools/arm-unknown-linux-gnueabihf/bin/arm-unknown-linux-gnueabihf-nm -B'
NMEDIT=''
OBJDUMP='arm-unknown-linux-gnueabihf-objdump'
OBJEXT='o'
OTOOL64=''
OTOOL=''
PACKAGE='libxml2'
PACKAGE_BUGREPORT=''
PACKAGE_NAME='libxml2'
PACKAGE_STRING='libxml2 2.12.7'
PACKAGE_TARNAME='libxml2'
PACKAGE_URL=''
PACKAGE_VERSION='2.12.7'
PATH_SEPARATOR=':'
PERL='/usr/bin/perl'
PKG_CONFIG='/usr/bin/pkg-config'
PKG_CONFIG_LIBDIR=''
PKG_CONFIG_PATH=''
PYTHON=''
PYTHON_CFLAGS=''
PYTHON_EXEC_PREFIX=''
PYTHON_LDFLAGS=''
PYTHON_LIBS=''
PYTHON_PLATFORM=''
PYTHON_PREFIX=''
PYTHON_VERSION=''
RANLIB='arm-unknown-linux-gnueabihf-ranlib'
RDL_CFLAGS=''
RDL_LIBS=''
RELDATE='Fri Aug 28 2026'
SED='/usr/bin/sed'
SET_MAKE=''
SHELL='/bin/bash'
STRIP='arm-unknown-linux-gnueabihf-strip'
TAR='/usr/bin/tar'
THREAD_CFLAGS=' -D_REENTRANT'
THREAD_LIBS=''
USE_VERSION_SCRIPT_FALSE='#'
USE_VERSION_SCRIPT_TRUE=''
VERSION='2.12.7'
VERSION_SCRIPT_FLAGS=' -Wl,--version-script='
WGET='/usr/bin/wget'
WITH_C14N='1'
WITH_C14N_SOURCES_FALSE='#'
WITH_C14N_SOURCES_TRUE=''
WITH_CATALOG='1'
WITH_CATALOG_SOURCES_FALSE='#'
WITH_CATALOG_SOURCES_TRUE=''
WITH_DEBUG='1'
WITH_DEBUG_SOURCES_FALSE='#'
WITH_DEBUG_SOURCES_TRUE=''
WITH_FTP='0'
WITH_FTP_SOURCES_FALSE=''
WITH_FTP_SOURCES_TRUE='#'
WITH_GLOB_FALSE='#'
WITH_GLOB_TRUE=''
WITH_HTML='1'
WITH_HTML_SOURCES_FALSE='#'
WITH_HTML_SOURCES_TRUE=''
WITH_HTTP='1'
WITH_HTTP_SOURCES_FALSE='#'
WITH_HTTP_SOURCES_TRUE=''
WITH_ICONV='1'
WITH_ICU='0'
WITH_ISO8859X='1'
WITH_LEGACY='0'
WITH_LEGACY_SOURCES_FALSE=''
WITH_LEGACY_SOURCES_TRUE='#'
WITH_LZMA='0'
WITH_LZMA_SOURCES_FALSE=''
WITH_LZMA_SOURCES_TRUE='#'
WITH_MEM_DEBUG='0'
WITH_MODULES='1'
WITH_MODULES_SOURCES_FALSE='#'
WITH_MODULES_SOURCES_TRUE=''
WITH_OUTPUT='1'
WITH_OUTPUT_SOURCES_FALSE='#'
WITH_OUTPUT_SOURCES_TRUE=''
WITH_PATTERN='1'
WITH_PATTERN_SOURCES_FALSE='#'
WITH_PATTERN_SOURCES_TRUE=''
WITH_PUSH='1'
WITH_PYTHON_FALSE=''
WITH_PYTHON_TRUE='#'
WITH_READER='1'
WITH_READER_SOURCES_FALSE='#'
WITH_READER_SOURCES_TRUE=''
WITH_REGEXPS='1'
WITH_REGEXPS_SOURCES_FALSE='#'
WITH_REGEXPS_SOURCES_TRUE=''
WITH_SAX1='1'
WITH_SAX1_SOURCES_FALSE='#'
WITH_SAX1_SOURCES_TRUE=''
WITH_SCHEMAS='1'
WITH_SCHEMAS_SOURCES_FALSE='#'
WITH_SCHEMAS_SOURCES_TRUE=''
WITH_SCHEMATRON='1'
WITH_SCHEMATRON_SOURCES_FALSE='#'
WITH_SCHEMATRON_SOURCES_TRUE=''
WITH_THREADS='1'
WITH_THREAD_ALLOC='0'
WITH_TREE='1'
WITH_TRIO='0'
WITH_TRIO_SOURCES_FALSE=''
WITH_TRIO_SOURCES_TRUE='#'
WITH_VALID='1'
WITH_VALID_SOURCES_FALSE='#'
WITH_VALID_SOURCES_TRUE=''
WITH_WRITER='1'
WITH_WRITER_SOURCES_FALSE='#'
WITH_WRITER_SOURCES_TRUE=''
WITH_XINCLUDE='1'
WITH_XINCLUDE_SOURCES_FALSE='#'
WITH_XINCLUDE_SOURCES_TRUE=''
WITH_XPATH='1'
WITH_XPATH_SOURCES_FALSE='#'
WITH_XPATH_SOURCES_TRUE=''
WITH_XPTR='1'
WITH_XPTR_LOCS='0'
WITH_XPTR_SOURCES_FALSE='#'
WITH_XPTR_SOURCES_TRUE=''
WITH_ZLIB='1'
XML_CFLAGS=''
XML_INCLUDEDIR='-I${includedir}/libxml2'
XML_LIBDIR='-L${libdir}'
XML_LIBS='-lxml2'
XML_LIBTOOLLIBS='libxml2.la'
XML_PC_LIBS=' -L/home/dev/Desktop/ClaraColour/python/crosstoolsng/zlib-armhf-install/lib -lz   -lm '
XML_PC_LIBS_PRIVATE=''
XML_PC_PRIVATE=''
XML_PC_REQUIRES=''
XML_PRIVATE_CFLAGS=' -I/home/dev/Desktop/ClaraColour/python/crosstoolsng/zlib-armhf-install/include  -D_REENTRANT '
XML_PRIVATE_LIBS=' -L/home/dev/Desktop/ClaraColour/python/crosstoolsng/zlib-armhf-install/lib -lz   -lm '
XML_PRIVATE_LIBS_NO_SHARED=' -L/home/dev/Desktop/ClaraColour/python/crosstoolsng/zlib-armhf-install/lib -lz   -lm '
XSLTPROC='/usr/bin/xsltproc'
Z_CFLAGS='-I/home/dev/Desktop/ClaraColour/python/crosstoolsng/zlib-armhf-install/include'
Z_LIBS='-L/home/dev/Desktop/ClaraColour/python/crosstoolsng/zlib-armhf-install/lib -lz'
ac_ct_AR=''
ac_ct_CC=''
ac_ct_DUMPBIN=''
am__EXEEXT_FALSE=''
am__EXEEXT_TRUE='#'
am__fastdepCC_FALSE='#'
am__fastdepCC_TRUE=''
am__include='include'
am__isrc=''
am__leading_dot='.'
am__nodep='_no'
am__quote=''
am__tar='$${TAR-tar} chof - "$$tardir"'
am__untar='$${TAR-tar} xf -'
bindir='${exec_prefix}/bin'
build='x86_64-pc-linux-gnu'
build_alias='x86_64-linux-gnu'
build_cpu='x86_64'
build_os='linux-gnu'
build_vendor='pc'
datadir='${datarootdir}'
datarootdir='${prefix}/share'
docdir='${datarootdir}/doc/${PACKAGE_TARNAME}'
dvidir='${docdir}'
exec_prefix='${prefix}'
host='arm-unknown-linux-gnueabihf'
host_alias='arm-unknown-linux-gnueabihf'
host_cpu='arm'
host_os='linux-gnueabihf'
host_vendor='unknown'
htmldir='${docdir}'
includedir='${prefix}/include'
infodir='${datarootdir}/info'
install_sh='${SHELL} /home/dev/Desktop/ClaraColour/python/crosstoolsng/libxml2-2.12.7/install-sh'
libdir='${exec_prefix}/lib'
libexecdir='${exec_prefix}/libexec'
localedir='${datarootdir}/locale'
localstatedir='${prefix}/var'
mandir='${datarootdir}/man'
mkdir_p='$(MKDIR_P)'
oldincludedir='/usr/include'
pdfdir='${docdir}'
pkgpyexecdir=''
pkgpythondir=''
prefix='/home/dev/Desktop/ClaraColour/python/crosstoolsng/libxml2-armhf-install'
program_transform_name='s,x,x,'
psdir='${docdir}'
pyexecdir=''
pythondir=''
runstatedir='${localstatedir}/run'
sbindir='${exec_prefix}/sbin'
sharedstatedir='${prefix}/com'
sysconfdir='${prefix}/etc'
target_alias=''

## ----------- ##
## confdefs.h. ##
## ----------- ##

/* confdefs.h */
#define PACKAGE_NAME "libxml2"
#define PACKAGE_TARNAME "libxml2"
#define PACKAGE_VERSION "2.12.7"
#define PACKAGE_STRING "libxml2 2.12.7"
#define PACKAGE_BUGREPORT ""
#define PACKAGE_URL ""
#define PACKAGE "libxml2"
#define VERSION "2.12.7"
#define HAVE_STDIO_H 1
#define HAVE_STDLIB_H 1
#define HAVE_STRING_H 1
#define HAVE_INTTYPES_H 1
#define HAVE_STDINT_H 1
#define HAVE_STRINGS_H 1
#define HAVE_SYS_STAT_H 1
#define HAVE_SYS_TYPES_H 1
#define HAVE_UNISTD_H 1
#define STDC_HEADERS 1
#define HAVE_DLFCN_H 1
#define LT_OBJDIR ".libs/"
#define HAVE_STDINT_H 1
#define HAVE_INTTYPES_H 1
#define HAVE_FCNTL_H 1
#define HAVE_UNISTD_H 1
#define HAVE_SYS_STAT_H 1
#define HAVE_SYS_MMAN_H 1
#define HAVE_SYS_SOCKET_H 1
#define HAVE_NETINET_IN_H 1
#define HAVE_ARPA_INET_H 1
#define HAVE_NETDB_H 1
#define HAVE_SYS_SELECT_H 1
#define HAVE_POLL_H 1
#define HAVE_SYS_TIME_H 1
#define HAVE_SYS_TIMEB_H 1
#define HAVE_DLFCN_H 1
#define HAVE_GLOB_H 1
#define HAVE_GETTIMEOFDAY 1
#define HAVE_FTIME 1
#define HAVE_STAT 1
#define HAVE_ISASCII 1
#define HAVE_MMAP 1
#define HAVE_MUNMAP 1
#define HAVE_VA_COPY 1
#define XML_SOCKLEN_T socklen_t
#define SUPPORT_IP6 /**/
#define HAVE_ATTRIBUTE_DESTRUCTOR 1
#define ATTRIBUTE_DESTRUCTOR __attribute__((destructor))
#define HAVE_DLOPEN /**/
#define HAVE_PTHREAD_H 1
#define HAVE_PTHREAD_H /**/
#define HAVE_ZLIB_H 1

configure: exit 0
