This file contains any messages produced by compilers while
running configure, to aid debugging if configure makes a mistake.

It was created by libctf configure 1.2.0, which was
generated by GNU Autoconf 2.69.  Invocation command line was

  $ /home/dev/Desktop/ClaraColour/python/crosstoolsng/binutils-2.42/libctf/configure --srcdir=.././libctf --cache-file=./config.cache --with-gnu-as --with-gnu-ld --prefix=/home/dev/x-tools/arm-unknown-linux-gnueabihf --enable-static --disable-shared --disable-multilib --program-transform-name=s,y,y, --disable-option-checking --build=x86_64-pc-linux-gnu --host=arm-unknown-linux-gnueabihf --target=arm-unknown-linux-gnueabihf

## --------- ##
## Platform. ##
## --------- ##

hostname = host
uname -m = x86_64
uname -r = 6.12.105+deb13-amd64
uname -s = Linux
uname -v = #1 SMP PREEMPT_DYNAMIC Debian 6.12.105-1 (2026-08-24)

/usr/bin/uname -p = unknown
/bin/uname -X     = unknown

/bin/arch              = x86_64
/usr/bin/arch -k       = unknown
/usr/convex/getsysinfo = unknown
/usr/bin/hostinfo      = unknown
/bin/machine           = unknown
/usr/bin/oslevel       = unknown
/bin/universe          = unknown

PATH: /home/dev/x-tools/arm-unknown-linux-gnueabihf/bin
PATH: /home/dev/x-tools/arm-unknown-linux-gnueabihf/bin
PATH: /usr/local/bin
PATH: /usr/bin
PATH: /bin
PATH: /usr/local/games
PATH: /usr/games
PATH: /snap/bin
PATH: /home/dev/go/bin


## ----------- ##
## Core tests. ##
## ----------- ##

configure:2253: creating cache ./config.cache
configure:2368: checking build system type
configure:2382: result: x86_64-pc-linux-gnu
configure:2402: checking host system type
configure:2415: result: arm-unknown-linux-gnueabihf
configure:2435: checking target system type
configure:2448: result: arm-unknown-linux-gnueabihf
configure:2485: checking for arm-unknown-linux-gnueabihf-gcc
configure:2512: result: arm-unknown-linux-gnueabihf-gcc
configure:2781: checking for C compiler version
configure:2790: arm-unknown-linux-gnueabihf-gcc --version >&5
arm-unknown-linux-gnueabihf-gcc (crosstool-NG 1.29.0.3_2e5d0b8) 9.5.0
Copyright (C) 2019 Free Software Foundation, Inc.
This is free software; see the source for copying conditions.  There is NO
warranty; not even for MERCHANTABILITY or FITNESS FOR A PARTICULAR PURPOSE.

configure:2801: $? = 0
configure:2790: arm-unknown-linux-gnueabihf-gcc -v >&5
Using built-in specs.
COLLECT_GCC=arm-unknown-linux-gnueabihf-gcc
COLLECT_LTO_WRAPPER=/home/dev/x-tools/arm-unknown-linux-gnueabihf/libexec/gcc/arm-unknown-linux-gnueabihf/9.5.0/lto-wrapper
Target: arm-unknown-linux-gnueabihf
Configured with: /home/dev/Desktop/ClaraColour/python/crosstoolsng/crosstool-ng/.build/arm-unknown-linux-gnueabihf/src/gcc/configure --build=x86_64-build_pc-linux-gnu --host=x86_64-build_pc-linux-gnu --target=arm-unknown-linux-gnueabihf --prefix=/home/dev/x-tools/arm-unknown-linux-gnueabihf --exec_prefix=/home/dev/x-tools/arm-unknown-linux-gnueabihf --with-sysroot=/home/dev/x-tools/arm-unknown-linux-gnueabihf/arm-unknown-linux-gnueabihf/sysroot --enable-languages=c,c++ --with-arch=armv7-a --with-tune=cortex-a53 --with-fpu=neon-vfpv4 --with-float=hard --with-pkgversion='crosstool-NG 1.29.0.3_2e5d0b8' --enable-__cxa_atexit --disable-tm-clone-registry --disable-libmudflap --disable-libgomp --disable-libssp --disable-libquadmath --disable-libquadmath-support --disable-libsanitizer --disable-libmpx --with-gmp=/home/dev/Desktop/ClaraColour/python/crosstoolsng/crosstool-ng/.build/arm-unknown-linux-gnueabihf/buildtools --with-mpfr=/home/dev/Desktop/ClaraColour/python/crosstoolsng/crosstool-ng/.build/arm-unknown-linux-gnueabihf/buildtools --with-mpc=/home/dev/Desktop/ClaraColour/python/crosstoolsng/crosstool-ng/.build/arm-unknown-linux-gnueabihf/buildtools --with-isl=/home/dev/Desktop/ClaraColour/python/crosstoolsng/crosstool-ng/.build/arm-unknown-linux-gnueabihf/buildtools --enable-lto --without-zstd --enable-threads=posix --enable-target-optspace --disable-plugin --disable-nls --disable-multilib --with-local-prefix=/home/dev/x-tools/arm-unknown-linux-gnueabihf/arm-unknown-linux-gnueabihf/sysroot --enable-long-long
Thread model: posix
gcc version 9.5.0 (crosstool-NG 1.29.0.3_2e5d0b8) 
configure:2801: $? = 0
configure:2790: arm-unknown-linux-gnueabihf-gcc -V >&5
arm-unknown-linux-gnueabihf-gcc: error: unrecognized command line option '-V'
arm-unknown-linux-gnueabihf-gcc: fatal error: no input files
compilation terminated.
configure:2801: $? = 1
configure:2790: arm-unknown-linux-gnueabihf-gcc -qversion >&5
arm-unknown-linux-gnueabihf-gcc: error: unrecognized command line option '-qversion'; did you mean '--version'?
arm-unknown-linux-gnueabihf-gcc: fatal error: no input files
compilation terminated.
configure:2801: $? = 1
configure:2821: checking whether the C compiler works
configure:2843: arm-unknown-linux-gnueabihf-gcc -g -O2        conftest.c  >&5
configure:2847: $? = 0
configure:2895: result: yes
configure:2898: checking for C compiler default output file name
configure:2900: result: a.out
configure:2906: checking for suffix of executables
configure:2913: arm-unknown-linux-gnueabihf-gcc -o conftest -g -O2        conftest.c  >&5
configure:2917: $? = 0
configure:2939: result: 
configure:2961: checking whether we are cross compiling
configure:2999: result: yes
configure:3004: checking for suffix of object files
configure:3026: arm-unknown-linux-gnueabihf-gcc -c -g -O2      conftest.c >&5
configure:3030: $? = 0
configure:3051: result: o
configure:3055: checking whether we are using the GNU C compiler
configure:3074: arm-unknown-linux-gnueabihf-gcc -c -g -O2      conftest.c >&5
configure:3074: $? = 0
configure:3083: result: yes
configure:3092: checking whether arm-unknown-linux-gnueabihf-gcc accepts -g
configure:3112: arm-unknown-linux-gnueabihf-gcc -c -g  conftest.c >&5
configure:3112: $? = 0
configure:3153: result: yes
configure:3170: checking for arm-unknown-linux-gnueabihf-gcc option to accept ISO C89
configure:3233: arm-unknown-linux-gnueabihf-gcc  -c -g -O2      conftest.c >&5
configure:3233: $? = 0
configure:3246: result: none needed
configure:3271: checking whether arm-unknown-linux-gnueabihf-gcc understands -c and -o together
configure:3293: arm-unknown-linux-gnueabihf-gcc -c conftest.c -o conftest2.o
configure:3296: $? = 0
configure:3293: arm-unknown-linux-gnueabihf-gcc -c conftest.c -o conftest2.o
configure:3296: $? = 0
configure:3308: result: yes
configure:3331: checking how to run the C preprocessor
configure:3362: arm-unknown-linux-gnueabihf-gcc -E  conftest.c
configure:3362: $? = 0
configure:3376: arm-unknown-linux-gnueabihf-gcc -E  conftest.c
conftest.c:9:10: fatal error: ac_nonexistent.h: No such file or directory
    9 | #include <ac_nonexistent.h>
      |          ^~~~~~~~~~~~~~~~~~
compilation terminated.
configure:3376: $? = 1
configure: failed program was:
| /* confdefs.h */
| #define PACKAGE_NAME "libctf"
| #define PACKAGE_TARNAME "libctf"
| #define PACKAGE_VERSION "1.2.0"
| #define PACKAGE_STRING "libctf 1.2.0"
| #define PACKAGE_BUGREPORT ""
| #define PACKAGE_URL ""
| /* end confdefs.h.  */
| #include <ac_nonexistent.h>
configure:3401: result: arm-unknown-linux-gnueabihf-gcc -E
configure:3421: arm-unknown-linux-gnueabihf-gcc -E  conftest.c
configure:3421: $? = 0
configure:3435: arm-unknown-linux-gnueabihf-gcc -E  conftest.c
conftest.c:9:10: fatal error: ac_nonexistent.h: No such file or directory
    9 | #include <ac_nonexistent.h>
      |          ^~~~~~~~~~~~~~~~~~
compilation terminated.
configure:3435: $? = 1
configure: failed program was:
| /* confdefs.h */
| #define PACKAGE_NAME "libctf"
| #define PACKAGE_TARNAME "libctf"
| #define PACKAGE_VERSION "1.2.0"
| #define PACKAGE_STRING "libctf 1.2.0"
| #define PACKAGE_BUGREPORT ""
| #define PACKAGE_URL ""
| /* end confdefs.h.  */
| #include <ac_nonexistent.h>
configure:3464: checking for grep that handles long lines and -e
configure:3522: result: /usr/bin/grep
configure:3527: checking for egrep
configure:3589: result: /usr/bin/grep -E
configure:3594: checking for ANSI C header files
configure:3614: arm-unknown-linux-gnueabihf-gcc -c -g -O2      conftest.c >&5
configure:3614: $? = 0
configure:3698: result: yes
configure:3711: checking for sys/types.h
configure:3711: arm-unknown-linux-gnueabihf-gcc -c -g -O2      conftest.c >&5
configure:3711: $? = 0
configure:3711: result: yes
configure:3711: checking for sys/stat.h
configure:3711: arm-unknown-linux-gnueabihf-gcc -c -g -O2      conftest.c >&5
configure:3711: $? = 0
configure:3711: result: yes
configure:3711: checking for stdlib.h
configure:3711: arm-unknown-linux-gnueabihf-gcc -c -g -O2      conftest.c >&5
configure:3711: $? = 0
configure:3711: result: yes
configure:3711: checking for string.h
configure:3711: arm-unknown-linux-gnueabihf-gcc -c -g -O2      conftest.c >&5
configure:3711: $? = 0
configure:3711: result: yes
configure:3711: checking for memory.h
configure:3711: arm-unknown-linux-gnueabihf-gcc -c -g -O2      conftest.c >&5
configure:3711: $? = 0
configure:3711: result: yes
configure:3711: checking for strings.h
configure:3711: arm-unknown-linux-gnueabihf-gcc -c -g -O2      conftest.c >&5
configure:3711: $? = 0
configure:3711: result: yes
configure:3711: checking for inttypes.h
configure:3711: arm-unknown-linux-gnueabihf-gcc -c -g -O2      conftest.c >&5
configure:3711: $? = 0
configure:3711: result: yes
configure:3711: checking for stdint.h
configure:3711: arm-unknown-linux-gnueabihf-gcc -c -g -O2      conftest.c >&5
configure:3711: $? = 0
configure:3711: result: yes
configure:3711: checking for unistd.h
configure:3711: arm-unknown-linux-gnueabihf-gcc -c -g -O2      conftest.c >&5
configure:3711: $? = 0
configure:3711: result: yes
configure:3724: checking minix/config.h usability
configure:3724: arm-unknown-linux-gnueabihf-gcc -c -g -O2      conftest.c >&5
conftest.c:52:10: fatal error: minix/config.h: No such file or directory
   52 | #include <minix/config.h>
      |          ^~~~~~~~~~~~~~~~
compilation terminated.
configure:3724: $? = 1
configure: failed program was:
| /* confdefs.h */
| #define PACKAGE_NAME "libctf"
| #define PACKAGE_TARNAME "libctf"
| #define PACKAGE_VERSION "1.2.0"
| #define PACKAGE_STRING "libctf 1.2.0"
| #define PACKAGE_BUGREPORT ""
| #define PACKAGE_URL ""
| #define STDC_HEADERS 1
| #define HAVE_SYS_TYPES_H 1
| #define HAVE_SYS_STAT_H 1
| #define HAVE_STDLIB_H 1
| #define HAVE_STRING_H 1
| #define HAVE_MEMORY_H 1
| #define HAVE_STRINGS_H 1
| #define HAVE_INTTYPES_H 1
| #define HAVE_STDINT_H 1
| #define HAVE_UNISTD_H 1
| /* end confdefs.h.  */
| #include <stdio.h>
| #ifdef HAVE_SYS_TYPES_H
| # include <sys/types.h>
| #endif
| #ifdef HAVE_SYS_STAT_H
| # include <sys/stat.h>
| #endif
| #ifdef STDC_HEADERS
| # include <stdlib.h>
| # include <stddef.h>
| #else
| # ifdef HAVE_STDLIB_H
| #  include <stdlib.h>
| # endif
| #endif
| #ifdef HAVE_STRING_H
| # if !defined STDC_HEADERS && defined HAVE_MEMORY_H
| #  include <memory.h>
| # endif
| # include <string.h>
| #endif
| #ifdef HAVE_STRINGS_H
| # include <strings.h>
| #endif
| #ifdef HAVE_INTTYPES_H
| # include <inttypes.h>
| #endif
| #ifdef HAVE_STDINT_H
| # include <stdint.h>
| #endif
| #ifdef HAVE_UNISTD_H
| # include <unistd.h>
| #endif
| #include <minix/config.h>
configure:3724: result: no
configure:3724: checking minix/config.h presence
configure:3724: arm-unknown-linux-gnueabihf-gcc -E  conftest.c
conftest.c:19:10: fatal error: minix/config.h: No such file or directory
   19 | #include <minix/config.h>
      |          ^~~~~~~~~~~~~~~~
compilation terminated.
configure:3724: $? = 1
configure: failed program was:
| /* confdefs.h */
| #define PACKAGE_NAME "libctf"
| #define PACKAGE_TARNAME "libctf"
| #define PACKAGE_VERSION "1.2.0"
| #define PACKAGE_STRING "libctf 1.2.0"
| #define PACKAGE_BUGREPORT ""
| #define PACKAGE_URL ""
| #define STDC_HEADERS 1
| #define HAVE_SYS_TYPES_H 1
| #define HAVE_SYS_STAT_H 1
| #define HAVE_STDLIB_H 1
| #define HAVE_STRING_H 1
| #define HAVE_MEMORY_H 1
| #define HAVE_STRINGS_H 1
| #define HAVE_INTTYPES_H 1
| #define HAVE_STDINT_H 1
| #define HAVE_UNISTD_H 1
| /* end confdefs.h.  */
| #include <minix/config.h>
configure:3724: result: no
configure:3724: checking for minix/config.h
configure:3724: result: no
configure:3745: checking whether it is safe to define __EXTENSIONS__
configure:3763: arm-unknown-linux-gnueabihf-gcc -c -g -O2      conftest.c >&5
configure:3763: $? = 0
configure:3770: result: yes
configure:3800: checking for a BSD-compatible install
configure:3868: result: /usr/bin/install -c
configure:3879: checking whether build environment is sane
configure:3934: result: yes
configure:3990: checking for arm-unknown-linux-gnueabihf-strip
configure:4006: found /home/dev/x-tools/arm-unknown-linux-gnueabihf/bin/arm-unknown-linux-gnueabihf-strip
configure:4017: result: arm-unknown-linux-gnueabihf-strip
configure:4082: checking for a thread-safe mkdir -p
configure:4121: result: /usr/bin/mkdir -p
configure:4128: checking for gawk
configure:4155: result: gawk
configure:4166: checking whether make sets $(MAKE)
configure:4188: result: yes
configure:4218: checking for style of include used by make
configure:4246: result: GNU
configure:4280: checking whether make supports nested variables
configure:4297: result: yes
configure:4382: checking dependency style of arm-unknown-linux-gnueabihf-gcc
configure:4493: result: gcc3
configure:4562: checking whether make supports nested variables
configure:4579: result: yes
configure:4592: checking whether make sets $(MAKE)
configure:4614: result: yes
configure:4631: checking for arm-unknown-linux-gnueabihf-gcc
configure:4658: result: arm-unknown-linux-gnueabihf-gcc
configure:4927: checking for C compiler version
configure:4936: arm-unknown-linux-gnueabihf-gcc --version >&5
arm-unknown-linux-gnueabihf-gcc (crosstool-NG 1.29.0.3_2e5d0b8) 9.5.0
Copyright (C) 2019 Free Software Foundation, Inc.
This is free software; see the source for copying conditions.  There is NO
warranty; not even for MERCHANTABILITY or FITNESS FOR A PARTICULAR PURPOSE.

configure:4947: $? = 0
configure:4936: arm-unknown-linux-gnueabihf-gcc -v >&5
Using built-in specs.
COLLECT_GCC=arm-unknown-linux-gnueabihf-gcc
COLLECT_LTO_WRAPPER=/home/dev/x-tools/arm-unknown-linux-gnueabihf/libexec/gcc/arm-unknown-linux-gnueabihf/9.5.0/lto-wrapper
Target: arm-unknown-linux-gnueabihf
Configured with: /home/dev/Desktop/ClaraColour/python/crosstoolsng/crosstool-ng/.build/arm-unknown-linux-gnueabihf/src/gcc/configure --build=x86_64-build_pc-linux-gnu --host=x86_64-build_pc-linux-gnu --target=arm-unknown-linux-gnueabihf --prefix=/home/dev/x-tools/arm-unknown-linux-gnueabihf --exec_prefix=/home/dev/x-tools/arm-unknown-linux-gnueabihf --with-sysroot=/home/dev/x-tools/arm-unknown-linux-gnueabihf/arm-unknown-linux-gnueabihf/sysroot --enable-languages=c,c++ --with-arch=armv7-a --with-tune=cortex-a53 --with-fpu=neon-vfpv4 --with-float=hard --with-pkgversion='crosstool-NG 1.29.0.3_2e5d0b8' --enable-__cxa_atexit --disable-tm-clone-registry --disable-libmudflap --disable-libgomp --disable-libssp --disable-libquadmath --disable-libquadmath-support --disable-libsanitizer --disable-libmpx --with-gmp=/home/dev/Desktop/ClaraColour/python/crosstoolsng/crosstool-ng/.build/arm-unknown-linux-gnueabihf/buildtools --with-mpfr=/home/dev/Desktop/ClaraColour/python/crosstoolsng/crosstool-ng/.build/arm-unknown-linux-gnueabihf/buildtools --with-mpc=/home/dev/Desktop/ClaraColour/python/crosstoolsng/crosstool-ng/.build/arm-unknown-linux-gnueabihf/buildtools --with-isl=/home/dev/Desktop/ClaraColour/python/crosstoolsng/crosstool-ng/.build/arm-unknown-linux-gnueabihf/buildtools --enable-lto --without-zstd --enable-threads=posix --enable-target-optspace --disable-plugin --disable-nls --disable-multilib --with-local-prefix=/home/dev/x-tools/arm-unknown-linux-gnueabihf/arm-unknown-linux-gnueabihf/sysroot --enable-long-long
Thread model: posix
gcc version 9.5.0 (crosstool-NG 1.29.0.3_2e5d0b8) 
configure:4947: $? = 0
configure:4936: arm-unknown-linux-gnueabihf-gcc -V >&5
arm-unknown-linux-gnueabihf-gcc: error: unrecognized command line option '-V'
arm-unknown-linux-gnueabihf-gcc: fatal error: no input files
compilation terminated.
configure:4947: $? = 1
configure:4936: arm-unknown-linux-gnueabihf-gcc -qversion >&5
arm-unknown-linux-gnueabihf-gcc: error: unrecognized command line option '-qversion'; did you mean '--version'?
arm-unknown-linux-gnueabihf-gcc: fatal error: no input files
compilation terminated.
configure:4947: $? = 1
configure:4951: checking whether we are using the GNU C compiler
configure:4979: result: yes
configure:4988: checking whether arm-unknown-linux-gnueabihf-gcc accepts -g
configure:5049: result: yes
configure:5066: checking for arm-unknown-linux-gnueabihf-gcc option to accept ISO C89
configure:5142: result: none needed
configure:5167: checking whether arm-unknown-linux-gnueabihf-gcc understands -c and -o together
configure:5204: result: yes
configure:5224: checking for arm-unknown-linux-gnueabihf-ranlib
configure:5251: result: arm-unknown-linux-gnueabihf-ranlib 
configure:5318: checking for arm-unknown-linux-gnueabihf-ar
configure:5345: result: arm-unknown-linux-gnueabihf-ar 
configure:5415: checking the archiver (arm-unknown-linux-gnueabihf-ar ) interface
configure:5431: arm-unknown-linux-gnueabihf-gcc -c -g -O2      conftest.c >&5
configure:5431: $? = 0
configure:5433: arm-unknown-linux-gnueabihf-ar  cru libconftest.a conftest.o >&5
arm-unknown-linux-gnueabihf-ar: `u' modifier ignored since `D' is the default (see `U')
configure:5436: $? = 0
configure:5464: result: ar
configure:5498: checking whether NLS is requested
configure:5507: result: yes
configure:5545: checking for msgfmt
configure:5576: result: /usr/bin/msgfmt
configure:5585: checking for gmsgfmt
configure:5616: result: /usr/bin/msgfmt
configure:5656: checking for xgettext
configure:5687: result: /usr/bin/xgettext
configure:5727: checking for msgmerge
configure:5757: result: /usr/bin/msgmerge
configure:5832: checking for ld used by GCC
configure:5895: result: /home/dev/x-tools/arm-unknown-linux-gnueabihf/lib/gcc/arm-unknown-linux-gnueabihf/9.5.0/../../../../arm-unknown-linux-gnueabihf/bin/ld
configure:5902: checking if the linker (/home/dev/x-tools/arm-unknown-linux-gnueabihf/lib/gcc/arm-unknown-linux-gnueabihf/9.5.0/../../../../arm-unknown-linux-gnueabihf/bin/ld) is GNU ld
GNU ld (crosstool-NG 1.29.0.3_2e5d0b8) 2.32
configure:5914: result: yes
configure:5920: checking for shared library run path origin
configure:5933: result: done
configure:6380: checking for CFPreferencesCopyAppValue
configure:6398: arm-unknown-linux-gnueabihf-gcc -o conftest -g -O2        conftest.c  -Wl,-framework -Wl,CoreFoundation >&5
conftest.c:26:10: fatal error: CoreFoundation/CFPreferences.h: No such file or directory
   26 | #include <CoreFoundation/CFPreferences.h>
      |          ^~~~~~~~~~~~~~~~~~~~~~~~~~~~~~~~
compilation terminated.
configure:6398: $? = 1
configure: failed program was:
| /* confdefs.h */
| #define PACKAGE_NAME "libctf"
| #define PACKAGE_TARNAME "libctf"
| #define PACKAGE_VERSION "1.2.0"
| #define PACKAGE_STRING "libctf 1.2.0"
| #define PACKAGE_BUGREPORT ""
| #define PACKAGE_URL ""
| #define STDC_HEADERS 1
| #define HAVE_SYS_TYPES_H 1
| #define HAVE_SYS_STAT_H 1
| #define HAVE_STDLIB_H 1
| #define HAVE_STRING_H 1
| #define HAVE_MEMORY_H 1
| #define HAVE_STRINGS_H 1
| #define HAVE_INTTYPES_H 1
| #define HAVE_STDINT_H 1
| #define HAVE_UNISTD_H 1
| #define __EXTENSIONS__ 1
| #define _ALL_SOURCE 1
| #define _GNU_SOURCE 1
| #define _POSIX_PTHREAD_SEMANTICS 1
| #define _TANDEM_SOURCE 1
| #define PACKAGE "libctf"
| #define VERSION "1.2.0"
| /* end confdefs.h.  */
| #include <CoreFoundation/CFPreferences.h>
| int
| main ()
| {
| CFPreferencesCopyAppValue(NULL, NULL)
|   ;
|   return 0;
| }
configure:6407: result: no
configure:6414: checking for CFLocaleCopyPreferredLanguages
configure:6432: arm-unknown-linux-gnueabihf-gcc -o conftest -g -O2        conftest.c  -Wl,-framework -Wl,CoreFoundation >&5
conftest.c:26:10: fatal error: CoreFoundation/CFLocale.h: No such file or directory
   26 | #include <CoreFoundation/CFLocale.h>
      |          ^~~~~~~~~~~~~~~~~~~~~~~~~~~
compilation terminated.
configure:6432: $? = 1
configure: failed program was:
| /* confdefs.h */
| #define PACKAGE_NAME "libctf"
| #define PACKAGE_TARNAME "libctf"
| #define PACKAGE_VERSION "1.2.0"
| #define PACKAGE_STRING "libctf 1.2.0"
| #define PACKAGE_BUGREPORT ""
| #define PACKAGE_URL ""
| #define STDC_HEADERS 1
| #define HAVE_SYS_TYPES_H 1
| #define HAVE_SYS_STAT_H 1
| #define HAVE_STDLIB_H 1
| #define HAVE_STRING_H 1
| #define HAVE_MEMORY_H 1
| #define HAVE_STRINGS_H 1
| #define HAVE_INTTYPES_H 1
| #define HAVE_STDINT_H 1
| #define HAVE_UNISTD_H 1
| #define __EXTENSIONS__ 1
| #define _ALL_SOURCE 1
| #define _GNU_SOURCE 1
| #define _POSIX_PTHREAD_SEMANTICS 1
| #define _TANDEM_SOURCE 1
| #define PACKAGE "libctf"
| #define VERSION "1.2.0"
| /* end confdefs.h.  */
| #include <CoreFoundation/CFLocale.h>
| int
| main ()
| {
| CFLocaleCopyPreferredLanguages();
|   ;
|   return 0;
| }
configure:6441: result: no
configure:6491: checking for GNU gettext in libc
configure:6520: arm-unknown-linux-gnueabihf-gcc -o conftest -g -O2        conftest.c  >&5
configure:6520: $? = 0
configure:6529: result: yes
configure:7321: checking whether to use NLS
configure:7323: result: yes
configure:7326: checking where the gettext function comes from
configure:7337: result: libc
configure:7406: checking whether NLS is requested
configure:7412: result: yes
configure:7418: checking for catalogs to be installed
configure:7450: result: 
configure:7542: checking how to print strings
configure:7569: result: printf
configure:7590: checking for a sed that does not truncate output
configure:7654: result: /usr/bin/sed
configure:7672: checking for fgrep
configure:7734: result: /usr/bin/grep -F
configure:7769: checking for ld used by arm-unknown-linux-gnueabihf-gcc
configure:7836: result: /home/dev/x-tools/arm-unknown-linux-gnueabihf/lib/gcc/arm-unknown-linux-gnueabihf/9.5.0/../../../../arm-unknown-linux-gnueabihf/bin/ld
configure:7843: checking if the linker (/home/dev/x-tools/arm-unknown-linux-gnueabihf/lib/gcc/arm-unknown-linux-gnueabihf/9.5.0/../../../../arm-unknown-linux-gnueabihf/bin/ld) is GNU ld
configure:7858: result: yes
configure:7870: checking for BSD- or MS-compatible name lister (nm)
configure:7926: result: /home/dev/x-tools/arm-unknown-linux-gnueabihf/bin/arm-unknown-linux-gnueabihf-nm -B
configure:8056: checking the name lister (/home/dev/x-tools/arm-unknown-linux-gnueabihf/bin/arm-unknown-linux-gnueabihf-nm -B) interface
configure:8063: arm-unknown-linux-gnueabihf-gcc -c -g -O2      conftest.c >&5
configure:8066: /home/dev/x-tools/arm-unknown-linux-gnueabihf/bin/arm-unknown-linux-gnueabihf-nm -B "conftest.o"
configure:8069: output
00000000 B some_variable
configure:8076: result: BSD nm
configure:8079: checking whether ln -s works
configure:8083: result: yes
configure:8091: checking the maximum length of command line arguments
configure:8216: result: 1572864
configure:8233: checking whether the shell understands some XSI constructs
configure:8243: result: yes
configure:8247: checking whether the shell understands "+="
configure:8253: result: yes
configure:8288: checking for /home/dev/x-tools/arm-unknown-linux-gnueabihf/lib/gcc/arm-unknown-linux-gnueabihf/9.5.0/../../../../arm-unknown-linux-gnueabihf/bin/ld option to reload object files
configure:8295: result: -r
configure:8324: checking for arm-unknown-linux-gnueabihf-objdump
configure:8351: result: arm-unknown-linux-gnueabihf-objdump
configure:8423: checking how to recognize dependent libraries
configure:8629: result: pass_all
configure:8662: checking for arm-unknown-linux-gnueabihf-ar
configure:8689: result: arm-unknown-linux-gnueabihf-ar 
configure:8757: WARNING: Failed: arm-unknown-linux-gnueabihf-ar  --plugin /home/dev/x-tools/arm-unknown-linux-gnueabihf/libexec/gcc/arm-unknown-linux-gnueabihf/9.5.0/liblto_plugin.so rc
configure:8780: checking for arm-unknown-linux-gnueabihf-strip
configure:8807: result: arm-unknown-linux-gnueabihf-strip
configure:8879: checking for arm-unknown-linux-gnueabihf-ranlib
configure:8906: result: arm-unknown-linux-gnueabihf-ranlib 
configure:9053: checking command to parse /home/dev/x-tools/arm-unknown-linux-gnueabihf/bin/arm-unknown-linux-gnueabihf-nm -B output from arm-unknown-linux-gnueabihf-gcc object
configure:9171: arm-unknown-linux-gnueabihf-gcc -c -g -O2      conftest.c >&5
configure:9174: $? = 0
configure:9178: /home/dev/x-tools/arm-unknown-linux-gnueabihf/bin/arm-unknown-linux-gnueabihf-nm -B conftest.o \| sed -n -e 's/^.*[ ]\([ABCDGIRSTW][ABCDGIRSTW]*\)[ ][ ]*\([_A-Za-z][_A-Za-z0-9]*\)$/\1 \2 \2/p' \> conftest.nm
configure:9181: $? = 0
configure:9235: arm-unknown-linux-gnueabihf-gcc -o conftest -g -O2        conftest.c conftstm.o >&5
configure:9238: $? = 0
configure:9276: result: ok
configure:10126: checking for dlfcn.h
configure:10126: arm-unknown-linux-gnueabihf-gcc -c -g -O2      conftest.c >&5
configure:10126: $? = 0
configure:10126: result: yes
configure:10283: checking for objdir
configure:10298: result: .libs
configure:10569: checking if arm-unknown-linux-gnueabihf-gcc supports -fno-rtti -fno-exceptions
configure:10587: arm-unknown-linux-gnueabihf-gcc -c -g -O2      -fno-rtti -fno-exceptions conftest.c >&5
cc1: warning: command line option '-fno-rtti' is valid for C++/D/ObjC++ but not for C
configure:10591: $? = 0
configure:10604: result: no
configure:10624: checking for arm-unknown-linux-gnueabihf-gcc option to produce PIC
configure:10910: result: -fPIC -DPIC
configure:10922: checking if arm-unknown-linux-gnueabihf-gcc PIC flag -fPIC -DPIC works
configure:10940: arm-unknown-linux-gnueabihf-gcc -c -g -O2      -fPIC -DPIC -DPIC conftest.c >&5
configure:10944: $? = 0
configure:10957: result: yes
configure:10981: checking if arm-unknown-linux-gnueabihf-gcc static flag -static works
configure:11009: result: yes
configure:11024: checking if arm-unknown-linux-gnueabihf-gcc supports -c -o file.o
configure:11045: arm-unknown-linux-gnueabihf-gcc -c -g -O2      -o out/conftest2.o conftest.c >&5
configure:11049: $? = 0
configure:11071: result: yes
configure:11079: checking if arm-unknown-linux-gnueabihf-gcc supports -c -o file.o
configure:11126: result: yes
configure:11159: checking whether the arm-unknown-linux-gnueabihf-gcc linker (/home/dev/x-tools/arm-unknown-linux-gnueabihf/lib/gcc/arm-unknown-linux-gnueabihf/9.5.0/../../../../arm-unknown-linux-gnueabihf/bin/ld) supports shared libraries
configure:12230: result: yes
configure:12475: checking dynamic linker characteristics
configure:12921: arm-unknown-linux-gnueabihf-gcc -o conftest -g -O2        -Wl,-rpath -Wl,/foo conftest.c  >&5
configure:12921: $? = 0
configure:13162: result: GNU/Linux ld.so
configure:13269: checking how to hardcode library paths into programs
configure:13294: result: immediate
configure:13834: checking whether stripping libraries is possible
configure:13839: result: yes
configure:13874: checking if libtool supports shared libraries
configure:13876: result: yes
configure:13879: checking whether to build shared libraries
configure:13900: result: no
configure:13903: checking whether to build static libraries
configure:13907: result: yes
configure:13949: checking for special C compiler options needed for large files
configure:13994: result: no
configure:14000: checking for _FILE_OFFSET_BITS value needed for large files
configure:14025: arm-unknown-linux-gnueabihf-gcc -c -g -O2      conftest.c >&5
conftest.c:37:33: warning: left shift count >= width of type [-Wshift-count-overflow]
   37 | #define LARGE_OFF_T (((off_t) 1 << 62) - 1 + ((off_t) 1 << 62))
      |                                 ^~
conftest.c:38:23: note: in expansion of macro 'LARGE_OFF_T'
   38 |   int off_t_is_large[(LARGE_OFF_T % 2147483629 == 721
      |                       ^~~~~~~~~~~
conftest.c:37:57: warning: left shift count >= width of type [-Wshift-count-overflow]
   37 | #define LARGE_OFF_T (((off_t) 1 << 62) - 1 + ((off_t) 1 << 62))
      |                                                         ^~
conftest.c:38:23: note: in expansion of macro 'LARGE_OFF_T'
   38 |   int off_t_is_large[(LARGE_OFF_T % 2147483629 == 721
      |                       ^~~~~~~~~~~
conftest.c:37:33: warning: left shift count >= width of type [-Wshift-count-overflow]
   37 | #define LARGE_OFF_T (((off_t) 1 << 62) - 1 + ((off_t) 1 << 62))
      |                                 ^~
conftest.c:39:13: note: in expansion of macro 'LARGE_OFF_T'
   39 |          && LARGE_OFF_T % 2147483647 == 1)
      |             ^~~~~~~~~~~
conftest.c:37:57: warning: left shift count >= width of type [-Wshift-count-overflow]
   37 | #define LARGE_OFF_T (((off_t) 1 << 62) - 1 + ((off_t) 1 << 62))
      |                                                         ^~
conftest.c:39:13: note: in expansion of macro 'LARGE_OFF_T'
   39 |          && LARGE_OFF_T % 2147483647 == 1)
      |             ^~~~~~~~~~~
conftest.c:38:7: error: variably modified 'off_t_is_large' at file scope
   38 |   int off_t_is_large[(LARGE_OFF_T % 2147483629 == 721
      |       ^~~~~~~~~~~~~~
configure:14025: $? = 1
configure: failed program was:
| /* confdefs.h */
| #define PACKAGE_NAME "libctf"
| #define PACKAGE_TARNAME "libctf"
| #define PACKAGE_VERSION "1.2.0"
| #define PACKAGE_STRING "libctf 1.2.0"
| #define PACKAGE_BUGREPORT ""
| #define PACKAGE_URL ""
| #define STDC_HEADERS 1
| #define HAVE_SYS_TYPES_H 1
| #define HAVE_SYS_STAT_H 1
| #define HAVE_STDLIB_H 1
| #define HAVE_STRING_H 1
| #define HAVE_MEMORY_H 1
| #define HAVE_STRINGS_H 1
| #define HAVE_INTTYPES_H 1
| #define HAVE_STDINT_H 1
| #define HAVE_UNISTD_H 1
| #define __EXTENSIONS__ 1
| #define _ALL_SOURCE 1
| #define _GNU_SOURCE 1
| #define _POSIX_PTHREAD_SEMANTICS 1
| #define _TANDEM_SOURCE 1
| #define PACKAGE "libctf"
| #define VERSION "1.2.0"
| #define ENABLE_NLS 1
| #define HAVE_GETTEXT 1
| #define HAVE_DCGETTEXT 1
| #define ENABLE_NLS 1
| #define HAVE_DLFCN_H 1
| #define LT_OBJDIR ".libs/"
| /* end confdefs.h.  */
| #include <sys/types.h>
|  /* Check that off_t can represent 2**63 - 1 correctly.
|     We can't simply define LARGE_OFF_T to be 9223372036854775807,
|     since some C++ compilers masquerading as C compilers
|     incorrectly reject 9223372036854775807.  */
| #define LARGE_OFF_T (((off_t) 1 << 62) - 1 + ((off_t) 1 << 62))
|   int off_t_is_large[(LARGE_OFF_T % 2147483629 == 721
| 		       && LARGE_OFF_T % 2147483647 == 1)
| 		      ? 1 : -1];
| int
| main ()
| {
| 
|   ;
|   return 0;
| }
configure:14049: arm-unknown-linux-gnueabihf-gcc -c -g -O2      conftest.c >&5
configure:14049: $? = 0
configure:14057: result: 64
configure:14143: creating ./config.lt

## ------------------ ##
## Running config.lt. ##
## ------------------ ##
config.lt:612: creating libtool
configure:15508: checking for aclocal
configure:15535: result: ${SHELL} /home/dev/Desktop/ClaraColour/python/crosstoolsng/binutils-2.42/missing aclocal-1.15
configure:15551: checking for autoconf
configure:15578: result: ${SHELL} /home/dev/Desktop/ClaraColour/python/crosstoolsng/binutils-2.42/missing autoconf
configure:15594: checking for autoheader
configure:15621: result: ${SHELL} /home/dev/Desktop/ClaraColour/python/crosstoolsng/binutils-2.42/missing autoheader
configure:15655: checking whether arm-unknown-linux-gnueabihf-gcc supports -W
configure:15672: arm-unknown-linux-gnueabihf-gcc -c -W  conftest.c >&5
configure:15672: $? = 0
configure:15681: result: yes
configure:15655: checking whether arm-unknown-linux-gnueabihf-gcc supports -Wall
configure:15672: arm-unknown-linux-gnueabihf-gcc -c -Wall  conftest.c >&5
configure:15672: $? = 0
configure:15681: result: yes
configure:15655: checking whether arm-unknown-linux-gnueabihf-gcc supports -Wnarrowing
configure:15672: arm-unknown-linux-gnueabihf-gcc -c -Wnarrowing  conftest.c >&5
configure:15672: $? = 0
configure:15681: result: yes
configure:15655: checking whether arm-unknown-linux-gnueabihf-gcc supports -Wwrite-strings
configure:15672: arm-unknown-linux-gnueabihf-gcc -c -Wwrite-strings  conftest.c >&5
configure:15672: $? = 0
configure:15681: result: yes
configure:15655: checking whether arm-unknown-linux-gnueabihf-gcc supports -Wmissing-format-attribute
configure:15672: arm-unknown-linux-gnueabihf-gcc -c -Wmissing-format-attribute  conftest.c >&5
configure:15672: $? = 0
configure:15681: result: yes
configure:15713: checking whether arm-unknown-linux-gnueabihf-gcc supports -Wstrict-prototypes
configure:15730: arm-unknown-linux-gnueabihf-gcc -c -Wstrict-prototypes  conftest.c >&5
conftest.c:35:1: warning: function declaration isn't a prototype [-Wstrict-prototypes]
   35 | main ()
      | ^~~~
configure:15730: $? = 0
configure:15739: result: yes
configure:15713: checking whether arm-unknown-linux-gnueabihf-gcc supports -Wmissing-prototypes
configure:15730: arm-unknown-linux-gnueabihf-gcc -c -Wmissing-prototypes  conftest.c >&5
configure:15730: $? = 0
configure:15739: result: yes
configure:15713: checking whether arm-unknown-linux-gnueabihf-gcc supports -Wold-style-definition
configure:15730: arm-unknown-linux-gnueabihf-gcc -c -Wold-style-definition  conftest.c >&5
conftest.c: In function 'main':
conftest.c:35:1: warning: old-style function definition [-Wold-style-definition]
   35 | main ()
      | ^~~~
configure:15730: $? = 0
configure:15739: result: yes
configure:15763: checking whether arm-unknown-linux-gnueabihf-gcc supports -pedantic -Wlong-long
configure:15781: arm-unknown-linux-gnueabihf-gcc -c -pedantic -Wlong-long  conftest.c >&5
configure:15781: $? = 0
configure:15789: result: yes
configure:15833: checking whether to enable maintainer-specific portions of Makefiles
configure:15842: result: no
configure:15870: checking whether to install libbfd
configure:15883: result: yes
configure:15928: checking whether arm-unknown-linux-gnueabihf-gcc supports -Wall
configure:15954: result: yes
configure:15975: checking for stdlib.h
configure:15975: result: yes
configure:15975: checking for unistd.h
configure:15975: result: yes
configure:15975: checking for sys/param.h
configure:15975: arm-unknown-linux-gnueabihf-gcc -c -g -O2      conftest.c >&5
configure:15975: $? = 0
configure:15975: result: yes
configure:15995: checking for getpagesize
configure:15995: arm-unknown-linux-gnueabihf-gcc -o conftest -g -O2        conftest.c  >&5
configure:15995: $? = 0
configure:15995: result: yes
configure:16004: checking for working mmap
configure:16161: result: no
configure:16171: checking for library containing dlsym
configure:16202: arm-unknown-linux-gnueabihf-gcc -o conftest -g -O2        conftest.c  >&5
/home/dev/x-tools/arm-unknown-linux-gnueabihf/lib/gcc/arm-unknown-linux-gnueabihf/9.5.0/../../../../arm-unknown-linux-gnueabihf/bin/ld: /tmp/ccDOr85e.o: in function `main':
/home/dev/Desktop/ClaraColour/python/crosstoolsng/binutils-2.42/libctf/conftest.c:48: undefined reference to `dlsym'
collect2: error: ld returned 1 exit status
configure:16202: $? = 1
configure: failed program was:
| /* confdefs.h */
| #define PACKAGE_NAME "libctf"
| #define PACKAGE_TARNAME "libctf"
| #define PACKAGE_VERSION "1.2.0"
| #define PACKAGE_STRING "libctf 1.2.0"
| #define PACKAGE_BUGREPORT ""
| #define PACKAGE_URL ""
| #define STDC_HEADERS 1
| #define HAVE_SYS_TYPES_H 1
| #define HAVE_SYS_STAT_H 1
| #define HAVE_STDLIB_H 1
| #define HAVE_STRING_H 1
| #define HAVE_MEMORY_H 1
| #define HAVE_STRINGS_H 1
| #define HAVE_INTTYPES_H 1
| #define HAVE_STDINT_H 1
| #define HAVE_UNISTD_H 1
| #define __EXTENSIONS__ 1
| #define _ALL_SOURCE 1
| #define _GNU_SOURCE 1
| #define _POSIX_PTHREAD_SEMANTICS 1
| #define _TANDEM_SOURCE 1
| #define PACKAGE "libctf"
| #define VERSION "1.2.0"
| #define ENABLE_NLS 1
| #define HAVE_GETTEXT 1
| #define HAVE_DCGETTEXT 1
| #define ENABLE_NLS 1
| #define HAVE_DLFCN_H 1
| #define LT_OBJDIR ".libs/"
| #define _FILE_OFFSET_BITS 64
| #define HAVE_STDLIB_H 1
| #define HAVE_UNISTD_H 1
| #define HAVE_SYS_PARAM_H 1
| #define HAVE_GETPAGESIZE 1
| /* end confdefs.h.  */
| 
| /* Override any GCC internal prototype to avoid an error.
|    Use char because int might match the return type of a GCC
|    builtin and then its argument prototype would still apply.  */
| #ifdef __cplusplus
| extern "C"
| #endif
| char dlsym ();
| int
| main ()
| {
| return dlsym ();
|   ;
|   return 0;
| }
configure:16202: arm-unknown-linux-gnueabihf-gcc -o conftest -g -O2        conftest.c -ldl   >&5
configure:16202: $? = 0
configure:16219: result: -ldl
configure:16285: checking for ELF support in BFD
configure:16305: ./libtool --quiet --mode=link arm-unknown-linux-gnueabihf-gcc -o conftest -I./../include -I../bfd -I./../bfd -g -O2      -L../bfd -L../libiberty   conftest.c -lbfd -liberty  -ldl  >&5
configure:16305: $? = 0
configure:16313: result: yes
configure:16326: checking whether byte ordering is bigendian
configure:16341: arm-unknown-linux-gnueabihf-gcc -c -g -O2      conftest.c >&5
conftest.c:39:9: error: unknown type name 'not'
   39 |         not a universal capable compiler
      |         ^~~
conftest.c:39:15: error: expected '=', ',', ';', 'asm' or '__attribute__' before 'universal'
   39 |         not a universal capable compiler
      |               ^~~~~~~~~
conftest.c:39:15: error: unknown type name 'universal'
configure:16341: $? = 1
configure: failed program was:
| /* confdefs.h */
| #define PACKAGE_NAME "libctf"
| #define PACKAGE_TARNAME "libctf"
| #define PACKAGE_VERSION "1.2.0"
| #define PACKAGE_STRING "libctf 1.2.0"
| #define PACKAGE_BUGREPORT ""
| #define PACKAGE_URL ""
| #define STDC_HEADERS 1
| #define HAVE_SYS_TYPES_H 1
| #define HAVE_SYS_STAT_H 1
| #define HAVE_STDLIB_H 1
| #define HAVE_STRING_H 1
| #define HAVE_MEMORY_H 1
| #define HAVE_STRINGS_H 1
| #define HAVE_INTTYPES_H 1
| #define HAVE_STDINT_H 1
| #define HAVE_UNISTD_H 1
| #define __EXTENSIONS__ 1
| #define _ALL_SOURCE 1
| #define _GNU_SOURCE 1
| #define _POSIX_PTHREAD_SEMANTICS 1
| #define _TANDEM_SOURCE 1
| #define PACKAGE "libctf"
| #define VERSION "1.2.0"
| #define ENABLE_NLS 1
| #define HAVE_GETTEXT 1
| #define HAVE_DCGETTEXT 1
| #define ENABLE_NLS 1
| #define HAVE_DLFCN_H 1
| #define LT_OBJDIR ".libs/"
| #define _FILE_OFFSET_BITS 64
| #define HAVE_STDLIB_H 1
| #define HAVE_UNISTD_H 1
| #define HAVE_SYS_PARAM_H 1
| #define HAVE_GETPAGESIZE 1
| #define HAVE_BFD_ELF 1
| /* end confdefs.h.  */
| #ifndef __APPLE_CC__
| 	       not a universal capable compiler
| 	     #endif
| 	     typedef int dummy;
| 
configure:16386: arm-unknown-linux-gnueabihf-gcc -c -g -O2      conftest.c >&5
configure:16386: $? = 0
configure:16404: arm-unknown-linux-gnueabihf-gcc -c -g -O2      conftest.c >&5
conftest.c: In function 'main':
conftest.c:45:4: error: unknown type name 'not'; did you mean 'ino_t'?
   45 |    not big endian
      |    ^~~
      |    ino_t
conftest.c:45:12: error: expected '=', ',', ';', 'asm' or '__attribute__' before 'endian'
   45 |    not big endian
      |            ^~~~~~
configure:16404: $? = 1
configure: failed program was:
| /* confdefs.h */
| #define PACKAGE_NAME "libctf"
| #define PACKAGE_TARNAME "libctf"
| #define PACKAGE_VERSION "1.2.0"
| #define PACKAGE_STRING "libctf 1.2.0"
| #define PACKAGE_BUGREPORT ""
| #define PACKAGE_URL ""
| #define STDC_HEADERS 1
| #define HAVE_SYS_TYPES_H 1
| #define HAVE_SYS_STAT_H 1
| #define HAVE_STDLIB_H 1
| #define HAVE_STRING_H 1
| #define HAVE_MEMORY_H 1
| #define HAVE_STRINGS_H 1
| #define HAVE_INTTYPES_H 1
| #define HAVE_STDINT_H 1
| #define HAVE_UNISTD_H 1
| #define __EXTENSIONS__ 1
| #define _ALL_SOURCE 1
| #define _GNU_SOURCE 1
| #define _POSIX_PTHREAD_SEMANTICS 1
| #define _TANDEM_SOURCE 1
| #define PACKAGE "libctf"
| #define VERSION "1.2.0"
| #define ENABLE_NLS 1
| #define HAVE_GETTEXT 1
| #define HAVE_DCGETTEXT 1
| #define ENABLE_NLS 1
| #define HAVE_DLFCN_H 1
| #define LT_OBJDIR ".libs/"
| #define _FILE_OFFSET_BITS 64
| #define HAVE_STDLIB_H 1
| #define HAVE_UNISTD_H 1
| #define HAVE_SYS_PARAM_H 1
| #define HAVE_GETPAGESIZE 1
| #define HAVE_BFD_ELF 1
| /* end confdefs.h.  */
| #include <sys/types.h>
| 		#include <sys/param.h>
| 
| int
| main ()
| {
| #if BYTE_ORDER != BIG_ENDIAN
| 		 not big endian
| 		#endif
| 
|   ;
|   return 0;
| }
configure:16532: result: no
configure:16553: checking byteswap.h usability
configure:16553: arm-unknown-linux-gnueabihf-gcc -c -g -O2      conftest.c >&5
configure:16553: $? = 0
configure:16553: result: yes
configure:16553: checking byteswap.h presence
configure:16553: arm-unknown-linux-gnueabihf-gcc -E  conftest.c
configure:16553: $? = 0
configure:16553: result: yes
configure:16553: checking for byteswap.h
configure:16553: result: yes
configure:16553: checking endian.h usability
configure:16553: arm-unknown-linux-gnueabihf-gcc -c -g -O2      conftest.c >&5
configure:16553: $? = 0
configure:16553: result: yes
configure:16553: checking endian.h presence
configure:16553: arm-unknown-linux-gnueabihf-gcc -E  conftest.c
configure:16553: $? = 0
configure:16553: result: yes
configure:16553: checking for endian.h
configure:16553: result: yes
configure:16565: checking for pread
configure:16565: arm-unknown-linux-gnueabihf-gcc -o conftest -g -O2        conftest.c -ldl  >&5
configure:16565: $? = 0
configure:16565: result: yes
configure:16575: checking whether bswap_16 is declared
configure:16575: arm-unknown-linux-gnueabihf-gcc -c -g -O2      conftest.c >&5
configure:16575: $? = 0
configure:16575: result: yes
configure:16586: checking whether bswap_32 is declared
configure:16586: arm-unknown-linux-gnueabihf-gcc -c -g -O2      conftest.c >&5
configure:16586: $? = 0
configure:16586: result: yes
configure:16597: checking whether bswap_64 is declared
configure:16597: arm-unknown-linux-gnueabihf-gcc -c -g -O2      conftest.c >&5
configure:16597: $? = 0
configure:16597: result: yes
configure:16609: checking whether asprintf is declared
configure:16609: arm-unknown-linux-gnueabihf-gcc -c -g -O2      conftest.c >&5
configure:16609: $? = 0
configure:16609: result: yes
configure:16619: checking whether vasprintf is declared
configure:16619: arm-unknown-linux-gnueabihf-gcc -c -g -O2      conftest.c >&5
configure:16619: $? = 0
configure:16619: result: yes
configure:16629: checking whether stpcpy is declared
configure:16629: arm-unknown-linux-gnueabihf-gcc -c -g -O2      conftest.c >&5
configure:16629: $? = 0
configure:16629: result: yes
configure:16647: checking for qsort_r
configure:16647: arm-unknown-linux-gnueabihf-gcc -o conftest -g -O2        conftest.c -ldl  >&5
configure:16647: $? = 0
configure:16647: result: yes
configure:16660: checking for qsort_r signature
configure:16686: arm-unknown-linux-gnueabihf-gcc -o conftest -g -O2        conftest.c -ldl  >&5
configure:16686: $? = 0
configure:16720: result: GNU
configure:16743: checking for O_CLOEXEC
configure:16763: arm-unknown-linux-gnueabihf-gcc -o conftest -g -O2        conftest.c -ldl  >&5
configure:16763: $? = 0
configure:16771: result: yes
configure:16786: checking for makeinfo
configure:16813: result: makeinfo --split-size=5000000
configure:16891: checking for expect
configure:16909: found /usr/bin/expect
configure:16921: result: /usr/bin/expect
configure:16929: checking for Tcl supporting try/catch
configure:16940: result: yes
configure:16951: checking for linker versioning flags
configure:16966: arm-unknown-linux-gnueabihf-gcc -o conftest -g -O2     -fPIC    -shared -Wl,--version-script=conftest.ver conftest.c -ldl  >&5
configure:16966: $? = 0
configure:16995: result: -Wl,--version-script='./libctf.ver'
configure:17076: updating cache ./config.cache
configure:17120: checking that generated files are newer than configure
configure:17126: result: done
configure:17170: creating ./config.status

## ---------------------- ##
## Running config.status. ##
## ---------------------- ##

This file was extended by libctf config.status 1.2.0, which was
generated by GNU Autoconf 2.69.  Invocation command line was

  CONFIG_FILES    = 
  CONFIG_HEADERS  = 
  CONFIG_LINKS    = 
  CONFIG_COMMANDS = 
  $ ./config.status 

on host

config.status:1154: creating Makefile
config.status:1154: creating config.h
config.status:1383: executing depfiles commands
config.status:1383: executing default-1 commands
config.status:1383: executing libtool commands

## ---------------- ##
## Cache variables. ##
## ---------------- ##

ac_cv_build=x86_64-pc-linux-gnu
ac_cv_c_bigendian=no
ac_cv_c_compiler_gnu=yes
ac_cv_env_CC_set=set
ac_cv_env_CC_value=arm-unknown-linux-gnueabihf-gcc
ac_cv_env_CFLAGS_set=set
ac_cv_env_CFLAGS_value='-g -O2    '
ac_cv_env_CPPFLAGS_set=
ac_cv_env_CPPFLAGS_value=
ac_cv_env_CPP_set=
ac_cv_env_CPP_value=
ac_cv_env_LDFLAGS_set=set
ac_cv_env_LDFLAGS_value=' '
ac_cv_env_LIBS_set=
ac_cv_env_LIBS_value=
ac_cv_env_build_alias_set=set
ac_cv_env_build_alias_value=x86_64-pc-linux-gnu
ac_cv_env_host_alias_set=set
ac_cv_env_host_alias_value=arm-unknown-linux-gnueabihf
ac_cv_env_target_alias_set=set
ac_cv_env_target_alias_value=arm-unknown-linux-gnueabihf
ac_cv_func_getpagesize=yes
ac_cv_func_mmap_fixed_mapped=no
ac_cv_func_pread=yes
ac_cv_func_qsort_r=yes
ac_cv_have_decl_asprintf=yes
ac_cv_have_decl_bswap_16=yes
ac_cv_have_decl_bswap_32=yes
ac_cv_have_decl_bswap_64=yes
ac_cv_have_decl_stpcpy=yes
ac_cv_have_decl_vasprintf=yes
ac_cv_header_byteswap_h=yes
ac_cv_header_dlfcn_h=yes
ac_cv_header_endian_h=yes
ac_cv_header_inttypes_h=yes
ac_cv_header_memory_h=yes
ac_cv_header_minix_config_h=no
ac_cv_header_stdc=yes
ac_cv_header_stdint_h=yes
ac_cv_header_stdlib_h=yes
ac_cv_header_string_h=yes
ac_cv_header_strings_h=yes
ac_cv_header_sys_param_h=yes
ac_cv_header_sys_stat_h=yes
ac_cv_header_sys_types_h=yes
ac_cv_header_unistd_h=yes
ac_cv_host=arm-unknown-linux-gnueabihf
ac_cv_libctf_bfd_elf=yes
ac_cv_libctf_macro_O_CLOEXEC=yes
ac_cv_libctf_qsort_r_signature=GNU
ac_cv_libctf_tcl_try=yes
ac_cv_libctf_version_script='-Wl,--version-script='\''./libctf.ver'\'''
ac_cv_objext=o
ac_cv_path_EGREP='/usr/bin/grep -E'
ac_cv_path_EXPECT=/usr/bin/expect
ac_cv_path_FGREP='/usr/bin/grep -F'
ac_cv_path_GMSGFMT=/usr/bin/msgfmt
ac_cv_path_GREP=/usr/bin/grep
ac_cv_path_MSGFMT=/usr/bin/msgfmt
ac_cv_path_MSGMERGE=/usr/bin/msgmerge
ac_cv_path_SED=/usr/bin/sed
ac_cv_path_XGETTEXT=/usr/bin/xgettext
ac_cv_path_mkdir=/usr/bin/mkdir
ac_cv_prog_ACLOCAL='${SHELL} /home/dev/Desktop/ClaraColour/python/crosstoolsng/binutils-2.42/missing aclocal-1.15'
ac_cv_prog_AR='arm-unknown-linux-gnueabihf-ar '
ac_cv_prog_AUTOCONF='${SHELL} /home/dev/Desktop/ClaraColour/python/crosstoolsng/binutils-2.42/missing autoconf'
ac_cv_prog_AUTOHEADER='${SHELL} /home/dev/Desktop/ClaraColour/python/crosstoolsng/binutils-2.42/missing autoheader'
ac_cv_prog_AWK=gawk
ac_cv_prog_CC=arm-unknown-linux-gnueabihf-gcc
ac_cv_prog_CPP='arm-unknown-linux-gnueabihf-gcc -E'
ac_cv_prog_MAKEINFO='makeinfo --split-size=5000000'
ac_cv_prog_OBJDUMP=arm-unknown-linux-gnueabihf-objdump
ac_cv_prog_RANLIB='arm-unknown-linux-gnueabihf-ranlib '
ac_cv_prog_STRIP=arm-unknown-linux-gnueabihf-strip
ac_cv_prog_cc_c89=
ac_cv_prog_cc_g=yes
ac_cv_prog_make_make_set=yes
ac_cv_safe_to_define___extensions__=yes
ac_cv_search_dlsym=-ldl
ac_cv_sys_file_offset_bits=64
ac_cv_sys_largefile_CC=no
ac_cv_target=arm-unknown-linux-gnueabihf
acl_cv_hardcode_direct=no
acl_cv_hardcode_libdir_flag_spec='${wl}-rpath ${wl}$libdir'
acl_cv_hardcode_libdir_separator=
acl_cv_hardcode_minus_L=no
acl_cv_libext=a
acl_cv_path_LD=/home/dev/x-tools/arm-unknown-linux-gnueabihf/lib/gcc/arm-unknown-linux-gnueabihf/9.5.0/../../../../arm-unknown-linux-gnueabihf/bin/ld
acl_cv_prog_gnu_ld=yes
acl_cv_rpath=done
acl_cv_shlibext=so
acl_cv_wl=-Wl,
acx_cv_prog_cc_pedantic__Wlong_long=yes
acx_cv_prog_cc_warning__W=yes
acx_cv_prog_cc_warning__Wall=yes
acx_cv_prog_cc_warning__Wmissing_format_attribute=yes
acx_cv_prog_cc_warning__Wmissing_prototypes=yes
acx_cv_prog_cc_warning__Wnarrowing=yes
acx_cv_prog_cc_warning__Wold_style_definition=yes
acx_cv_prog_cc_warning__Wstrict_prototypes=yes
acx_cv_prog_cc_warning__Wwrite_strings=yes
am_cv_CC_dependencies_compiler_type=gcc3
am_cv_ar_interface=ar
am_cv_make_support_nested_variables=yes
am_cv_prog_cc_c_o=yes
gt_cv_func_CFLocaleCopyPreferredLanguages=no
gt_cv_func_CFPreferencesCopyAppValue=no
gt_cv_func_gnugettext1_libc=yes
lt_cv_deplibs_check_method=pass_all
lt_cv_file_magic_cmd='$MAGIC_CMD'
lt_cv_file_magic_test_file=
lt_cv_ld_reload_flag=-r
lt_cv_nm_interface='BSD nm'
lt_cv_objdir=.libs
lt_cv_path_LD=/home/dev/x-tools/arm-unknown-linux-gnueabihf/lib/gcc/arm-unknown-linux-gnueabihf/9.5.0/../../../../arm-unknown-linux-gnueabihf/bin/ld
lt_cv_path_NM='/home/dev/x-tools/arm-unknown-linux-gnueabihf/bin/arm-unknown-linux-gnueabihf-nm -B'
lt_cv_prog_compiler_c_o=yes
lt_cv_prog_compiler_pic_works=yes
lt_cv_prog_compiler_rtti_exceptions=no
lt_cv_prog_compiler_static_works=yes
lt_cv_prog_gnu_ld=yes
lt_cv_shlibpath_overrides_runpath=no
lt_cv_sys_global_symbol_pipe='sed -n -e '\''s/^.*[	 ]\([ABCDGIRSTW][ABCDGIRSTW]*\)[	 ][	 ]*\([_A-Za-z][_A-Za-z0-9]*\)$/\1 \2 \2/p'\'''
lt_cv_sys_global_symbol_to_c_name_address='sed -n -e '\''s/^: \([^ ]*\) $/  {\"\1\", (void *) 0},/p'\'' -e '\''s/^[ABCDGIRSTW]* \([^ ]*\) \([^ ]*\)$/  {"\2", (void *) \&\2},/p'\'''
lt_cv_sys_global_symbol_to_c_name_address_lib_prefix='sed -n -e '\''s/^: \([^ ]*\) $/  {\"\1\", (void *) 0},/p'\'' -e '\''s/^[ABCDGIRSTW]* \([^ ]*\) \(lib[^ ]*\)$/  {"\2", (void *) \&\2},/p'\'' -e '\''s/^[ABCDGIRSTW]* \([^ ]*\) \([^ ]*\)$/  {"lib\2", (void *) \&\2},/p'\'''
lt_cv_sys_global_symbol_to_cdecl='sed -n -e '\''s/^T .* \(.*\)$/extern int \1();/p'\'' -e '\''s/^[ABCDGIRSTW]* .* \(.*\)$/extern char \1;/p'\'''
lt_cv_sys_max_cmd_len=1572864

## ----------------- ##
## Output variables. ##
## ----------------- ##

ACLOCAL='${SHELL} /home/dev/Desktop/ClaraColour/python/crosstoolsng/binutils-2.42/missing aclocal-1.15'
AMDEPBACKSLASH='\'
AMDEP_FALSE='#'
AMDEP_TRUE=''
AMTAR='$${TAR-tar}'
AM_BACKSLASH='\'
AM_DEFAULT_V='$(AM_DEFAULT_VERBOSITY)'
AM_DEFAULT_VERBOSITY='0'
AM_V='$(V)'
AR='arm-unknown-linux-gnueabihf-ar '
AUTOCONF='${SHELL} /home/dev/Desktop/ClaraColour/python/crosstoolsng/binutils-2.42/missing autoconf'
AUTOHEADER='${SHELL} /home/dev/Desktop/ClaraColour/python/crosstoolsng/binutils-2.42/missing autoheader'
AUTOMAKE='${SHELL} /home/dev/Desktop/ClaraColour/python/crosstoolsng/binutils-2.42/missing automake-1.15'
AWK='gawk'
BUILD_INFO_FALSE='#'
BUILD_INFO_TRUE=''
CATALOGS=''
CATOBJEXT='.gmo'
CC='arm-unknown-linux-gnueabihf-gcc'
CCDEPMODE='depmode=gcc3'
CFLAGS='-g -O2    '
CPP='arm-unknown-linux-gnueabihf-gcc -E'
CPPFLAGS=''
CTF_LIBADD='-L/home/dev/Desktop/ClaraColour/python/crosstoolsng/binutils-2.42/libctf/../libiberty -liberty '
CYGPATH_W='echo'
DATADIRNAME='share'
DEFS='-DHAVE_CONFIG_H'
DEPDIR='.deps'
DSYMUTIL='arm-unknown-linux-gnueabihf-dsymutil'
DUMPBIN=''
ECHO_C=''
ECHO_N='-n'
ECHO_T=''
EGREP='/usr/bin/grep -E'
ENABLE_LIBCTF_HASH_DEBUGGING_FALSE=''
ENABLE_LIBCTF_HASH_DEBUGGING_TRUE='#'
EXEEXT=''
EXPECT='/usr/bin/expect'
FGREP='/usr/bin/grep -F'
GENCAT='gencat'
GMSGFMT='/usr/bin/msgfmt'
GREP='/usr/bin/grep'
HAVE_TCL_TRY='true'
INCINTL=''
INSTALL_DATA='/usr/bin/install -c -m 644'
INSTALL_LIBBFD_FALSE='#'
INSTALL_LIBBFD_TRUE=''
INSTALL_PROGRAM='/usr/bin/install -c'
INSTALL_SCRIPT='/usr/bin/install -c'
INSTALL_STRIP_PROGRAM='$(install_sh) -c -s'
INSTOBJEXT='.mo'
INTLLIBS=''
INTL_MACOSX_LIBS=''
LD='/home/dev/x-tools/arm-unknown-linux-gnueabihf/lib/gcc/arm-unknown-linux-gnueabihf/9.5.0/../../../../arm-unknown-linux-gnueabihf/bin/ld'
LDFLAGS=' '
LIBICONV='-liconv'
LIBINTL=''
LIBINTL_DEP=''
LIBOBJS=''
LIBS='-ldl '
LIBTOOL='$(SHELL) $(top_builddir)/libtool'
LIPO=''
LN_S='ln -s'
LTLIBICONV='-liconv'
LTLIBINTL=''
LTLIBOBJS=''
MAINT='#'
MAINTAINER_MODE_FALSE=''
MAINTAINER_MODE_TRUE='#'
MAKEINFO='makeinfo --split-size=5000000'
MKDIR_P='/usr/bin/mkdir -p'
MKINSTALLDIRS='$(top_builddir)/./../mkinstalldirs'
MSGFMT='/usr/bin/msgfmt'
MSGMERGE='/usr/bin/msgmerge'
NEED_CTF_QSORT_R_FALSE=''
NEED_CTF_QSORT_R_TRUE='#'
NM='/home/dev/x-tools/arm-unknown-linux-gnueabihf/bin/arm-unknown-linux-gnueabihf-nm -B'
NMEDIT=''
OBJDUMP='arm-unknown-linux-gnueabihf-objdump'
OBJEXT='o'
OTOOL64=''
OTOOL='arm-unknown-linux-gnueabihf-otool'
PACKAGE='libctf'
PACKAGE_BUGREPORT=''
PACKAGE_NAME='libctf'
PACKAGE_STRING='libctf 1.2.0'
PACKAGE_TARNAME='libctf'
PACKAGE_URL=''
PACKAGE_VERSION='1.2.0'
PATH_SEPARATOR=':'
POSUB='po'
RANLIB='arm-unknown-linux-gnueabihf-ranlib  --plugin /home/dev/x-tools/arm-unknown-linux-gnueabihf/libexec/gcc/arm-unknown-linux-gnueabihf/9.5.0/liblto_plugin.so'
SED='/usr/bin/sed'
SET_MAKE=''
SHARED_LDFLAGS=''
SHELL='/bin/bash'
STRIP='arm-unknown-linux-gnueabihf-strip'
USE_NLS='yes'
VERSION='1.2.0'
VERSION_FLAGS='-Wl,--version-script='\''./libctf.ver'\'''
VERSION_FLAGS_NOBFD='-Wl,--version-script='\''./libctf.ver'\'''
WARN_PEDANTIC='-pedantic -Wno-long-long'
WERROR=''
XGETTEXT='/usr/bin/xgettext'
ac_ct_AR=''
ac_ct_CC=''
ac_ct_DUMPBIN=''
ac_libctf_warn_cflags='-Wall'
am__EXEEXT_FALSE=''
am__EXEEXT_TRUE='#'
am__fastdepCC_FALSE='#'
am__fastdepCC_TRUE=''
am__include='include'
am__isrc=''
am__leading_dot='.'
am__nodep='_no'
am__quote=''
am__tar='$${TAR-tar} chof - "$$tardir"'
am__untar='$${TAR-tar} xf -'
bfdincludedir='$(includedir)'
bfdlibdir='$(libdir)'
bindir='${exec_prefix}/bin'
build='x86_64-pc-linux-gnu'
build_alias='x86_64-pc-linux-gnu'
build_cpu='x86_64'
build_os='linux-gnu'
build_vendor='pc'
c_warn='-Wstrict-prototypes -Wmissing-prototypes -Wold-style-definition'
datadir='${datarootdir}'
datarootdir='${prefix}/share'
docdir='${datarootdir}/doc/${PACKAGE_TARNAME}'
dvidir='${docdir}'
exec_prefix='${prefix}'
host='arm-unknown-linux-gnueabihf'
host_alias='arm-unknown-linux-gnueabihf'
host_cpu='arm'
host_noncanonical='arm-unknown-linux-gnueabihf'
host_os='linux-gnueabihf'
host_vendor='unknown'
htmldir='${docdir}'
includedir='${prefix}/include'
infodir='${datarootdir}/info'
install_sh='${SHELL} /home/dev/Desktop/ClaraColour/python/crosstoolsng/binutils-2.42/install-sh'
libdir='${exec_prefix}/lib'
libexecdir='${exec_prefix}/libexec'
localedir='${datarootdir}/locale'
localstatedir='${prefix}/var'
mandir='${datarootdir}/man'
mkdir_p='$(MKDIR_P)'
oldincludedir='/usr/include'
pdfdir='${docdir}'
prefix='/home/dev/x-tools/arm-unknown-linux-gnueabihf'
program_transform_name='s,y,y,'
psdir='${docdir}'
sbindir='${exec_prefix}/sbin'
sharedstatedir='${prefix}/com'
sysconfdir='${prefix}/etc'
target='arm-unknown-linux-gnueabihf'
target_alias='arm-unknown-linux-gnueabihf'
target_cpu='arm'
target_noncanonical='arm-unknown-linux-gnueabihf'
target_os='linux-gnueabihf'
target_vendor='unknown'
warn='-W -Wall -Wno-narrowing -Wwrite-strings -Wmissing-format-attribute'
zlibdir='-L$(top_builddir)/../zlib'
zlibinc='-I$(top_srcdir)/../zlib'

## ----------- ##
## confdefs.h. ##
## ----------- ##

/* confdefs.h */
#define PACKAGE_NAME "libctf"
#define PACKAGE_TARNAME "libctf"
#define PACKAGE_VERSION "1.2.0"
#define PACKAGE_STRING "libctf 1.2.0"
#define PACKAGE_BUGREPORT ""
#define PACKAGE_URL ""
#define STDC_HEADERS 1
#define HAVE_SYS_TYPES_H 1
#define HAVE_SYS_STAT_H 1
#define HAVE_STDLIB_H 1
#define HAVE_STRING_H 1
#define HAVE_MEMORY_H 1
#define HAVE_STRINGS_H 1
#define HAVE_INTTYPES_H 1
#define HAVE_STDINT_H 1
#define HAVE_UNISTD_H 1
#define __EXTENSIONS__ 1
#define _ALL_SOURCE 1
#define _GNU_SOURCE 1
#define _POSIX_PTHREAD_SEMANTICS 1
#define _TANDEM_SOURCE 1
#define PACKAGE "libctf"
#define VERSION "1.2.0"
#define ENABLE_NLS 1
#define HAVE_GETTEXT 1
#define HAVE_DCGETTEXT 1
#define ENABLE_NLS 1
#define HAVE_DLFCN_H 1
#define LT_OBJDIR ".libs/"
#define _FILE_OFFSET_BITS 64
#define HAVE_STDLIB_H 1
#define HAVE_UNISTD_H 1
#define HAVE_SYS_PARAM_H 1
#define HAVE_GETPAGESIZE 1
#define HAVE_BFD_ELF 1
#define HAVE_BYTESWAP_H 1
#define HAVE_ENDIAN_H 1
#define HAVE_PREAD 1
#define HAVE_DECL_BSWAP_16 1
#define HAVE_DECL_BSWAP_32 1
#define HAVE_DECL_BSWAP_64 1
#define HAVE_DECL_ASPRINTF 1
#define HAVE_DECL_VASPRINTF 1
#define HAVE_DECL_STPCPY 1
#define HAVE_QSORT_R 1
#define HAVE_QSORT_R_ARG_LAST 1
#define HAVE_O_CLOEXEC 1

configure: exit 0
