This file contains any messages produced by compilers while
running configure, to aid debugging if configure makes a mistake.

It was created by gprof configure 2.42, which was
generated by GNU Autoconf 2.69.  Invocation command line was

  $ /home/dev/Desktop/ClaraColour/python/crosstoolsng/binutils-2.42/gprof/configure --srcdir=.././gprof --cache-file=./config.cache --with-gnu-as --with-gnu-ld --prefix=/home/dev/x-tools/arm-unknown-linux-gnueabihf --enable-static --disable-shared --disable-multilib --program-transform-name=s,y,y, --disable-option-checking --build=x86_64-pc-linux-gnu --host=arm-unknown-linux-gnueabihf --target=arm-unknown-linux-gnueabihf

## --------- ##
## Platform. ##
## --------- ##

hostname = host
uname -m = x86_64
uname -r = 6.12.105+deb13-amd64
uname -s = Linux
uname -v = #1 SMP PREEMPT_DYNAMIC Debian 6.12.105-1 (2026-08-24)

/usr/bin/uname -p = unknown
/bin/uname -X     = unknown

/bin/arch              = x86_64
/usr/bin/arch -k       = unknown
/usr/convex/getsysinfo = unknown
/usr/bin/hostinfo      = unknown
/bin/machine           = unknown
/usr/bin/oslevel       = unknown
/bin/universe          = unknown

PATH: /home/dev/x-tools/arm-unknown-linux-gnueabihf/bin
PATH: /home/dev/x-tools/arm-unknown-linux-gnueabihf/bin
PATH: /usr/local/bin
PATH: /usr/bin
PATH: /bin
PATH: /usr/local/games
PATH: /usr/games
PATH: /snap/bin
PATH: /home/dev/go/bin


## ----------- ##
## Core tests. ##
## ----------- ##

configure:2182: creating cache ./config.cache
configure:2294: checking build system type
configure:2308: result: x86_64-pc-linux-gnu
configure:2328: checking host system type
configure:2341: result: arm-unknown-linux-gnueabihf
configure:2361: checking target system type
configure:2374: result: arm-unknown-linux-gnueabihf
configure:2417: checking for a BSD-compatible install
configure:2485: result: /usr/bin/install -c
configure:2496: checking whether build environment is sane
configure:2551: result: yes
configure:2610: checking for arm-unknown-linux-gnueabihf-strip
configure:2626: found /home/dev/x-tools/arm-unknown-linux-gnueabihf/bin/arm-unknown-linux-gnueabihf-strip
configure:2637: result: arm-unknown-linux-gnueabihf-strip
configure:2702: checking for a thread-safe mkdir -p
configure:2741: result: /usr/bin/mkdir -p
configure:2748: checking for gawk
configure:2775: result: gawk
configure:2786: checking whether make sets $(MAKE)
configure:2808: result: yes
configure:2837: checking whether make supports nested variables
configure:2854: result: yes
configure:2991: checking whether make supports nested variables
configure:3008: result: yes
configure:3031: checking for arm-unknown-linux-gnueabihf-gcc
configure:3058: result: arm-unknown-linux-gnueabihf-gcc
configure:3327: checking for C compiler version
configure:3336: arm-unknown-linux-gnueabihf-gcc --version >&5
arm-unknown-linux-gnueabihf-gcc (crosstool-NG 1.29.0.3_2e5d0b8) 9.5.0
Copyright (C) 2019 Free Software Foundation, Inc.
This is free software; see the source for copying conditions.  There is NO
warranty; not even for MERCHANTABILITY or FITNESS FOR A PARTICULAR PURPOSE.

configure:3347: $? = 0
configure:3336: arm-unknown-linux-gnueabihf-gcc -v >&5
Using built-in specs.
COLLECT_GCC=arm-unknown-linux-gnueabihf-gcc
COLLECT_LTO_WRAPPER=/home/dev/x-tools/arm-unknown-linux-gnueabihf/libexec/gcc/arm-unknown-linux-gnueabihf/9.5.0/lto-wrapper
Target: arm-unknown-linux-gnueabihf
Configured with: /home/dev/Desktop/ClaraColour/python/crosstoolsng/crosstool-ng/.build/arm-unknown-linux-gnueabihf/src/gcc/configure --build=x86_64-build_pc-linux-gnu --host=x86_64-build_pc-linux-gnu --target=arm-unknown-linux-gnueabihf --prefix=/home/dev/x-tools/arm-unknown-linux-gnueabihf --exec_prefix=/home/dev/x-tools/arm-unknown-linux-gnueabihf --with-sysroot=/home/dev/x-tools/arm-unknown-linux-gnueabihf/arm-unknown-linux-gnueabihf/sysroot --enable-languages=c,c++ --with-arch=armv7-a --with-tune=cortex-a53 --with-fpu=neon-vfpv4 --with-float=hard --with-pkgversion='crosstool-NG 1.29.0.3_2e5d0b8' --enable-__cxa_atexit --disable-tm-clone-registry --disable-libmudflap --disable-libgomp --disable-libssp --disable-libquadmath --disable-libquadmath-support --disable-libsanitizer --disable-libmpx --with-gmp=/home/dev/Desktop/ClaraColour/python/crosstoolsng/crosstool-ng/.build/arm-unknown-linux-gnueabihf/buildtools --with-mpfr=/home/dev/Desktop/ClaraColour/python/crosstoolsng/crosstool-ng/.build/arm-unknown-linux-gnueabihf/buildtools --with-mpc=/home/dev/Desktop/ClaraColour/python/crosstoolsng/crosstool-ng/.build/arm-unknown-linux-gnueabihf/buildtools --with-isl=/home/dev/Desktop/ClaraColour/python/crosstoolsng/crosstool-ng/.build/arm-unknown-linux-gnueabihf/buildtools --enable-lto --without-zstd --enable-threads=posix --enable-target-optspace --disable-plugin --disable-nls --disable-multilib --with-local-prefix=/home/dev/x-tools/arm-unknown-linux-gnueabihf/arm-unknown-linux-gnueabihf/sysroot --enable-long-long
Thread model: posix
gcc version 9.5.0 (crosstool-NG 1.29.0.3_2e5d0b8) 
configure:3347: $? = 0
configure:3336: arm-unknown-linux-gnueabihf-gcc -V >&5
arm-unknown-linux-gnueabihf-gcc: error: unrecognized command line option '-V'
arm-unknown-linux-gnueabihf-gcc: fatal error: no input files
compilation terminated.
configure:3347: $? = 1
configure:3336: arm-unknown-linux-gnueabihf-gcc -qversion >&5
arm-unknown-linux-gnueabihf-gcc: error: unrecognized command line option '-qversion'; did you mean '--version'?
arm-unknown-linux-gnueabihf-gcc: fatal error: no input files
compilation terminated.
configure:3347: $? = 1
configure:3367: checking whether the C compiler works
configure:3389: arm-unknown-linux-gnueabihf-gcc -g -O2        conftest.c  >&5
configure:3393: $? = 0
configure:3441: result: yes
configure:3444: checking for C compiler default output file name
configure:3446: result: a.out
configure:3452: checking for suffix of executables
configure:3459: arm-unknown-linux-gnueabihf-gcc -o conftest -g -O2        conftest.c  >&5
configure:3463: $? = 0
configure:3485: result: 
configure:3507: checking whether we are cross compiling
configure:3545: result: yes
configure:3550: checking for suffix of object files
configure:3572: arm-unknown-linux-gnueabihf-gcc -c -g -O2      conftest.c >&5
configure:3576: $? = 0
configure:3597: result: o
configure:3601: checking whether we are using the GNU C compiler
configure:3620: arm-unknown-linux-gnueabihf-gcc -c -g -O2      conftest.c >&5
configure:3620: $? = 0
configure:3629: result: yes
configure:3638: checking whether arm-unknown-linux-gnueabihf-gcc accepts -g
configure:3658: arm-unknown-linux-gnueabihf-gcc -c -g  conftest.c >&5
configure:3658: $? = 0
configure:3699: result: yes
configure:3716: checking for arm-unknown-linux-gnueabihf-gcc option to accept ISO C89
configure:3779: arm-unknown-linux-gnueabihf-gcc  -c -g -O2      conftest.c >&5
configure:3779: $? = 0
configure:3792: result: none needed
configure:3817: checking whether arm-unknown-linux-gnueabihf-gcc understands -c and -o together
configure:3839: arm-unknown-linux-gnueabihf-gcc -c conftest.c -o conftest2.o
configure:3842: $? = 0
configure:3839: arm-unknown-linux-gnueabihf-gcc -c conftest.c -o conftest2.o
configure:3842: $? = 0
configure:3854: result: yes
configure:3882: checking for style of include used by make
configure:3910: result: GNU
configure:3936: checking dependency style of arm-unknown-linux-gnueabihf-gcc
configure:4047: result: gcc3
configure:4068: checking how to run the C preprocessor
configure:4099: arm-unknown-linux-gnueabihf-gcc -E  conftest.c
configure:4099: $? = 0
configure:4113: arm-unknown-linux-gnueabihf-gcc -E  conftest.c
conftest.c:11:10: fatal error: ac_nonexistent.h: No such file or directory
   11 | #include <ac_nonexistent.h>
      |          ^~~~~~~~~~~~~~~~~~
compilation terminated.
configure:4113: $? = 1
configure: failed program was:
| /* confdefs.h */
| #define PACKAGE_NAME "gprof"
| #define PACKAGE_TARNAME "gprof"
| #define PACKAGE_VERSION "2.42"
| #define PACKAGE_STRING "gprof 2.42"
| #define PACKAGE_BUGREPORT ""
| #define PACKAGE_URL ""
| #define PACKAGE "gprof"
| #define VERSION "2.42"
| /* end confdefs.h.  */
| #include <ac_nonexistent.h>
configure:4138: result: arm-unknown-linux-gnueabihf-gcc -E
configure:4158: arm-unknown-linux-gnueabihf-gcc -E  conftest.c
configure:4158: $? = 0
configure:4172: arm-unknown-linux-gnueabihf-gcc -E  conftest.c
conftest.c:11:10: fatal error: ac_nonexistent.h: No such file or directory
   11 | #include <ac_nonexistent.h>
      |          ^~~~~~~~~~~~~~~~~~
compilation terminated.
configure:4172: $? = 1
configure: failed program was:
| /* confdefs.h */
| #define PACKAGE_NAME "gprof"
| #define PACKAGE_TARNAME "gprof"
| #define PACKAGE_VERSION "2.42"
| #define PACKAGE_STRING "gprof 2.42"
| #define PACKAGE_BUGREPORT ""
| #define PACKAGE_URL ""
| #define PACKAGE "gprof"
| #define VERSION "2.42"
| /* end confdefs.h.  */
| #include <ac_nonexistent.h>
configure:4201: checking for grep that handles long lines and -e
configure:4259: result: /usr/bin/grep
configure:4264: checking for egrep
configure:4326: result: /usr/bin/grep -E
configure:4331: checking for ANSI C header files
configure:4351: arm-unknown-linux-gnueabihf-gcc -c -g -O2      conftest.c >&5
configure:4351: $? = 0
configure:4435: result: yes
configure:4448: checking for sys/types.h
configure:4448: arm-unknown-linux-gnueabihf-gcc -c -g -O2      conftest.c >&5
configure:4448: $? = 0
configure:4448: result: yes
configure:4448: checking for sys/stat.h
configure:4448: arm-unknown-linux-gnueabihf-gcc -c -g -O2      conftest.c >&5
configure:4448: $? = 0
configure:4448: result: yes
configure:4448: checking for stdlib.h
configure:4448: arm-unknown-linux-gnueabihf-gcc -c -g -O2      conftest.c >&5
configure:4448: $? = 0
configure:4448: result: yes
configure:4448: checking for string.h
configure:4448: arm-unknown-linux-gnueabihf-gcc -c -g -O2      conftest.c >&5
configure:4448: $? = 0
configure:4448: result: yes
configure:4448: checking for memory.h
configure:4448: arm-unknown-linux-gnueabihf-gcc -c -g -O2      conftest.c >&5
configure:4448: $? = 0
configure:4448: result: yes
configure:4448: checking for strings.h
configure:4448: arm-unknown-linux-gnueabihf-gcc -c -g -O2      conftest.c >&5
configure:4448: $? = 0
configure:4448: result: yes
configure:4448: checking for inttypes.h
configure:4448: arm-unknown-linux-gnueabihf-gcc -c -g -O2      conftest.c >&5
configure:4448: $? = 0
configure:4448: result: yes
configure:4448: checking for stdint.h
configure:4448: arm-unknown-linux-gnueabihf-gcc -c -g -O2      conftest.c >&5
configure:4448: $? = 0
configure:4448: result: yes
configure:4448: checking for unistd.h
configure:4448: arm-unknown-linux-gnueabihf-gcc -c -g -O2      conftest.c >&5
configure:4448: $? = 0
configure:4448: result: yes
configure:4461: checking minix/config.h usability
configure:4461: arm-unknown-linux-gnueabihf-gcc -c -g -O2      conftest.c >&5
conftest.c:54:10: fatal error: minix/config.h: No such file or directory
   54 | #include <minix/config.h>
      |          ^~~~~~~~~~~~~~~~
compilation terminated.
configure:4461: $? = 1
configure: failed program was:
| /* confdefs.h */
| #define PACKAGE_NAME "gprof"
| #define PACKAGE_TARNAME "gprof"
| #define PACKAGE_VERSION "2.42"
| #define PACKAGE_STRING "gprof 2.42"
| #define PACKAGE_BUGREPORT ""
| #define PACKAGE_URL ""
| #define PACKAGE "gprof"
| #define VERSION "2.42"
| #define STDC_HEADERS 1
| #define HAVE_SYS_TYPES_H 1
| #define HAVE_SYS_STAT_H 1
| #define HAVE_STDLIB_H 1
| #define HAVE_STRING_H 1
| #define HAVE_MEMORY_H 1
| #define HAVE_STRINGS_H 1
| #define HAVE_INTTYPES_H 1
| #define HAVE_STDINT_H 1
| #define HAVE_UNISTD_H 1
| /* end confdefs.h.  */
| #include <stdio.h>
| #ifdef HAVE_SYS_TYPES_H
| # include <sys/types.h>
| #endif
| #ifdef HAVE_SYS_STAT_H
| # include <sys/stat.h>
| #endif
| #ifdef STDC_HEADERS
| # include <stdlib.h>
| # include <stddef.h>
| #else
| # ifdef HAVE_STDLIB_H
| #  include <stdlib.h>
| # endif
| #endif
| #ifdef HAVE_STRING_H
| # if !defined STDC_HEADERS && defined HAVE_MEMORY_H
| #  include <memory.h>
| # endif
| # include <string.h>
| #endif
| #ifdef HAVE_STRINGS_H
| # include <strings.h>
| #endif
| #ifdef HAVE_INTTYPES_H
| # include <inttypes.h>
| #endif
| #ifdef HAVE_STDINT_H
| # include <stdint.h>
| #endif
| #ifdef HAVE_UNISTD_H
| # include <unistd.h>
| #endif
| #include <minix/config.h>
configure:4461: result: no
configure:4461: checking minix/config.h presence
configure:4461: arm-unknown-linux-gnueabihf-gcc -E  conftest.c
conftest.c:21:10: fatal error: minix/config.h: No such file or directory
   21 | #include <minix/config.h>
      |          ^~~~~~~~~~~~~~~~
compilation terminated.
configure:4461: $? = 1
configure: failed program was:
| /* confdefs.h */
| #define PACKAGE_NAME "gprof"
| #define PACKAGE_TARNAME "gprof"
| #define PACKAGE_VERSION "2.42"
| #define PACKAGE_STRING "gprof 2.42"
| #define PACKAGE_BUGREPORT ""
| #define PACKAGE_URL ""
| #define PACKAGE "gprof"
| #define VERSION "2.42"
| #define STDC_HEADERS 1
| #define HAVE_SYS_TYPES_H 1
| #define HAVE_SYS_STAT_H 1
| #define HAVE_STDLIB_H 1
| #define HAVE_STRING_H 1
| #define HAVE_MEMORY_H 1
| #define HAVE_STRINGS_H 1
| #define HAVE_INTTYPES_H 1
| #define HAVE_STDINT_H 1
| #define HAVE_UNISTD_H 1
| /* end confdefs.h.  */
| #include <minix/config.h>
configure:4461: result: no
configure:4461: checking for minix/config.h
configure:4461: result: no
configure:4482: checking whether it is safe to define __EXTENSIONS__
configure:4500: arm-unknown-linux-gnueabihf-gcc -c -g -O2      conftest.c >&5
configure:4500: $? = 0
configure:4507: result: yes
configure:4571: checking how to print strings
configure:4598: result: printf
configure:4619: checking for a sed that does not truncate output
configure:4683: result: /usr/bin/sed
configure:4701: checking for fgrep
configure:4763: result: /usr/bin/grep -F
configure:4798: checking for ld used by arm-unknown-linux-gnueabihf-gcc
configure:4865: result: /home/dev/x-tools/arm-unknown-linux-gnueabihf/lib/gcc/arm-unknown-linux-gnueabihf/9.5.0/../../../../arm-unknown-linux-gnueabihf/bin/ld
configure:4872: checking if the linker (/home/dev/x-tools/arm-unknown-linux-gnueabihf/lib/gcc/arm-unknown-linux-gnueabihf/9.5.0/../../../../arm-unknown-linux-gnueabihf/bin/ld) is GNU ld
configure:4887: result: yes
configure:4899: checking for BSD- or MS-compatible name lister (nm)
configure:4955: result: /home/dev/x-tools/arm-unknown-linux-gnueabihf/bin/arm-unknown-linux-gnueabihf-nm -B
configure:5085: checking the name lister (/home/dev/x-tools/arm-unknown-linux-gnueabihf/bin/arm-unknown-linux-gnueabihf-nm -B) interface
configure:5092: arm-unknown-linux-gnueabihf-gcc -c -g -O2      conftest.c >&5
configure:5095: /home/dev/x-tools/arm-unknown-linux-gnueabihf/bin/arm-unknown-linux-gnueabihf-nm -B "conftest.o"
configure:5098: output
00000000 B some_variable
configure:5105: result: BSD nm
configure:5108: checking whether ln -s works
configure:5112: result: yes
configure:5120: checking the maximum length of command line arguments
configure:5245: result: 1572864
configure:5262: checking whether the shell understands some XSI constructs
configure:5272: result: yes
configure:5276: checking whether the shell understands "+="
configure:5282: result: yes
configure:5317: checking for /home/dev/x-tools/arm-unknown-linux-gnueabihf/lib/gcc/arm-unknown-linux-gnueabihf/9.5.0/../../../../arm-unknown-linux-gnueabihf/bin/ld option to reload object files
configure:5324: result: -r
configure:5353: checking for arm-unknown-linux-gnueabihf-objdump
configure:5380: result: arm-unknown-linux-gnueabihf-objdump
configure:5452: checking how to recognize dependent libraries
configure:5658: result: pass_all
configure:5691: checking for arm-unknown-linux-gnueabihf-ar
configure:5718: result: arm-unknown-linux-gnueabihf-ar 
configure:5786: WARNING: Failed: arm-unknown-linux-gnueabihf-ar  --plugin /home/dev/x-tools/arm-unknown-linux-gnueabihf/libexec/gcc/arm-unknown-linux-gnueabihf/9.5.0/liblto_plugin.so rc
configure:5809: checking for arm-unknown-linux-gnueabihf-strip
configure:5836: result: arm-unknown-linux-gnueabihf-strip
configure:5908: checking for arm-unknown-linux-gnueabihf-ranlib
configure:5935: result: arm-unknown-linux-gnueabihf-ranlib 
configure:6082: checking command to parse /home/dev/x-tools/arm-unknown-linux-gnueabihf/bin/arm-unknown-linux-gnueabihf-nm -B output from arm-unknown-linux-gnueabihf-gcc object
configure:6200: arm-unknown-linux-gnueabihf-gcc -c -g -O2      conftest.c >&5
configure:6203: $? = 0
configure:6207: /home/dev/x-tools/arm-unknown-linux-gnueabihf/bin/arm-unknown-linux-gnueabihf-nm -B conftest.o \| sed -n -e 's/^.*[ ]\([ABCDGIRSTW][ABCDGIRSTW]*\)[ ][ ]*\([_A-Za-z][_A-Za-z0-9]*\)$/\1 \2 \2/p' \> conftest.nm
configure:6210: $? = 0
configure:6264: arm-unknown-linux-gnueabihf-gcc -o conftest -g -O2        conftest.c conftstm.o >&5
configure:6267: $? = 0
configure:6305: result: ok
configure:7155: checking for dlfcn.h
configure:7155: arm-unknown-linux-gnueabihf-gcc -c -g -O2      conftest.c >&5
configure:7155: $? = 0
configure:7155: result: yes
configure:7342: checking for objdir
configure:7357: result: .libs
configure:7628: checking if arm-unknown-linux-gnueabihf-gcc supports -fno-rtti -fno-exceptions
configure:7646: arm-unknown-linux-gnueabihf-gcc -c -g -O2      -fno-rtti -fno-exceptions conftest.c >&5
cc1: warning: command line option '-fno-rtti' is valid for C++/D/ObjC++ but not for C
configure:7650: $? = 0
configure:7663: result: no
configure:7683: checking for arm-unknown-linux-gnueabihf-gcc option to produce PIC
configure:7969: result: -fPIC -DPIC
configure:7981: checking if arm-unknown-linux-gnueabihf-gcc PIC flag -fPIC -DPIC works
configure:7999: arm-unknown-linux-gnueabihf-gcc -c -g -O2      -fPIC -DPIC -DPIC conftest.c >&5
configure:8003: $? = 0
configure:8016: result: yes
configure:8040: checking if arm-unknown-linux-gnueabihf-gcc static flag -static works
configure:8068: result: yes
configure:8083: checking if arm-unknown-linux-gnueabihf-gcc supports -c -o file.o
configure:8104: arm-unknown-linux-gnueabihf-gcc -c -g -O2      -o out/conftest2.o conftest.c >&5
configure:8108: $? = 0
configure:8130: result: yes
configure:8138: checking if arm-unknown-linux-gnueabihf-gcc supports -c -o file.o
configure:8185: result: yes
configure:8218: checking whether the arm-unknown-linux-gnueabihf-gcc linker (/home/dev/x-tools/arm-unknown-linux-gnueabihf/lib/gcc/arm-unknown-linux-gnueabihf/9.5.0/../../../../arm-unknown-linux-gnueabihf/bin/ld) supports shared libraries
configure:9289: result: yes
configure:9534: checking dynamic linker characteristics
configure:9980: arm-unknown-linux-gnueabihf-gcc -o conftest -g -O2        -Wl,-rpath -Wl,/foo conftest.c  >&5
configure:9980: $? = 0
configure:10221: result: GNU/Linux ld.so
configure:10328: checking how to hardcode library paths into programs
configure:10353: result: immediate
configure:10893: checking whether stripping libraries is possible
configure:10898: result: yes
configure:10933: checking if libtool supports shared libraries
configure:10935: result: yes
configure:10938: checking whether to build shared libraries
configure:10959: result: no
configure:10962: checking whether to build static libraries
configure:10966: result: yes
configure:11014: checking for dlfcn.h
configure:11014: result: yes
configure:11027: checking for windows.h
configure:11027: arm-unknown-linux-gnueabihf-gcc -c -g -O2      conftest.c >&5
conftest.c:63:10: fatal error: windows.h: No such file or directory
   63 | #include <windows.h>
      |          ^~~~~~~~~~~
compilation terminated.
configure:11027: $? = 1
configure: failed program was:
| /* confdefs.h */
| #define PACKAGE_NAME "gprof"
| #define PACKAGE_TARNAME "gprof"
| #define PACKAGE_VERSION "2.42"
| #define PACKAGE_STRING "gprof 2.42"
| #define PACKAGE_BUGREPORT ""
| #define PACKAGE_URL ""
| #define PACKAGE "gprof"
| #define VERSION "2.42"
| #define STDC_HEADERS 1
| #define HAVE_SYS_TYPES_H 1
| #define HAVE_SYS_STAT_H 1
| #define HAVE_STDLIB_H 1
| #define HAVE_STRING_H 1
| #define HAVE_MEMORY_H 1
| #define HAVE_STRINGS_H 1
| #define HAVE_INTTYPES_H 1
| #define HAVE_STDINT_H 1
| #define HAVE_UNISTD_H 1
| #define __EXTENSIONS__ 1
| #define _ALL_SOURCE 1
| #define _GNU_SOURCE 1
| #define _POSIX_PTHREAD_SEMANTICS 1
| #define _TANDEM_SOURCE 1
| #define HAVE_DLFCN_H 1
| #define LT_OBJDIR ".libs/"
| #define HAVE_DLFCN_H 1
| /* end confdefs.h.  */
| #include <stdio.h>
| #ifdef HAVE_SYS_TYPES_H
| # include <sys/types.h>
| #endif
| #ifdef HAVE_SYS_STAT_H
| # include <sys/stat.h>
| #endif
| #ifdef STDC_HEADERS
| # include <stdlib.h>
| # include <stddef.h>
| #else
| # ifdef HAVE_STDLIB_H
| #  include <stdlib.h>
| # endif
| #endif
| #ifdef HAVE_STRING_H
| # if !defined STDC_HEADERS && defined HAVE_MEMORY_H
| #  include <memory.h>
| # endif
| # include <string.h>
| #endif
| #ifdef HAVE_STRINGS_H
| # include <strings.h>
| #endif
| #ifdef HAVE_INTTYPES_H
| # include <inttypes.h>
| #endif
| #ifdef HAVE_STDINT_H
| # include <stdint.h>
| #endif
| #ifdef HAVE_UNISTD_H
| # include <unistd.h>
| #endif
| 
| #include <windows.h>
configure:11027: result: no
configure:11054: checking for library containing dlsym
configure:11085: arm-unknown-linux-gnueabihf-gcc -o conftest -g -O2        conftest.c  >&5
/home/dev/x-tools/arm-unknown-linux-gnueabihf/lib/gcc/arm-unknown-linux-gnueabihf/9.5.0/../../../../arm-unknown-linux-gnueabihf/bin/ld: /tmp/ccz1z3QB.o: in function `main':
/home/dev/Desktop/ClaraColour/python/crosstoolsng/binutils-2.42/gprof/conftest.c:40: undefined reference to `dlsym'
collect2: error: ld returned 1 exit status
configure:11085: $? = 1
configure: failed program was:
| /* confdefs.h */
| #define PACKAGE_NAME "gprof"
| #define PACKAGE_TARNAME "gprof"
| #define PACKAGE_VERSION "2.42"
| #define PACKAGE_STRING "gprof 2.42"
| #define PACKAGE_BUGREPORT ""
| #define PACKAGE_URL ""
| #define PACKAGE "gprof"
| #define VERSION "2.42"
| #define STDC_HEADERS 1
| #define HAVE_SYS_TYPES_H 1
| #define HAVE_SYS_STAT_H 1
| #define HAVE_STDLIB_H 1
| #define HAVE_STRING_H 1
| #define HAVE_MEMORY_H 1
| #define HAVE_STRINGS_H 1
| #define HAVE_INTTYPES_H 1
| #define HAVE_STDINT_H 1
| #define HAVE_UNISTD_H 1
| #define __EXTENSIONS__ 1
| #define _ALL_SOURCE 1
| #define _GNU_SOURCE 1
| #define _POSIX_PTHREAD_SEMANTICS 1
| #define _TANDEM_SOURCE 1
| #define HAVE_DLFCN_H 1
| #define LT_OBJDIR ".libs/"
| #define HAVE_DLFCN_H 1
| /* end confdefs.h.  */
| 
| /* Override any GCC internal prototype to avoid an error.
|    Use char because int might match the return type of a GCC
|    builtin and then its argument prototype would still apply.  */
| #ifdef __cplusplus
| extern "C"
| #endif
| char dlsym ();
| int
| main ()
| {
| return dlsym ();
|   ;
|   return 0;
| }
configure:11085: arm-unknown-linux-gnueabihf-gcc -o conftest -g -O2        conftest.c -ldl   >&5
configure:11085: $? = 0
configure:11102: result: -ldl
configure:11174: checking for special C compiler options needed for large files
configure:11219: result: no
configure:11225: checking for _FILE_OFFSET_BITS value needed for large files
configure:11250: arm-unknown-linux-gnueabihf-gcc -c -g -O2      conftest.c >&5
conftest.c:34:33: warning: left shift count >= width of type [-Wshift-count-overflow]
   34 | #define LARGE_OFF_T (((off_t) 1 << 62) - 1 + ((off_t) 1 << 62))
      |                                 ^~
conftest.c:35:23: note: in expansion of macro 'LARGE_OFF_T'
   35 |   int off_t_is_large[(LARGE_OFF_T % 2147483629 == 721
      |                       ^~~~~~~~~~~
conftest.c:34:57: warning: left shift count >= width of type [-Wshift-count-overflow]
   34 | #define LARGE_OFF_T (((off_t) 1 << 62) - 1 + ((off_t) 1 << 62))
      |                                                         ^~
conftest.c:35:23: note: in expansion of macro 'LARGE_OFF_T'
   35 |   int off_t_is_large[(LARGE_OFF_T % 2147483629 == 721
      |                       ^~~~~~~~~~~
conftest.c:34:33: warning: left shift count >= width of type [-Wshift-count-overflow]
   34 | #define LARGE_OFF_T (((off_t) 1 << 62) - 1 + ((off_t) 1 << 62))
      |                                 ^~
conftest.c:36:13: note: in expansion of macro 'LARGE_OFF_T'
   36 |          && LARGE_OFF_T % 2147483647 == 1)
      |             ^~~~~~~~~~~
conftest.c:34:57: warning: left shift count >= width of type [-Wshift-count-overflow]
   34 | #define LARGE_OFF_T (((off_t) 1 << 62) - 1 + ((off_t) 1 << 62))
      |                                                         ^~
conftest.c:36:13: note: in expansion of macro 'LARGE_OFF_T'
   36 |          && LARGE_OFF_T % 2147483647 == 1)
      |             ^~~~~~~~~~~
conftest.c:35:7: error: variably modified 'off_t_is_large' at file scope
   35 |   int off_t_is_large[(LARGE_OFF_T % 2147483629 == 721
      |       ^~~~~~~~~~~~~~
configure:11250: $? = 1
configure: failed program was:
| /* confdefs.h */
| #define PACKAGE_NAME "gprof"
| #define PACKAGE_TARNAME "gprof"
| #define PACKAGE_VERSION "2.42"
| #define PACKAGE_STRING "gprof 2.42"
| #define PACKAGE_BUGREPORT ""
| #define PACKAGE_URL ""
| #define PACKAGE "gprof"
| #define VERSION "2.42"
| #define STDC_HEADERS 1
| #define HAVE_SYS_TYPES_H 1
| #define HAVE_SYS_STAT_H 1
| #define HAVE_STDLIB_H 1
| #define HAVE_STRING_H 1
| #define HAVE_MEMORY_H 1
| #define HAVE_STRINGS_H 1
| #define HAVE_INTTYPES_H 1
| #define HAVE_STDINT_H 1
| #define HAVE_UNISTD_H 1
| #define __EXTENSIONS__ 1
| #define _ALL_SOURCE 1
| #define _GNU_SOURCE 1
| #define _POSIX_PTHREAD_SEMANTICS 1
| #define _TANDEM_SOURCE 1
| #define HAVE_DLFCN_H 1
| #define LT_OBJDIR ".libs/"
| #define HAVE_DLFCN_H 1
| /* end confdefs.h.  */
| #include <sys/types.h>
|  /* Check that off_t can represent 2**63 - 1 correctly.
|     We can't simply define LARGE_OFF_T to be 9223372036854775807,
|     since some C++ compilers masquerading as C compilers
|     incorrectly reject 9223372036854775807.  */
| #define LARGE_OFF_T (((off_t) 1 << 62) - 1 + ((off_t) 1 << 62))
|   int off_t_is_large[(LARGE_OFF_T % 2147483629 == 721
| 		       && LARGE_OFF_T % 2147483647 == 1)
| 		      ? 1 : -1];
| int
| main ()
| {
| 
|   ;
|   return 0;
| }
configure:11274: arm-unknown-linux-gnueabihf-gcc -c -g -O2      conftest.c >&5
configure:11274: $? = 0
configure:11282: result: 64
configure:11372: checking sys/time.h usability
configure:11372: arm-unknown-linux-gnueabihf-gcc -c -g -O2      conftest.c >&5
configure:11372: $? = 0
configure:11372: result: yes
configure:11372: checking sys/time.h presence
configure:11372: arm-unknown-linux-gnueabihf-gcc -E  conftest.c
configure:11372: $? = 0
configure:11372: result: yes
configure:11372: checking for sys/time.h
configure:11372: result: yes
configure:11384: checking for setitimer
configure:11384: arm-unknown-linux-gnueabihf-gcc -o conftest -g -O2        conftest.c -ldl  >&5
configure:11384: $? = 0
configure:11384: result: yes
configure:11409: checking whether NLS is requested
configure:11418: result: yes
configure:11456: checking for msgfmt
configure:11487: result: /usr/bin/msgfmt
configure:11496: checking for gmsgfmt
configure:11527: result: /usr/bin/msgfmt
configure:11567: checking for xgettext
configure:11598: result: /usr/bin/xgettext
configure:11638: checking for msgmerge
configure:11668: result: /usr/bin/msgmerge
configure:11743: checking for ld used by GCC
configure:11806: result: /home/dev/x-tools/arm-unknown-linux-gnueabihf/lib/gcc/arm-unknown-linux-gnueabihf/9.5.0/../../../../arm-unknown-linux-gnueabihf/bin/ld
configure:11813: checking if the linker (/home/dev/x-tools/arm-unknown-linux-gnueabihf/lib/gcc/arm-unknown-linux-gnueabihf/9.5.0/../../../../arm-unknown-linux-gnueabihf/bin/ld) is GNU ld
GNU ld (crosstool-NG 1.29.0.3_2e5d0b8) 2.32
configure:11825: result: yes
configure:11831: checking for shared library run path origin
configure:11844: result: done
configure:12291: checking for CFPreferencesCopyAppValue
configure:12309: arm-unknown-linux-gnueabihf-gcc -o conftest -g -O2        conftest.c -ldl  -Wl,-framework -Wl,CoreFoundation >&5
conftest.c:32:10: fatal error: CoreFoundation/CFPreferences.h: No such file or directory
   32 | #include <CoreFoundation/CFPreferences.h>
      |          ^~~~~~~~~~~~~~~~~~~~~~~~~~~~~~~~
compilation terminated.
configure:12309: $? = 1
configure: failed program was:
| /* confdefs.h */
| #define PACKAGE_NAME "gprof"
| #define PACKAGE_TARNAME "gprof"
| #define PACKAGE_VERSION "2.42"
| #define PACKAGE_STRING "gprof 2.42"
| #define PACKAGE_BUGREPORT ""
| #define PACKAGE_URL ""
| #define PACKAGE "gprof"
| #define VERSION "2.42"
| #define STDC_HEADERS 1
| #define HAVE_SYS_TYPES_H 1
| #define HAVE_SYS_STAT_H 1
| #define HAVE_STDLIB_H 1
| #define HAVE_STRING_H 1
| #define HAVE_MEMORY_H 1
| #define HAVE_STRINGS_H 1
| #define HAVE_INTTYPES_H 1
| #define HAVE_STDINT_H 1
| #define HAVE_UNISTD_H 1
| #define __EXTENSIONS__ 1
| #define _ALL_SOURCE 1
| #define _GNU_SOURCE 1
| #define _POSIX_PTHREAD_SEMANTICS 1
| #define _TANDEM_SOURCE 1
| #define HAVE_DLFCN_H 1
| #define LT_OBJDIR ".libs/"
| #define HAVE_DLFCN_H 1
| #define _FILE_OFFSET_BITS 64
| #define HAVE_SYS_TIME_H 1
| #define HAVE_SETITIMER 1
| /* end confdefs.h.  */
| #include <CoreFoundation/CFPreferences.h>
| int
| main ()
| {
| CFPreferencesCopyAppValue(NULL, NULL)
|   ;
|   return 0;
| }
configure:12318: result: no
configure:12325: checking for CFLocaleCopyPreferredLanguages
configure:12343: arm-unknown-linux-gnueabihf-gcc -o conftest -g -O2        conftest.c -ldl  -Wl,-framework -Wl,CoreFoundation >&5
conftest.c:32:10: fatal error: CoreFoundation/CFLocale.h: No such file or directory
   32 | #include <CoreFoundation/CFLocale.h>
      |          ^~~~~~~~~~~~~~~~~~~~~~~~~~~
compilation terminated.
configure:12343: $? = 1
configure: failed program was:
| /* confdefs.h */
| #define PACKAGE_NAME "gprof"
| #define PACKAGE_TARNAME "gprof"
| #define PACKAGE_VERSION "2.42"
| #define PACKAGE_STRING "gprof 2.42"
| #define PACKAGE_BUGREPORT ""
| #define PACKAGE_URL ""
| #define PACKAGE "gprof"
| #define VERSION "2.42"
| #define STDC_HEADERS 1
| #define HAVE_SYS_TYPES_H 1
| #define HAVE_SYS_STAT_H 1
| #define HAVE_STDLIB_H 1
| #define HAVE_STRING_H 1
| #define HAVE_MEMORY_H 1
| #define HAVE_STRINGS_H 1
| #define HAVE_INTTYPES_H 1
| #define HAVE_STDINT_H 1
| #define HAVE_UNISTD_H 1
| #define __EXTENSIONS__ 1
| #define _ALL_SOURCE 1
| #define _GNU_SOURCE 1
| #define _POSIX_PTHREAD_SEMANTICS 1
| #define _TANDEM_SOURCE 1
| #define HAVE_DLFCN_H 1
| #define LT_OBJDIR ".libs/"
| #define HAVE_DLFCN_H 1
| #define _FILE_OFFSET_BITS 64
| #define HAVE_SYS_TIME_H 1
| #define HAVE_SETITIMER 1
| /* end confdefs.h.  */
| #include <CoreFoundation/CFLocale.h>
| int
| main ()
| {
| CFLocaleCopyPreferredLanguages();
|   ;
|   return 0;
| }
configure:12352: result: no
configure:12402: checking for GNU gettext in libc
configure:12431: arm-unknown-linux-gnueabihf-gcc -o conftest -g -O2        conftest.c -ldl  >&5
configure:12431: $? = 0
configure:12440: result: yes
configure:13232: checking whether to use NLS
configure:13234: result: yes
configure:13237: checking where the gettext function comes from
configure:13248: result: libc
configure:13317: checking whether NLS is requested
configure:13323: result: yes
configure:13329: checking for catalogs to be installed
configure:13361: result:  bg da de eo es fi fr ga hu id it ja ka ms nl pt_BR ro ru rw sr sv tr uk vi bg da de eo es fi fr ga hu id it ja ka ms nl pt_BR ro ru rw sr sv tr uk vi
configure:13408: checking for msgfmt
configure:13439: result: /usr/bin/msgfmt
configure:13448: checking for gmsgfmt
configure:13479: result: /usr/bin/msgfmt
configure:13519: checking for xgettext
configure:13550: result: /usr/bin/xgettext
configure:13590: checking for msgmerge
configure:13620: result: /usr/bin/msgmerge
configure:13657: checking whether to enable maintainer-specific portions of Makefiles
configure:13666: result: no
configure:13691: checking sys/gmon_out.h usability
configure:13691: arm-unknown-linux-gnueabihf-gcc -c -g -O2      conftest.c >&5
configure:13691: $? = 0
configure:13691: result: yes
configure:13691: checking sys/gmon_out.h presence
configure:13691: arm-unknown-linux-gnueabihf-gcc -E  conftest.c
configure:13691: $? = 0
configure:13691: result: yes
configure:13691: checking for sys/gmon_out.h
configure:13691: result: yes
configure:13702: checking for a known getopt prototype in unistd.h
configure:13718: arm-unknown-linux-gnueabihf-gcc -c -g -O2      conftest.c >&5
configure:13718: $? = 0
configure:13726: result: yes
configure:13735: checking for library containing fabs
configure:13766: arm-unknown-linux-gnueabihf-gcc -o conftest -g -O2        conftest.c -ldl  >&5
conftest.c:45:6: warning: conflicting types for built-in function 'fabs'; expected 'double(double)' [-Wbuiltin-declaration-mismatch]
   45 | char fabs ();
      |      ^~~~
conftest.c:1:1: note: 'fabs' is declared in header '<math.h>'
    1 | /* confdefs.h */
/home/dev/x-tools/arm-unknown-linux-gnueabihf/lib/gcc/arm-unknown-linux-gnueabihf/9.5.0/../../../../arm-unknown-linux-gnueabihf/bin/ld: /tmp/ccTVXU4i.o: in function `main':
/home/dev/Desktop/ClaraColour/python/crosstoolsng/binutils-2.42/gprof/conftest.c:49: undefined reference to `fabs'
collect2: error: ld returned 1 exit status
configure:13766: $? = 1
configure: failed program was:
| /* confdefs.h */
| #define PACKAGE_NAME "gprof"
| #define PACKAGE_TARNAME "gprof"
| #define PACKAGE_VERSION "2.42"
| #define PACKAGE_STRING "gprof 2.42"
| #define PACKAGE_BUGREPORT ""
| #define PACKAGE_URL ""
| #define PACKAGE "gprof"
| #define VERSION "2.42"
| #define STDC_HEADERS 1
| #define HAVE_SYS_TYPES_H 1
| #define HAVE_SYS_STAT_H 1
| #define HAVE_STDLIB_H 1
| #define HAVE_STRING_H 1
| #define HAVE_MEMORY_H 1
| #define HAVE_STRINGS_H 1
| #define HAVE_INTTYPES_H 1
| #define HAVE_STDINT_H 1
| #define HAVE_UNISTD_H 1
| #define __EXTENSIONS__ 1
| #define _ALL_SOURCE 1
| #define _GNU_SOURCE 1
| #define _POSIX_PTHREAD_SEMANTICS 1
| #define _TANDEM_SOURCE 1
| #define HAVE_DLFCN_H 1
| #define LT_OBJDIR ".libs/"
| #define HAVE_DLFCN_H 1
| #define _FILE_OFFSET_BITS 64
| #define HAVE_SYS_TIME_H 1
| #define HAVE_SETITIMER 1
| #define ENABLE_NLS 1
| #define HAVE_GETTEXT 1
| #define HAVE_DCGETTEXT 1
| #define ENABLE_NLS 1
| #define HAVE_SYS_GMON_OUT_H 1
| #define HAVE_DECL_GETOPT 1
| /* end confdefs.h.  */
| 
| /* Override any GCC internal prototype to avoid an error.
|    Use char because int might match the return type of a GCC
|    builtin and then its argument prototype would still apply.  */
| #ifdef __cplusplus
| extern "C"
| #endif
| char fabs ();
| int
| main ()
| {
| return fabs ();
|   ;
|   return 0;
| }
configure:13766: arm-unknown-linux-gnueabihf-gcc -o conftest -g -O2        conftest.c -lm  -ldl  >&5
conftest.c:45:6: warning: conflicting types for built-in function 'fabs'; expected 'double(double)' [-Wbuiltin-declaration-mismatch]
   45 | char fabs ();
      |      ^~~~
conftest.c:1:1: note: 'fabs' is declared in header '<math.h>'
    1 | /* confdefs.h */
configure:13766: $? = 0
configure:13783: result: -lm
configure:14027: updating cache ./config.cache
configure:14071: checking that generated files are newer than configure
configure:14077: result: done
configure:14108: creating ./config.status

## ---------------------- ##
## Running config.status. ##
## ---------------------- ##

This file was extended by gprof config.status 2.42, which was
generated by GNU Autoconf 2.69.  Invocation command line was

  CONFIG_FILES    = 
  CONFIG_HEADERS  = 
  CONFIG_LINKS    = 
  CONFIG_COMMANDS = 
  $ ./config.status 

on host

config.status:1133: creating Makefile
config.status:1133: creating po/Makefile.in
config.status:1133: creating gconfig.h
config.status:1362: executing depfiles commands
config.status:1362: executing libtool commands
config.status:1362: executing default-1 commands
config.status:1362: executing default-2 commands

## ---------------- ##
## Cache variables. ##
## ---------------- ##

ac_cv_build=x86_64-pc-linux-gnu
ac_cv_c_compiler_gnu=yes
ac_cv_env_CC_set=set
ac_cv_env_CC_value=arm-unknown-linux-gnueabihf-gcc
ac_cv_env_CFLAGS_set=set
ac_cv_env_CFLAGS_value='-g -O2    '
ac_cv_env_CPPFLAGS_set=
ac_cv_env_CPPFLAGS_value=
ac_cv_env_CPP_set=
ac_cv_env_CPP_value=
ac_cv_env_LDFLAGS_set=set
ac_cv_env_LDFLAGS_value=' '
ac_cv_env_LIBS_set=
ac_cv_env_LIBS_value=
ac_cv_env_build_alias_set=set
ac_cv_env_build_alias_value=x86_64-pc-linux-gnu
ac_cv_env_host_alias_set=set
ac_cv_env_host_alias_value=arm-unknown-linux-gnueabihf
ac_cv_env_target_alias_set=set
ac_cv_env_target_alias_value=arm-unknown-linux-gnueabihf
ac_cv_func_setitimer=yes
ac_cv_header_dlfcn_h=yes
ac_cv_header_inttypes_h=yes
ac_cv_header_memory_h=yes
ac_cv_header_minix_config_h=no
ac_cv_header_stdc=yes
ac_cv_header_stdint_h=yes
ac_cv_header_stdlib_h=yes
ac_cv_header_string_h=yes
ac_cv_header_strings_h=yes
ac_cv_header_sys_gmon_out_h=yes
ac_cv_header_sys_stat_h=yes
ac_cv_header_sys_time_h=yes
ac_cv_header_sys_types_h=yes
ac_cv_header_unistd_h=yes
ac_cv_header_windows_h=no
ac_cv_host=arm-unknown-linux-gnueabihf
ac_cv_objext=o
ac_cv_path_EGREP='/usr/bin/grep -E'
ac_cv_path_FGREP='/usr/bin/grep -F'
ac_cv_path_GMSGFMT=/usr/bin/msgfmt
ac_cv_path_GREP=/usr/bin/grep
ac_cv_path_MSGFMT=/usr/bin/msgfmt
ac_cv_path_MSGMERGE=/usr/bin/msgmerge
ac_cv_path_SED=/usr/bin/sed
ac_cv_path_XGETTEXT=/usr/bin/xgettext
ac_cv_path_mkdir=/usr/bin/mkdir
ac_cv_prog_AR='arm-unknown-linux-gnueabihf-ar '
ac_cv_prog_AWK=gawk
ac_cv_prog_CC=arm-unknown-linux-gnueabihf-gcc
ac_cv_prog_CPP='arm-unknown-linux-gnueabihf-gcc -E'
ac_cv_prog_OBJDUMP=arm-unknown-linux-gnueabihf-objdump
ac_cv_prog_RANLIB='arm-unknown-linux-gnueabihf-ranlib '
ac_cv_prog_STRIP=arm-unknown-linux-gnueabihf-strip
ac_cv_prog_cc_c89=
ac_cv_prog_cc_g=yes
ac_cv_prog_make_make_set=yes
ac_cv_safe_to_define___extensions__=yes
ac_cv_search_dlsym=-ldl
ac_cv_search_fabs=-lm
ac_cv_sys_file_offset_bits=64
ac_cv_sys_largefile_CC=no
ac_cv_target=arm-unknown-linux-gnueabihf
acl_cv_hardcode_direct=no
acl_cv_hardcode_libdir_flag_spec='${wl}-rpath ${wl}$libdir'
acl_cv_hardcode_libdir_separator=
acl_cv_hardcode_minus_L=no
acl_cv_libext=a
acl_cv_path_LD=/home/dev/x-tools/arm-unknown-linux-gnueabihf/lib/gcc/arm-unknown-linux-gnueabihf/9.5.0/../../../../arm-unknown-linux-gnueabihf/bin/ld
acl_cv_prog_gnu_ld=yes
acl_cv_rpath=done
acl_cv_shlibext=so
acl_cv_wl=-Wl,
am_cv_CC_dependencies_compiler_type=gcc3
am_cv_make_support_nested_variables=yes
am_cv_prog_cc_c_o=yes
gprof_cv_decl_getopt_unistd_h=yes
gt_cv_func_CFLocaleCopyPreferredLanguages=no
gt_cv_func_CFPreferencesCopyAppValue=no
gt_cv_func_gnugettext1_libc=yes
lt_cv_deplibs_check_method=pass_all
lt_cv_file_magic_cmd='$MAGIC_CMD'
lt_cv_file_magic_test_file=
lt_cv_ld_reload_flag=-r
lt_cv_nm_interface='BSD nm'
lt_cv_objdir=.libs
lt_cv_path_LD=/home/dev/x-tools/arm-unknown-linux-gnueabihf/lib/gcc/arm-unknown-linux-gnueabihf/9.5.0/../../../../arm-unknown-linux-gnueabihf/bin/ld
lt_cv_path_NM='/home/dev/x-tools/arm-unknown-linux-gnueabihf/bin/arm-unknown-linux-gnueabihf-nm -B'
lt_cv_prog_compiler_c_o=yes
lt_cv_prog_compiler_pic_works=yes
lt_cv_prog_compiler_rtti_exceptions=no
lt_cv_prog_compiler_static_works=yes
lt_cv_prog_gnu_ld=yes
lt_cv_shlibpath_overrides_runpath=no
lt_cv_sys_global_symbol_pipe='sed -n -e '\''s/^.*[	 ]\([ABCDGIRSTW][ABCDGIRSTW]*\)[	 ][	 ]*\([_A-Za-z][_A-Za-z0-9]*\)$/\1 \2 \2/p'\'''
lt_cv_sys_global_symbol_to_c_name_address='sed -n -e '\''s/^: \([^ ]*\) $/  {\"\1\", (void *) 0},/p'\'' -e '\''s/^[ABCDGIRSTW]* \([^ ]*\) \([^ ]*\)$/  {"\2", (void *) \&\2},/p'\'''
lt_cv_sys_global_symbol_to_c_name_address_lib_prefix='sed -n -e '\''s/^: \([^ ]*\) $/  {\"\1\", (void *) 0},/p'\'' -e '\''s/^[ABCDGIRSTW]* \([^ ]*\) \(lib[^ ]*\)$/  {"\2", (void *) \&\2},/p'\'' -e '\''s/^[ABCDGIRSTW]* \([^ ]*\) \([^ ]*\)$/  {"lib\2", (void *) \&\2},/p'\'''
lt_cv_sys_global_symbol_to_cdecl='sed -n -e '\''s/^T .* \(.*\)$/extern int \1();/p'\'' -e '\''s/^[ABCDGIRSTW]* .* \(.*\)$/extern char \1;/p'\'''
lt_cv_sys_max_cmd_len=1572864

## ----------------- ##
## Output variables. ##
## ----------------- ##

ACLOCAL='${SHELL} /home/dev/Desktop/ClaraColour/python/crosstoolsng/binutils-2.42/missing aclocal-1.15'
AMDEPBACKSLASH='\'
AMDEP_FALSE='#'
AMDEP_TRUE=''
AMTAR='$${TAR-tar}'
AM_BACKSLASH='\'
AM_DEFAULT_V='$(AM_DEFAULT_VERBOSITY)'
AM_DEFAULT_VERBOSITY='0'
AM_V='$(V)'
AR='arm-unknown-linux-gnueabihf-ar '
AUTOCONF='${SHELL} /home/dev/Desktop/ClaraColour/python/crosstoolsng/binutils-2.42/missing autoconf'
AUTOHEADER='${SHELL} /home/dev/Desktop/ClaraColour/python/crosstoolsng/binutils-2.42/missing autoheader'
AUTOMAKE='${SHELL} /home/dev/Desktop/ClaraColour/python/crosstoolsng/binutils-2.42/missing automake-1.15'
AWK='gawk'
CATALOGS=' bg.gmo da.gmo de.gmo eo.gmo es.gmo fi.gmo fr.gmo ga.gmo hu.gmo id.gmo it.gmo ja.gmo ka.gmo ms.gmo nl.gmo pt_BR.gmo ro.gmo ru.gmo rw.gmo sr.gmo sv.gmo tr.gmo uk.gmo vi.gmo bg.gmo da.gmo de.gmo eo.gmo es.gmo fi.gmo fr.gmo ga.gmo hu.gmo id.gmo it.gmo ja.gmo ka.gmo ms.gmo nl.gmo pt_BR.gmo ro.gmo ru.gmo rw.gmo sr.gmo sv.gmo tr.gmo uk.gmo vi.gmo'
CATOBJEXT='.gmo'
CC='arm-unknown-linux-gnueabihf-gcc'
CCDEPMODE='depmode=gcc3'
CFLAGS='-g -O2    '
CPP='arm-unknown-linux-gnueabihf-gcc -E'
CPPFLAGS=''
CYGPATH_W='echo'
DATADIRNAME='share'
DEFS='-DHAVE_CONFIG_H'
DEPDIR='.deps'
DSYMUTIL='arm-unknown-linux-gnueabihf-dsymutil'
DUMPBIN=''
ECHO_C=''
ECHO_N='-n'
ECHO_T=''
EGREP='/usr/bin/grep -E'
EXEEXT=''
FGREP='/usr/bin/grep -F'
GENCAT='gencat'
GENINSRC_NEVER_FALSE=''
GENINSRC_NEVER_TRUE='#'
GMSGFMT='/usr/bin/msgfmt'
GREP='/usr/bin/grep'
INCINTL=''
INSTALL_DATA='/usr/bin/install -c -m 644'
INSTALL_PROGRAM='/usr/bin/install -c'
INSTALL_SCRIPT='/usr/bin/install -c'
INSTALL_STRIP_PROGRAM='$(install_sh) -c -s'
INSTOBJEXT='.mo'
INTLLIBS=''
INTL_MACOSX_LIBS=''
LARGEFILE_CPPFLAGS=''
LD='/home/dev/x-tools/arm-unknown-linux-gnueabihf/lib/gcc/arm-unknown-linux-gnueabihf/9.5.0/../../../../arm-unknown-linux-gnueabihf/bin/ld'
LDFLAGS=' '
LIBICONV='-liconv'
LIBINTL=''
LIBINTL_DEP=''
LIBOBJS=''
LIBS='-lm -ldl '
LIBTOOL='$(SHELL) $(top_builddir)/libtool'
LIPO=''
LN_S='ln -s'
LTLIBICONV='-liconv'
LTLIBINTL=''
LTLIBOBJS=''
MAINT='#'
MAINTAINER_MODE_FALSE=''
MAINTAINER_MODE_TRUE='#'
MAKEINFO='makeinfo --split-size=5000000'
MKDIR_P='/usr/bin/mkdir -p'
MKINSTALLDIRS='$(top_builddir)/./../mkinstalldirs'
MSGFMT='/usr/bin/msgfmt'
MSGMERGE='/usr/bin/msgmerge'
NM='/home/dev/x-tools/arm-unknown-linux-gnueabihf/bin/arm-unknown-linux-gnueabihf-nm -B'
NMEDIT=''
NO_WERROR=''
OBJDUMP='arm-unknown-linux-gnueabihf-objdump'
OBJEXT='o'
OTOOL64=''
OTOOL='arm-unknown-linux-gnueabihf-otool'
PACKAGE='gprof'
PACKAGE_BUGREPORT=''
PACKAGE_NAME='gprof'
PACKAGE_STRING='gprof 2.42'
PACKAGE_TARNAME='gprof'
PACKAGE_URL=''
PACKAGE_VERSION='2.42'
PATH_SEPARATOR=':'
POSUB='po'
RANLIB='arm-unknown-linux-gnueabihf-ranlib  --plugin /home/dev/x-tools/arm-unknown-linux-gnueabihf/libexec/gcc/arm-unknown-linux-gnueabihf/9.5.0/liblto_plugin.so'
SED='/usr/bin/sed'
SET_MAKE=''
SHELL='/bin/bash'
STRIP='arm-unknown-linux-gnueabihf-strip'
USE_NLS='yes'
VERSION='2.42'
WARN_CFLAGS='-W -Wall -Wstrict-prototypes -Wmissing-prototypes -Wshadow -Wstack-usage=262144'
WARN_CFLAGS_FOR_BUILD='-W -Wall -Wstrict-prototypes -Wmissing-prototypes -Wshadow -Wstack-usage=262144'
WARN_WRITE_STRINGS='-Wwrite-strings'
XGETTEXT='/usr/bin/xgettext'
ac_ct_CC=''
ac_ct_DUMPBIN=''
am__EXEEXT_FALSE=''
am__EXEEXT_TRUE='#'
am__fastdepCC_FALSE='#'
am__fastdepCC_TRUE=''
am__include='include'
am__isrc=''
am__leading_dot='.'
am__nodep='_no'
am__quote=''
am__tar='$${TAR-tar} chof - "$$tardir"'
am__untar='$${TAR-tar} xf -'
bindir='${exec_prefix}/bin'
build='x86_64-pc-linux-gnu'
build_alias='x86_64-pc-linux-gnu'
build_cpu='x86_64'
build_os='linux-gnu'
build_vendor='pc'
datadir='${datarootdir}'
datarootdir='${prefix}/share'
docdir='${datarootdir}/doc/${PACKAGE_TARNAME}'
dvidir='${docdir}'
exec_prefix='${prefix}'
host='arm-unknown-linux-gnueabihf'
host_alias='arm-unknown-linux-gnueabihf'
host_cpu='arm'
host_os='linux-gnueabihf'
host_vendor='unknown'
htmldir='${docdir}'
includedir='${prefix}/include'
infodir='${datarootdir}/info'
install_sh='${SHELL} /home/dev/Desktop/ClaraColour/python/crosstoolsng/binutils-2.42/install-sh'
libdir='${exec_prefix}/lib'
libexecdir='${exec_prefix}/libexec'
localedir='${datarootdir}/locale'
localstatedir='${prefix}/var'
mandir='${datarootdir}/man'
mkdir_p='$(MKDIR_P)'
oldincludedir='/usr/include'
pdfdir='${docdir}'
prefix='/home/dev/x-tools/arm-unknown-linux-gnueabihf'
program_transform_name='s,y,y,'
psdir='${docdir}'
sbindir='${exec_prefix}/sbin'
sharedstatedir='${prefix}/com'
sysconfdir='${prefix}/etc'
target='arm-unknown-linux-gnueabihf'
target_alias='arm-unknown-linux-gnueabihf'
target_cpu='arm'
target_os='linux-gnueabihf'
target_vendor='unknown'

## ----------- ##
## confdefs.h. ##
## ----------- ##

/* confdefs.h */
#define PACKAGE_NAME "gprof"
#define PACKAGE_TARNAME "gprof"
#define PACKAGE_VERSION "2.42"
#define PACKAGE_STRING "gprof 2.42"
#define PACKAGE_BUGREPORT ""
#define PACKAGE_URL ""
#define PACKAGE "gprof"
#define VERSION "2.42"
#define STDC_HEADERS 1
#define HAVE_SYS_TYPES_H 1
#define HAVE_SYS_STAT_H 1
#define HAVE_STDLIB_H 1
#define HAVE_STRING_H 1
#define HAVE_MEMORY_H 1
#define HAVE_STRINGS_H 1
#define HAVE_INTTYPES_H 1
#define HAVE_STDINT_H 1
#define HAVE_UNISTD_H 1
#define __EXTENSIONS__ 1
#define _ALL_SOURCE 1
#define _GNU_SOURCE 1
#define _POSIX_PTHREAD_SEMANTICS 1
#define _TANDEM_SOURCE 1
#define HAVE_DLFCN_H 1
#define LT_OBJDIR ".libs/"
#define HAVE_DLFCN_H 1
#define _FILE_OFFSET_BITS 64
#define HAVE_SYS_TIME_H 1
#define HAVE_SETITIMER 1
#define ENABLE_NLS 1
#define HAVE_GETTEXT 1
#define HAVE_DCGETTEXT 1
#define ENABLE_NLS 1
#define HAVE_SYS_GMON_OUT_H 1
#define HAVE_DECL_GETOPT 1

configure: exit 0
